Component: ARM Compiler 5.06 update 6 (build 750) Tool: armlink [4d35ed]

==============================================================================

Section Cross References

    main.o(i.main) refers to _printf_percent.o(.ARM.Collect$$_printf_percent$$00000000) for _printf_percent
    main.o(i.main) refers to _printf_d.o(.ARM.Collect$$_printf_percent$$00000009) for _printf_d
    main.o(i.main) refers to _printf_dec.o(.text) for _printf_int_dec
    main.o(i.main) refers to main.o(i.sys_init) for sys_init
    main.o(i.main) refers to view.o(i.View_init) for View_init
    main.o(i.main) refers to lcd.o(i.LCD_ShowString) for LCD_ShowString
    main.o(i.main) refers to noretval__2printf.o(.text) for __2printf
    main.o(i.main) refers to led_driver.o(i.LED_test) for LED_test
    main.o(i.main) refers to clk_timer.o(i.polling) for polling
    main.o(i.sys_init) refers to clk_timer.o(i.HSE_SetSysClock) for HSE_SetSysClock
    main.o(i.sys_init) refers to clk_timer.o(i.SysTick_init) for SysTick_init
    main.o(i.sys_init) refers to usart.o(i.Debug_USART_Config) for Debug_USART_Config
    main.o(i.sys_init) refers to led_driver.o(i.LED_Init) for LED_Init
    main.o(i.sys_init) refers to keyboard_driver.o(i.key_init) for key_init
    main.o(i.sys_init) refers to head.o(i.my_head_init) for my_head_init
    main.o(i.sys_init) refers to lcd.o(i.LCD_Init) for LCD_Init
    main.o(i.sys_init) refers to rtc.o(i.rtc_init) for rtc_init
    main.o(i.sys_init) refers to sys.o(i.RNG_Init) for RNG_Init
    main.o(i.sys_init) refers to w25q16.o(i.W25QXX_Init) for W25QXX_Init
    main.o(i.sys_init) refers to main.o(i.task_init) for task_init
    main.o(i.task_init) refers to keyboard_driver.o(i.key_task_init) for key_task_init
    system_stm32f4xx.o(i.SystemCoreClockUpdate) refers to system_stm32f4xx.o(.data) for .data
    system_stm32f4xx.o(i.SystemInit) refers to system_stm32f4xx.o(i.SetSysClock) for SetSysClock
    startup_stm32f40_41xxx.o(STACK) refers (Special) to heapauxi.o(.text) for __use_two_region_memory
    startup_stm32f40_41xxx.o(HEAP) refers (Special) to heapauxi.o(.text) for __use_two_region_memory
    startup_stm32f40_41xxx.o(RESET) refers (Special) to heapauxi.o(.text) for __use_two_region_memory
    startup_stm32f40_41xxx.o(RESET) refers to startup_stm32f40_41xxx.o(STACK) for __initial_sp
    startup_stm32f40_41xxx.o(RESET) refers to startup_stm32f40_41xxx.o(.text) for Reset_Handler
    startup_stm32f40_41xxx.o(RESET) refers to stm32f4xx_it.o(i.NMI_Handler) for NMI_Handler
    startup_stm32f40_41xxx.o(RESET) refers to stm32f4xx_it.o(i.HardFault_Handler) for HardFault_Handler
    startup_stm32f40_41xxx.o(RESET) refers to stm32f4xx_it.o(i.MemManage_Handler) for MemManage_Handler
    startup_stm32f40_41xxx.o(RESET) refers to stm32f4xx_it.o(i.BusFault_Handler) for BusFault_Handler
    startup_stm32f40_41xxx.o(RESET) refers to stm32f4xx_it.o(i.UsageFault_Handler) for UsageFault_Handler
    startup_stm32f40_41xxx.o(RESET) refers to stm32f4xx_it.o(i.SVC_Handler) for SVC_Handler
    startup_stm32f40_41xxx.o(RESET) refers to stm32f4xx_it.o(i.DebugMon_Handler) for DebugMon_Handler
    startup_stm32f40_41xxx.o(RESET) refers to stm32f4xx_it.o(i.PendSV_Handler) for PendSV_Handler
    startup_stm32f40_41xxx.o(RESET) refers to clk_timer.o(i.SysTick_Handler) for SysTick_Handler
    startup_stm32f40_41xxx.o(RESET) refers to wwdg.o(i.WWDG_IRQHandler) for WWDG_IRQHandler
    startup_stm32f40_41xxx.o(RESET) refers to rtc.o(i.RTC_WKUP_IRQHandler) for RTC_WKUP_IRQHandler
    startup_stm32f40_41xxx.o(RESET) refers to gpio.o(i.EXTI0_IRQHandler) for EXTI0_IRQHandler
    startup_stm32f40_41xxx.o(RESET) refers to usart.o(i.USART1_IRQHandler) for USART1_IRQHandler
    startup_stm32f40_41xxx.o(RESET) refers to rtc.o(i.RTC_Alarm_IRQHandler) for RTC_Alarm_IRQHandler
    startup_stm32f40_41xxx.o(RESET) refers to sdio_sdcard.o(i.SDIO_IRQHandler) for SDIO_IRQHandler
    startup_stm32f40_41xxx.o(.text) refers (Special) to heapauxi.o(.text) for __use_two_region_memory
    startup_stm32f40_41xxx.o(.text) refers to system_stm32f4xx.o(i.SystemInit) for SystemInit
    startup_stm32f40_41xxx.o(.text) refers to __main.o(!!!main) for __main
    startup_stm32f40_41xxx.o(.text) refers to startup_stm32f40_41xxx.o(HEAP) for Heap_Mem
    startup_stm32f40_41xxx.o(.text) refers to startup_stm32f40_41xxx.o(STACK) for Stack_Mem
    stm32f4xx_fsmc.o(i.FSMC_NORSRAMStructInit) refers to stm32f4xx_fsmc.o(.constdata) for .constdata
    stm32f4xx_gpio.o(i.GPIO_DeInit) refers to stm32f4xx_rcc.o(i.RCC_AHB1PeriphResetCmd) for RCC_AHB1PeriphResetCmd
    stm32f4xx_pwr.o(i.PWR_DeInit) refers to stm32f4xx_rcc.o(i.RCC_APB1PeriphResetCmd) for RCC_APB1PeriphResetCmd
    stm32f4xx_rcc.o(i.RCC_GetClocksFreq) refers to stm32f4xx_rcc.o(.data) for .data
    stm32f4xx_rcc.o(i.RCC_WaitForHSEStartUp) refers to stm32f4xx_rcc.o(i.RCC_GetFlagStatus) for RCC_GetFlagStatus
    stm32f4xx_rng.o(i.RNG_DeInit) refers to stm32f4xx_rcc.o(i.RCC_AHB2PeriphResetCmd) for RCC_AHB2PeriphResetCmd
[...]
    i.delay_us                               0x0800266c   Section        0  clk_timer.o(i.delay_us)
    i.flash_spi_init                         0x08002678   Section        0  spi.o(i.flash_spi_init)
    i.fputc                                  0x0800273c   Section        0  usart.o(i.fputc)
    i.get_mon_buf                            0x08002750   Section        0  usart.o(i.get_mon_buf)
    i.get_time                               0x0800276c   Section        0  rtc.o(i.get_time)
    i.gpio_init                              0x080027ac   Section        0  gpio.o(i.gpio_init)
    i.gpio_out                               0x08002814   Section        0  gpio.o(i.gpio_out)
    i.home_show                              0x08002820   Section        0  homeview.o(i.home_show)
    i.insert_execute                         0x0800288c   Section        0  clk_timer.o(i.insert_execute)
    i.insert_task                            0x08002894   Section        0  clk_timer.o(i.insert_task)
    i.insert_task_list                       0x08002900   Section        0  clk_timer.o(i.insert_task_list)
    i.insert_task_tail                       0x0800299c   Section        0  clk_timer.o(i.insert_task_tail)
    i.io_interrupt_init                      0x080029b8   Section        0  gpio.o(i.io_interrupt_init)
    i.key0_task                              0x080029f4   Section        0  keyboard_driver.o(i.key0_task)
    i.key1_task                              0x08002a7c   Section        0  keyboard_driver.o(i.key1_task)
    i.key_init                               0x08002b04   Section        0  keyboard_driver.o(i.key_init)
    i.key_task_init                          0x08002b48   Section        0  keyboard_driver.o(i.key_task_init)
    i.lcd_soft_init                          0x08002b60   Section        0  lcd.o(i.lcd_soft_init)
    i.main                                   0x08003c0c   Section        0  main.o(i.main)
    i.mon_flag_rw                            0x08003c68   Section        0  usart.o(i.mon_flag_rw)
    i.ms_10                                  0x08003c78   Section        0  clk_timer.o(i.ms_10)
    i.ms_100                                 0x08003c90   Section        0  clk_timer.o(i.ms_100)
    i.my_free                                0x08003ca8   Section        0  head.o(i.my_free)
    i.my_head_init                           0x08003d38   Section        0  head.o(i.my_head_init)
    i.my_malloc                              0x08003d74   Section        0  head.o(i.my_malloc)
    i.polling                                0x08003df0   Section        0  clk_timer.o(i.polling)
    i.reset_data                             0x08003e24   Section        0  usart.o(i.reset_data)
    i.reset_mon_buf                          0x08003e30   Section        0  usart.o(i.reset_mon_buf)
    i.rtc_init                               0x08003e3c   Section        0  rtc.o(i.rtc_init)
    i.search_arg                             0x08003ec4   Section        0  mon.o(i.search_arg)
    i.search_command                         0x08003f2c   Section        0  mon.o(i.search_command)
    i.search_len                             0x08003f6c   Section        0  mon.o(i.search_len)
    i.send_touch                             0x08003f8c   Section        0  mon.o(i.send_touch)
    i.sys_init                               0x08003fd0   Section        0  main.o(i.sys_init)
    i.task_init                              0x0800400c   Section        0  main.o(i.task_init)
    i.timer_test                             0x08004010   Section        0  mon.o(i.timer_test)
    i.timer_test_func                        0x08004080   Section        0  mon.o(i.timer_test_func)
    i.to_int                                 0x080040a0   Section        0  mon.o(i.to_int)
    x$fpl$fpinit                             0x080040f4   Section       10  fpinit.o(x$fpl$fpinit)
    $v0                                      0x080040f4   Number         0  fpinit.o(x$fpl$fpinit)
    .constdata                               0x080040fe   Section     6080  lcd.o(.constdata)
    .constdata                               0x080058c0   Section       32  homeview.o(.constdata)
    touch_xy                                 0x080058c0   Data          32  homeview.o(.constdata)
    .constdata                               0x080058e0   Section       16  popout.o(.constdata)
    touch_xy                                 0x080058e0   Data          16  popout.o(.constdata)
    .constdata                               0x080058f0   Section       32  setupview.o(.constdata)
    touch_xy                                 0x080058f0   Data          32  setupview.o(.constdata)
    .constdata                               0x08005910   Section       12  view.o(.constdata)
    view_table                               0x08005910   Data          12  view.o(.constdata)
    .constdata                               0x0800591c   Section       40  _printf_hex_int.o(.constdata)
    uc_hextab                                0x0800591c   Data          20  _printf_hex_int.o(.constdata)
    lc_hextab                                0x08005930   Data          20  _printf_hex_int.o(.constdata)
    .conststring                             0x08005944   Section       31  mon.o(.conststring)
    .data                                    0x20000000   Section       20  system_stm32f4xx.o(.data)
    .data                                    0x20000014   Section       16  stm32f4xx_rcc.o(.data)
    APBAHBPrescTable                         0x20000014   Data          16  stm32f4xx_rcc.o(.data)
    .data                                    0x20000024   Section       44  clk_timer.o(.data)
    ms_tick                                  0x20000024   Data           4  clk_timer.o(.data)
    flag_10ms                                0x20000028   Data           4  clk_timer.o(.data)
    flag_100ms                               0x2000002c   Data           4  clk_timer.o(.data)
    .data                                    0x20000050   Section        8  gpio.o(.data)
    keyup_status                             0x20000050   Data           1  gpio.o(.data)
    IRQ_flag                                 0x20000054   Data           4  gpio.o(.data)
    .data                                    0x20000058   Section       68  head.o(.data)
    .data                                    0x2000009c   Section       16  head.o(.data)
    .data                                    0x200000ac   Section        4  usart.o(.data)
    .data                                    0x200000b0   Section       16  sdio_sdcard.o(.data)
    CardType                                 0x200000b0   Data           1  sdio_sdcard.o(.data)
    DeviceMode                               0x200000b1   Data           1  sdio_sdcard.o(.data)
    StopCondition                            0x200000b2   Data           1  sdio_sdcard.o(.data)
    RCA                                      0x200000b4   Data           4  sdio_sdcard.o(.data)
    .data                                    0x200000c0   Section       48  keyboard_driver.o(.data)
    .data                                    0x200000f0   Section       44  mon.o(.data)
    .data                                    0x2000011c   Section        2  w25q16.o(.data)
    .data                                    0x2000011e   Section        4  lcd.o(.data)
    .data                                    0x20000124   Section        8  view.o(.data)
    .bss                                     0x2000012c   Section       32  clk_timer.o(.bss)
    .bss                                     0x2000014c   Section       24  gpio.o(.bss)
    .bss                                     0x20000164   Section     2988  head.o(.bss)
    .bss                                     0x20000d10   Section       72  usart.o(.bss)
    debug                                    0x20000d10   Data          34  usart.o(.bss)
    monitor                                  0x20000d34   Data          36  usart.o(.bss)
    .bss                                     0x20000d58   Section      704  sdio_sdcard.o(.bss)
    CSD_Tab                                  0x20000d9c   Data          16  sdio_sdcard.o(.bss)
    CID_Tab                                  0x20000dac   Data          16  sdio_sdcard.o(.bss)
    .bss                                     0x20001018   Section       14  lcd.o(.bss)
    .bss                                     0x20001028   Section       12  view.o(.bss)
    .bss                                     0x20001034   Section       96  libspace.o(.bss)
    HEAP                                     0x20001098   Section      512  startup_stm32f40_41xxx.o(HEAP)
    Heap_Mem                                 0x20001098   Data         512  startup_stm32f40_41xxx.o(HEAP)
    STACK                                    0x20001298   Section     1024  startup_stm32f40_41xxx.o(STACK)
    Stack_Mem                                0x20001298   Data        1024  startup_stm32f40_41xxx.o(STACK)
    __initial_sp                             0x20001698   Data           0  startup_stm32f40_41xxx.o(STACK)

    Global Symbols

    Symbol Name                              Value     Ov Type        Size  Object(Section)

    BuildAttributes$$THM_ISAv4$E$P$D$K$B$S$7EM$VFPi3$EXTD16$VFPS$VFMA$PE$A:L22UL41UL21$X:L11$S22US41US21$IEEE1$IW$USESV6$~STKCKD$USESV7$ENUMINT$~SHL$OSPACE$ROPI$EBA8$UX$STANDARDLIB$REQ8$PRES8$EABIv2 0x00000000   Number         0  anon$$obj.o ABSOLUTE
    __ARM_use_no_argv                        0x00000000   Number         0  main.o ABSOLUTE
    __ARM_exceptions_init                     - Undefined Weak Reference
    __alloca_initialize                       - Undefined Weak Reference
    __arm_preinit_                            - Undefined Weak Reference
    __cpp_initialize__aeabi_                  - Undefined Weak Reference
    __cxa_finalize                            - Undefined Weak Reference
    __rt_locale                               - Undefined Weak Reference
    __sigvec_lookup                           - Undefined Weak Reference
    _atexit_init                              - Undefined Weak Reference
    _call_atexit_fns                          - Undefined Weak Reference
    _clock_init                               - Undefined Weak Reference
    _fp_trap_init                             - Undefined Weak Reference
    _fp_trap_shutdown                         - Undefined Weak Reference
    _get_lc_collate                           - Undefined Weak Reference
    _get_lc_ctype                             - Undefined Weak Reference
    _get_lc_monetary                          - Undefined Weak Reference
    _get_lc_numeric                           - Undefined Weak Reference
    _get_lc_time                              - Undefined Weak Reference
    _getenv_init                              - Undefined Weak Reference
    _handle_redirection                       - Undefined Weak Reference
    _init_alloc                               - Undefined Weak Reference
    _init_user_alloc                          - Undefined Weak Reference
    _initio                                   - Undefined Weak Reference
    _mutex_acquire                            - Undefined Weak Reference
    _mutex_release                            - Undefined Weak Reference
    _printf_mbtowc                            - Undefined Weak Reference
    _printf_post_padding                      - Undefined Weak Reference
    _printf_pre_padding                       - Undefined Weak Reference
    _printf_truncate_signed                   - Undefined Weak Reference
    _printf_truncate_unsigned                 - Undefined Weak Reference
    _rand_init                                - Undefined Weak Reference
    _signal_finish                            - Undefined Weak Reference
    _signal_init                              - Undefined Weak Reference
    _terminate_alloc                          - Undefined Weak Reference
    _terminate_user_alloc                     - Undefined Weak Reference
    _terminateio                              - Undefined Weak Reference
    __Vectors_Size                           0x00000188   Number         0  startup_stm32f40_41xxx.o ABSOLUTE
    __Vectors                                0x08000000   Data           4  startup_stm32f40_41xxx.o(RESET)
    __Vectors_End                            0x08000188   Data           0  startup_stm32f40_41xxx.o(RESET)
    __main                                   0x08000189   Thumb Code     8  __main.o(!!!main)
    __scatterload                            0x08000191   Thumb Code     0  __scatter.o(!!!scatter)
    __scatterload_rt2                        0x08000191   Thumb Code    44  __scatter.o(!!!scatter)
    __scatterload_rt2_thumb_only             0x08000191   Thumb Code     0  __scatter.o(!!!scatter)
    __scatterload_null                       0x0800019f   Thumb Code     0  __scatter.o(!!!scatter)
    __decompress                             0x080001c5   Thumb Code    90  __dczerorl2.o(!!dczerorl2)
    __decompress1                            0x080001c5   Thumb Code     0  __dczerorl2.o(!!dczerorl2)
    __scatterload_zeroinit                   0x08000221   Thumb Code    28  __scatter_zi.o(!!handler_zi)
    _printf_d                                0x0800023d   Thumb Code     0  _printf_d.o(.ARM.Collect$$_printf_percent$$00000009)
    _printf_percent                          0x0800023d   Thumb Code     0  _printf_percent.o(.ARM.Collect$$_printf_percent$$00000000)
    _printf_x                                0x08000243   Thumb Code     0  _printf_x.o(.ARM.Collect$$_printf_percent$$0000000C)
    _printf_s                                0x08000249   Thumb Code     0  _printf_s.o(.ARM.Collect$$_printf_percent$$00000014)
    _printf_percent_end                      0x0800024f   Thumb Code     0  _printf_percent_end.o(.ARM.Collect$$_printf_percent$$00000017)
    __rt_lib_init                            0x08000253   Thumb Code     0  libinit.o(.ARM.Collect$$libinit$$00000000)
    __rt_lib_init_fp_1                       0x08000255   Thumb Code     0  libinit2.o(.ARM.Collect$$libinit$$00000001)
    __rt_lib_init_alloca_1                   0x08000259   Thumb Code     0  libinit2.o(.ARM.Collect$$libinit$$0000002E)
    __rt_lib_init_argv_1                     0x08000259   Thumb Code     0  libinit2.o(.ARM.Collect$$libinit$$0000002C)
    __rt_lib_init_atexit_1                   0x08000259   Thumb Code     0  libinit2.o(.ARM.Collect$$libinit$$0000001B)
    __rt_lib_init_clock_1                    0x08000259   Thumb Code     0  libinit2.o(.ARM.Collect$$libinit$$00000021)
    __rt_lib_init_cpp_1                      0x08000259   Thumb Code     0  libinit2.o(.ARM.Collect$$libinit$$00000032)
    __rt_lib_init_exceptions_1               0x08000259   Thumb Code     0  libinit2.o(.ARM.Collect$$libinit$$00000030)
    __rt_lib_init_fp_trap_1                  0x08000259   Thumb Code     0  libinit2.o(.ARM.Collect$$libinit$$0000001F)
    __rt_lib_init_getenv_1                   0x08000259   Thumb Code     0  libinit2.o(.ARM.Collect$$libinit$$00000023)
    __rt_lib_init_heap_1                     0x08000259   Thumb Code     0  libinit2.o(.ARM.Collect$$libinit$$0000000A)
    __rt_lib_init_lc_collate_1               0x08000259   Thumb Code     0  libinit2.o(.ARM.Collect$$libinit$$00000011)
    __rt_lib_init_lc_ctype_1                 0x08000259   Thumb Code     0  libinit2.o(.ARM.Collect$$libinit$$00000013)
    __rt_lib_init_lc_monetary_1              0x08000259   Thumb Code     0  libinit2.o(.ARM.Collect$$libinit$$00000015)
    __rt_lib_init_lc_numeric_1               0x08000259   Thumb Code     0  libinit2.o(.ARM.Collect$$libinit$$00000017)
    __rt_lib_init_lc_time_1                  0x08000259   Thumb Code     0  libinit2.o(.ARM.Collect$$libinit$$00000019)
    __rt_lib_init_preinit_1                  0x08000259   Thumb Code     0  libinit2.o(.ARM.Collect$$libinit$$00000004)
    __rt_lib_init_rand_1                     0x08000259   Thumb Code     0  libinit2.o(.ARM.Collect$$libinit$$0000000E)
    __rt_lib_init_return                     0x08000259   Thumb Code     0  libinit2.o(.ARM.Collect$$libinit$$00000033)
    __rt_lib_init_signal_1                   0x08000259   Thumb Code     0  libinit2.o(.ARM.Collect$$libinit$$0000001D)
    __rt_lib_init_stdio_1                    0x08000259   Thumb Code     0  libinit2.o(.ARM.Collect$$libinit$$00000025)
    __rt_lib_init_user_alloc_1               0x08000259   Thumb Code     0  libinit2.o(.ARM.Collect$$libinit$$0000000C)
    __rt_lib_shutdown                        0x0800025b   Thumb Code     0  libshutdown.o(.ARM.Collect$$libshutdown$$00000000)
    __rt_lib_shutdown_cpp_1                  0x0800025d   Thumb Code     0  libshutdown2.o(.ARM.Collect$$libshutdown$$00000002)
    __rt_lib_shutdown_fp_trap_1              0x0800025d   Thumb Code     0  libshutdown2.o(.ARM.Collect$$libshutdown$$00000007)
    __rt_lib_shutdown_heap_1                 0x0800025d   Thumb Code     0  libshutdown2.o(.ARM.Collect$$libshutdown$$0000000F)
    __rt_lib_shutdown_return                 0x0800025d   Thumb Code     0  libshutdown2.o(.ARM.Collect$$libshutdown$$00000010)
    __rt_lib_shutdown_signal_1               0x0800025d   Thumb Code     0  libshutdown2.o(.ARM.Collect$$libshutdown$$0000000A)
    __rt_lib_shutdown_stdio_1                0x0800025d   Thumb Code     0  libshutdown2.o(.ARM.Collect$$libshutdown$$00000004)
    __rt_lib_shutdown_user_alloc_1           0x0800025d   Thumb Code     0  libshutdown2.o(.ARM.Collect$$libshutdown$$0000000C)
    __rt_entry                               0x0800025f   Thumb Code     0  __rtentry.o(.ARM.Collect$$rtentry$$00000000)
    __rt_entry_presh_1                       0x0800025f   Thumb Code     0  __rtentry2.o(.ARM.Collect$$rtentry$$00000002)
    __rt_entry_sh                            0x0800025f   Thumb Code     0  __rtentry4.o(.ARM.Collect$$rtentry$$00000004)
    __rt_entry_li                            0x08000265   Thumb Code     0  __rtentry2.o(.ARM.Collect$$rtentry$$0000000A)
    __rt_entry_postsh_1                      0x08000265   Thumb Code     0  __rtentry2.o(.ARM.Collect$$rtentry$$00000009)
    __rt_entry_main                          0x08000269   Thumb Code     0  __rtentry2.o(.ARM.Collect$$rtentry$$0000000D)
    __rt_entry_postli_1                      0x08000269   Thumb Code     0  __rtentry2.o(.ARM.Collect$$rtentry$$0000000C)
    __rt_exit                                0x08000271   Thumb Code     0  rtexit.o(.ARM.Collect$$rtexit$$00000000)
    __rt_exit_ls                             0x08000273   Thumb Code     0  rtexit2.o(.ARM.Collect$$rtexit$$00000003)
    __rt_exit_prels_1                        0x08000273   Thumb Code     0  rtexit2.o(.ARM.Collect$$rtexit$$00000002)
    __rt_exit_exit                           0x08000277   Thumb Code     0  rtexit2.o(.ARM.Collect$$rtexit$$00000004)
    Reset_Handler                            0x0800027d   Thumb Code     8  startup_stm32f40_41xxx.o(.text)
    ADC_IRQHandler                           0x08000297   Thumb Code     0  startup_stm32f40_41xxx.o(.text)
    CAN1_RX0_IRQHandler                      0x08000297   Thumb Code     0  startup_stm32f40_41xxx.o(.text)
    CAN1_RX1_IRQHandler                      0x08000297   Thumb Code     0  startup_stm32f40_41xxx.o(.text)
    CAN1_SCE_IRQHandler                      0x08000297   Thumb Code     0  startup_stm32f40_41xxx.o(.text)
    CAN1_TX_IRQHandler                       0x08000297   Thumb Code     0  startup_stm32f40_41xxx.o(.text)
    CAN2_RX0_IRQHandler                      0x08000297   Thumb Code     0  startup_stm32f40_41xxx.o(.text)
    CAN2_RX1_IRQHandler                      0x08000297   Thumb Code     0  startup_stm32f40_41xxx.o(.text)
    CAN2_SCE_IRQHandler                      0x08000297   Thumb Code     0  startup_stm32f40_41xxx.o(.text)
    CAN2_TX_IRQHandler                       0x08000297   Thumb Code     0  startup_stm32f40_41xxx.o(.text)
    CRYP_IRQHandler                          0x08000297   Thumb Code     0  startup_stm32f40_41xxx.o(.text)
    DCMI_IRQHandler                          0x08000297   Thumb Code     0  startup_stm32f40_41xxx.o(.text)
    DMA1_Stream0_IRQHandler                  0x08000297   Thumb Code     0  startup_stm32f40_41xxx.o(.text)
    DMA1_Stream1_IRQHandler                  0x08000297   Thumb Code     0  startup_stm32f40_41xxx.o(.text)
    DMA1_Stream2_IRQHandler                  0x08000297   Thumb Code     0  startup_stm32f40_41xxx.o(.text)
    DMA1_Stream3_IRQHandler                  0x08000297   Thumb Code     0  startup_stm32f40_41xxx.o(.text)
    DMA1_Stream4_IRQHandler                  0x08000297   Thumb Code     0  startup_stm32f40_41xxx.o(.text)
    DMA1_Stream5_IRQHandler                  0x08000297   Thumb Code     0  startup_stm32f40_41xxx.o(.text)
    DMA1_Stream6_IRQHandler                  0x08000297   Thumb Code     0  startup_stm32f40_41xxx.o(.text)
    DMA1_Stream7_IRQHandler                  0x08000297   Thumb Code     0  startup_stm32f40_41xxx.o(.text)
    DMA2_Stream0_IRQHandler                  0x08000297   Thumb Code     0  startup_stm32f40_41xxx.o(.text)
    DMA2_Stream1_IRQHandler                  0x08000297   Thumb Code     0  startup_stm32f40_41xxx.o(.text)
    DMA2_Stream2_IRQHandler                  0x08000297   Thumb Code     0  startup_stm32f40_41xxx.o(.text)
    DMA2_Stream3_IRQHandler                  0x08000297   Thumb Code     0  startup_stm32f40_41xxx.o(.text)
    DMA2_Stream4_IRQHandler                  0x08000297   Thumb Code     0  startup_stm32f40_41xxx.o(.text)
    DMA2_Stream5_IRQHandler                  0x08000297   Thumb Code     0  startup_stm32f40_41xxx.o(.text)
    DMA2_Stream6_IRQHandler                  0x08000297   Thumb Code     0  startup_stm32f40_41xxx.o(.text)
    DMA2_Stream7_IRQHandler                  0x08000297   Thumb Code     0  startup_stm32f40_41xxx.o(.text)
    ETH_IRQHandler                           0x08000297   Thumb Code     0  startup_stm32f40_41xxx.o(.text)
    ETH_WKUP_IRQHandler                      0x08000297   Thumb Code     0  startup_stm32f40_41xxx.o(.text)
    EXTI15_10_IRQHandler                     0x08000297   Thumb Code     0  startup_stm32f40_41xxx.o(.text)
    EXTI1_IRQHandler                         0x08000297   Thumb Code     0  startup_stm32f40_41xxx.o(.text)
    EXTI2_IRQHandler                         0x08000297   Thumb Code     0  startup_stm32f40_41xxx.o(.text)
    EXTI3_IRQHandler                         0x08000297   Thumb Code     0  startup_stm32f40_41xxx.o(.text)
    EXTI4_IRQHandler                         0x08000297   Thumb Code     0  startup_stm32f40_41xxx.o(.text)
    EXTI9_5_IRQHandler                       0x08000297   Thumb Code     0  startup_stm32f40_41xxx.o(.text)
    FLASH_IRQHandler                         0x08000297   Thumb Code     0  startup_stm32f40_41xxx.o(.text)
    FPU_IRQHandler                           0x08000297   Thumb Code     0  startup_stm32f40_41xxx.o(.text)
    FSMC_IRQHandler                          0x08000297   Thumb Code     0  startup_stm32f40_41xxx.o(.text)
    HASH_RNG_IRQHandler                      0x08000297   Thumb Code     0  startup_stm32f40_41xxx.o(.text)
    I2C1_ER_IRQHandler                       0x08000297   Thumb Code     0  startup_stm32f40_41xxx.o(.text)
    I2C1_EV_IRQHandler                       0x08000297   Thumb Code     0  startup_stm32f40_41xxx.o(.text)
    I2C2_ER_IRQHandler                       0x08000297   Thumb Code     0  startup_stm32f40_41xxx.o(.text)
    I2C2_EV_IRQHandler                       0x08000297   Thumb Code     0  startup_stm32f40_41xxx.o(.text)
    I2C3_ER_IRQHandler                       0x08000297   Thumb Code     0  startup_stm32f40_41xxx.o(.text)
    I2C3_EV_IRQHandler                       0x08000297   Thumb Code     0  startup_stm32f40_41xxx.o(.text)
    OTG_FS_IRQHandler                        0x08000297   Thumb Code     0  startup_stm32f40_41xxx.o(.text)
    OTG_FS_WKUP_IRQHandler                   0x08000297   Thumb Code     0  startup_stm32f40_41xxx.o(.text)
    OTG_HS_EP1_IN_IRQHandler                 0x08000297   Thumb Code     0  startup_stm32f40_41xxx.o(.text)
    OTG_HS_EP1_OUT_IRQHandler                0x08000297   Thumb Code     0  startup_stm32f40_41xxx.o(.text)
    OTG_HS_IRQHandler                        0x08000297   Thumb Code     0  startup_stm32f40_41xxx.o(.text)
    OTG_HS_WKUP_IRQHandler                   0x08000297   Thumb Code     0  startup_stm32f40_41xxx.o(.text)
    PVD_IRQHandler                           0x08000297   Thumb Code     0  startup_stm32f40_41xxx.o(.text)
    RCC_IRQHandler                           0x08000297   Thumb Code     0  startup_stm32f40_41xxx.o(.text)
    SPI1_IRQHandler                          0x08000297   Thumb Code     0  startup_stm32f40_41xxx.o(.text)
    SPI2_IRQHandler                          0x08000297   Thumb Code     0  startup_stm32f40_41xxx.o(.text)
    SPI3_IRQHandler                          0x08000297   Thumb Code     0  startup_stm32f40_41xxx.o(.text)
    TAMP_STAMP_IRQHandler                    0x08000297   Thumb Code     0  startup_stm32f40_41xxx.o(.text)
    TIM1_BRK_TIM9_IRQHandler                 0x08000297   Thumb Code     0  startup_stm32f40_41xxx.o(.text)
    TIM1_CC_IRQHandler                       0x08000297   Thumb Code     0  startup_stm32f40_41xxx.o(.text)
    TIM1_TRG_COM_TIM11_IRQHandler            0x08000297   Thumb Code     0  startup_stm32f40_41xxx.o(.text)
    TIM1_UP_TIM10_IRQHandler                 0x08000297   Thumb Code     0  startup_stm32f40_41xxx.o(.text)
    TIM2_IRQHandler                          0x08000297   Thumb Code     0  startup_stm32f40_41xxx.o(.text)
    TIM3_IRQHandler                          0x08000297   Thumb Code     0  startup_stm32f40_41xxx.o(.text)
    TIM4_IRQHandler                          0x08000297   Thumb Code     0  startup_stm32f40_41xxx.o(.text)
    TIM5_IRQHandler                          0x08000297   Thumb Code     0  startup_stm32f40_41xxx.o(.text)
    TIM6_DAC_IRQHandler                      0x08000297   Thumb Code     0  startup_stm32f40_41xxx.o(.text)
    TIM7_IRQHandler                          0x08000297   Thumb Code     0  startup_stm32f40_41xxx.o(.text)
    TIM8_BRK_TIM12_IRQHandler                0x08000297   Thumb Code     0  startup_stm32f40_41xxx.o(.text)
    TIM8_CC_IRQHandler                       0x08000297   Thumb Code     0  startup_stm32f40_41xxx.o(.text)
    TIM8_TRG_COM_TIM14_IRQHandler            0x08000297   Thumb Code     0  startup_stm32f40_41xxx.o(.text)
    TIM8_UP_TIM13_IRQHandler                 0x08000297   Thumb Code     0  startup_stm32f40_41xxx.o(.text)
    UART4_IRQHandler                         0x08000297   Thumb Code     0  startup_stm32f40_41xxx.o(.text)
    UART5_IRQHandler                         0x08000297   Thumb Code     0  startup_stm32f40_41xxx.o(.text)
    USART2_IRQHandler                        0x08000297   Thumb Code     0  startup_stm32f40_41xxx.o(.text)
    USART3_IRQHandler                        0x08000297   Thumb Code     0  startup_stm32f40_41xxx.o(.text)
    USART6_IRQHandler                        0x08000297   Thumb Code     0  startup_stm32f40_41xxx.o(.text)
    __user_initial_stackheap                 0x08000299   Thumb Code     0  startup_stm32f40_41xxx.o(.text)
    __use_no_semihosting                     0x080002bd   Thumb Code     2  use_no_semi_2.o(.text)
    __2printf                                0x080002c1   Thumb Code    20  noretval__2printf.o(.text)
    __printf                                 0x080002d9   Thumb Code   104  __printf.o(.text)
    _printf_str                              0x08000341   Thumb Code    82  _printf_str.o(.text)
    _printf_int_dec                          0x08000395   Thumb Code   104  _printf_dec.o(.text)
    _printf_int_hex                          0x0800040d   Thumb Code    84  _printf_hex_int.o(.text)
    _printf_longlong_hex                     0x0800040d   Thumb Code     0  _printf_hex_int.o(.text)
    strlen                                   0x08000465   Thumb Code    62  strlen.o(.text)
    strncmp                                  0x080004a3   Thumb Code   150  strncmp.o(.text)
    __aeabi_memcpy                           0x08000539   Thumb Code     0  rt_memcpy_v6.o(.text)
    __rt_memcpy                              0x08000539   Thumb Code   138  rt_memcpy_v6.o(.text)
    _memcpy_lastbytes                        0x0800059f   Thumb Code     0  rt_memcpy_v6.o(.text)
    __aeabi_memclr                           0x080005c3   Thumb Code     0  rt_memclr.o(.text)
    __rt_memclr                              0x080005c3   Thumb Code    68  rt_memclr.o(.text)
    _memset                                  0x080005c7   Thumb Code     0  rt_memclr.o(.text)
    __aeabi_memclr4                          0x08000607   Thumb Code     0  rt_memclr_w.o(.text)
    __aeabi_memclr8                          0x08000607   Thumb Code     0  rt_memclr_w.o(.text)
    __rt_memclr_w                            0x08000607   Thumb Code    78  rt_memclr_w.o(.text)
    _memset_w                                0x0800060b   Thumb Code     0  rt_memclr_w.o(.text)
    __use_two_region_memory                  0x08000655   Thumb Code     2  heapauxi.o(.text)
    __rt_heap_escrow$2region                 0x08000657   Thumb Code     2  heapauxi.o(.text)
    __rt_heap_expand$2region                 0x08000659   Thumb Code     2  heapauxi.o(.text)
    __I$use$semihosting                      0x0800065b   Thumb Code     0  use_no_semi.o(.text)
    __use_no_semihosting_swi                 0x0800065b   Thumb Code     2  use_no_semi.o(.text)
    _printf_int_common                       0x0800065d   Thumb Code   178  _printf_intcommon.o(.text)
    _printf_cs_common                        0x0800070f   Thumb Code    20  _printf_char.o(.text)
    _printf_char                             0x08000723   Thumb Code    16  _printf_char.o(.text)
    _printf_string                           0x08000733   Thumb Code     8  _printf_char.o(.text)
    _printf_char_file                        0x0800073d   Thumb Code    32  _printf_char_file.o(.text)
    __aeabi_memcpy4                          0x08000761   Thumb Code     0  rt_memcpy_w.o(.text)
    __aeabi_memcpy8                          0x08000761   Thumb Code     0  rt_memcpy_w.o(.text)
    __rt_memcpy_w                            0x08000761   Thumb Code   100  rt_memcpy_w.o(.text)
    _memcpy_lastbytes_aligned                0x080007a9   Thumb Code     0  rt_memcpy_w.o(.text)
    _printf_char_common                      0x080007cf   Thumb Code    32  _printf_char_common.o(.text)
    ferror                                   0x080007f5   Thumb Code     8  ferror.o(.text)
    __user_setup_stackheap                   0x080007fd   Thumb Code    74  sys_stackheap_outer.o(.text)
    exit                                     0x08000847   Thumb Code    18  exit.o(.text)
    __user_libspace                          0x08000859   Thumb Code     8  libspace.o(.text)
    __user_perproc_libspace                  0x08000859   Thumb Code     0  libspace.o(.text)
    __user_perthread_libspace                0x08000859   Thumb Code     0  libspace.o(.text)
    BusFault_Handler                         0x08000861   Thumb Code     2  stm32f4xx_it.o(i.BusFault_Handler)
    CmdResp1Error                            0x08000865   Thumb Code    84  sdio_sdcard.o(i.CmdResp1Error)
    Create_task                              0x080008c1   Thumb Code    62  clk_timer.o(i.Create_task)
    DebugMon_Handler                         0x08000905   Thumb Code     2  stm32f4xx_it.o(i.DebugMon_Handler)
    Debug_USART_Config                       0x08000909   Thumb Code   136  usart.o(i.Debug_USART_Config)
    EXTI0_IRQHandler                         0x08000999   Thumb Code    42  gpio.o(i.EXTI0_IRQHandler)
    EXTI_ClearITPendingBit                   0x080009e5   Thumb Code     6  stm32f4xx_exti.o(i.EXTI_ClearITPendingBit)
    EXTI_Init                                0x080009f1   Thumb Code   110  stm32f4xx_exti.o(i.EXTI_Init)
    FSMC_NORSRAMCmd                          0x08000a65   Thumb Code    30  stm32f4xx_fsmc.o(i.FSMC_NORSRAMCmd)
    FSMC_NORSRAMInit                         0x08000a89   Thumb Code   202  stm32f4xx_fsmc.o(i.FSMC_NORSRAMInit)
    GPIO_Init                                0x08000b53   Thumb Code   124  stm32f4xx_gpio.o(i.GPIO_Init)
    GPIO_PinAFConfig                         0x08000bcf   Thumb Code    32  stm32f4xx_gpio.o(i.GPIO_PinAFConfig)
    GPIO_ReadInputDataBit                    0x08000bef   Thumb Code    14  stm32f4xx_gpio.o(i.GPIO_ReadInputDataBit)
    GPIO_ResetBits                           0x08000bfd   Thumb Code     4  stm32f4xx_gpio.o(i.GPIO_ResetBits)
    GPIO_SetBits                             0x08000c01   Thumb Code     4  stm32f4xx_gpio.o(i.GPIO_SetBits)
    HSE_SetSysClock                          0x08000c05   Thumb Code   136  clk_timer.o(i.HSE_SetSysClock)
    HardFault_Handler                        0x08000c99   Thumb Code     2  stm32f4xx_it.o(i.HardFault_Handler)
    Head_state                               0x08000c9d   Thumb Code    32  head.o(i.Head_state)
    Homeview_create                          0x08000cdd   Thumb Code    18  homeview.o(i.Homeview_create)
    Homeview_process                         0x08000cf5   Thumb Code    40  homeview.o(i.Homeview_process)
    LCD_Clear                                0x08000d1d   Thumb Code    40  lcd.o(i.LCD_Clear)
    LCD_Display_Dir                          0x08000d4d   Thumb Code    66  lcd.o(i.LCD_Display_Dir)
    LCD_Fast_DrawPoint                       0x08000d95   Thumb Code    76  lcd.o(i.LCD_Fast_DrawPoint)
    LCD_Fill                                 0x08000de9   Thumb Code    62  lcd.o(i.LCD_Fill)
    LCD_Init                                 0x08000e2d   Thumb Code   442  lcd.o(i.LCD_Init)
    LCD_RD_DATA                              0x08000ff5   Thumb Code    14  lcd.o(i.LCD_RD_DATA)
    LCD_ReadReg                              0x08001009   Thumb Code    20  lcd.o(i.LCD_ReadReg)
    LCD_Scan_Dir                             0x0800101d   Thumb Code   244  lcd.o(i.LCD_Scan_Dir)
    LCD_SetCursor                            0x08001115   Thumb Code    68  lcd.o(i.LCD_SetCursor)
    LCD_ShowChar                             0x0800115d   Thumb Code   202  lcd.o(i.LCD_ShowChar)
    LCD_ShowString                           0x0800123d   Thumb Code    84  lcd.o(i.LCD_ShowString)
    LCD_WR_DATA                              0x08001291   Thumb Code     6  lcd.o(i.LCD_WR_DATA)
    LCD_WR_REG                               0x0800129d   Thumb Code     6  lcd.o(i.LCD_WR_REG)
    LCD_WriteRAM_Prepare                     0x080012a9   Thumb Code    10  lcd.o(i.LCD_WriteRAM_Prepare)
    LCD_WriteReg                             0x080012bd   Thumb Code    10  lcd.o(i.LCD_WriteReg)
    LED_Init                                 0x080012cd   Thumb Code    26  led_driver.o(i.LED_Init)
    LED_switch                               0x080012f1   Thumb Code    32  led_driver.o(i.LED_switch)
    LED_test                                 0x08001315   Thumb Code    54  led_driver.o(i.LED_test)
    MemManage_Handler                        0x0800134b   Thumb Code     2  stm32f4xx_it.o(i.MemManage_Handler)
    Mon_hello                                0x0800134d   Thumb Code    38  mon.o(i.Mon_hello)
    Mon_polling                              0x08001395   Thumb Code    40  mon.o(i.Mon_polling)
    NMI_Handler                              0x080013bd   Thumb Code     2  stm32f4xx_it.o(i.NMI_Handler)
    NVIC_Init                                0x080013e5   Thumb Code    98  misc.o(i.NVIC_Init)
    NVIC_PriorityGroupConfig                 0x0800144d   Thumb Code    10  misc.o(i.NVIC_PriorityGroupConfig)
    PWR_BackupAccessCmd                      0x08001461   Thumb Code     6  stm32f4xx_pwr.o(i.PWR_BackupAccessCmd)
    PendSV_Handler                           0x0800146d   Thumb Code     2  stm32f4xx_it.o(i.PendSV_Handler)
    Popout_create                            0x08001471   Thumb Code    18  popout.o(i.Popout_create)
    Popout_process                           0x08001489   Thumb Code    40  popout.o(i.Popout_process)
    Popout_show                              0x080014b1   Thumb Code    50  popout.o(i.Popout_show)
    RCC_AHB1PeriphClockCmd                   0x080014ed   Thumb Code    22  stm32f4xx_rcc.o(i.RCC_AHB1PeriphClockCmd)
    RCC_AHB2PeriphClockCmd                   0x08001509   Thumb Code    22  stm32f4xx_rcc.o(i.RCC_AHB2PeriphClockCmd)
    RCC_AHB3PeriphClockCmd                   0x08001525   Thumb Code    22  stm32f4xx_rcc.o(i.RCC_AHB3PeriphClockCmd)
    RCC_APB1PeriphClockCmd                   0x08001541   Thumb Code    22  stm32f4xx_rcc.o(i.RCC_APB1PeriphClockCmd)
    RCC_APB1PeriphResetCmd                   0x0800155d   Thumb Code    22  stm32f4xx_rcc.o(i.RCC_APB1PeriphResetCmd)
    RCC_APB2PeriphClockCmd                   0x08001579   Thumb Code    22  stm32f4xx_rcc.o(i.RCC_APB2PeriphClockCmd)
    RCC_APB2PeriphResetCmd                   0x08001595   Thumb Code    22  stm32f4xx_rcc.o(i.RCC_APB2PeriphResetCmd)
    RCC_GetClocksFreq                        0x080015b1   Thumb Code   148  stm32f4xx_rcc.o(i.RCC_GetClocksFreq)
    RCC_GetFlagStatus                        0x08001651   Thumb Code    50  stm32f4xx_rcc.o(i.RCC_GetFlagStatus)
    RCC_GetSYSCLKSource                      0x08001689   Thumb Code    10  stm32f4xx_rcc.o(i.RCC_GetSYSCLKSource)
    RCC_HCLKConfig                           0x08001699   Thumb Code    14  stm32f4xx_rcc.o(i.RCC_HCLKConfig)
    RCC_HSEConfig                            0x080016ad   Thumb Code    10  stm32f4xx_rcc.o(i.RCC_HSEConfig)
    RCC_LSEConfig                            0x080016bd   Thumb Code    28  stm32f4xx_rcc.o(i.RCC_LSEConfig)
    RCC_PCLK1Config                          0x080016dd   Thumb Code    14  stm32f4xx_rcc.o(i.RCC_PCLK1Config)
    RCC_PCLK2Config                          0x080016f1   Thumb Code    16  stm32f4xx_rcc.o(i.RCC_PCLK2Config)
    RCC_PLLCmd                               0x08001705   Thumb Code     6  stm32f4xx_rcc.o(i.RCC_PLLCmd)
    RCC_PLLConfig                            0x08001711   Thumb Code    32  stm32f4xx_rcc.o(i.RCC_PLLConfig)
    RCC_RTCCLKCmd                            0x08001735   Thumb Code     6  stm32f4xx_rcc.o(i.RCC_RTCCLKCmd)
    RCC_RTCCLKConfig                         0x08001741   Thumb Code    40  stm32f4xx_rcc.o(i.RCC_RTCCLKConfig)
    RCC_SYSCLKConfig                         0x08001771   Thumb Code    14  stm32f4xx_rcc.o(i.RCC_SYSCLKConfig)
    RCC_WaitForHSEStartUp                    0x08001785   Thumb Code    48  stm32f4xx_rcc.o(i.RCC_WaitForHSEStartUp)
    RNG_Cmd                                  0x080017b5   Thumb Code    26  stm32f4xx_rng.o(i.RNG_Cmd)
    RNG_GetFlagStatus                        0x080017d5   Thumb Code    16  stm32f4xx_rng.o(i.RNG_GetFlagStatus)
    RNG_Init                                 0x080017e9   Thumb Code    68  sys.o(i.RNG_Init)
    RTC_Alarm_IRQHandler                     0x0800184d   Thumb Code    40  rtc.o(i.RTC_Alarm_IRQHandler)
    RTC_ClearFlag                            0x080018b9   Thumb Code    22  stm32f4xx_rtc.o(i.RTC_ClearFlag)
    RTC_EnterInitMode                        0x080018d5   Thumb Code    62  stm32f4xx_rtc.o(i.RTC_EnterInitMode)
    RTC_ExitInitMode                         0x08001919   Thumb Code    12  stm32f4xx_rtc.o(i.RTC_ExitInitMode)
    RTC_GetDate                              0x08001929   Thumb Code    64  stm32f4xx_rtc.o(i.RTC_GetDate)
    RTC_GetFlagStatus                        0x08001971   Thumb Code    20  stm32f4xx_rtc.o(i.RTC_GetFlagStatus)
    RTC_GetTime                              0x0800198d   Thumb Code    68  stm32f4xx_rtc.o(i.RTC_GetTime)
    RTC_Init                                 0x080019d9   Thumb Code    74  stm32f4xx_rtc.o(i.RTC_Init)
    RTC_ReadBackupRegister                   0x08001a29   Thumb Code    16  stm32f4xx_rtc.o(i.RTC_ReadBackupRegister)
    RTC_SetDate                              0x08001a3d   Thumb Code   156  stm32f4xx_rtc.o(i.RTC_SetDate)
    RTC_SetTime                              0x08001ae1   Thumb Code   160  stm32f4xx_rtc.o(i.RTC_SetTime)
    RTC_Set_Date                             0x08001b89   Thumb Code    28  rtc.o(i.RTC_Set_Date)
    RTC_Set_Time                             0x08001ba5   Thumb Code    28  rtc.o(i.RTC_Set_Time)
    RTC_WKUP_IRQHandler                      0x08001bc1   Thumb Code    58  rtc.o(i.RTC_WKUP_IRQHandler)
    RTC_WaitForSynchro                       0x08001c09   Thumb Code    72  stm32f4xx_rtc.o(i.RTC_WaitForSynchro)
    RTC_WriteBackupRegister                  0x08001c55   Thumb Code    16  stm32f4xx_rtc.o(i.RTC_WriteBackupRegister)
    SDIO_ClearFlag                           0x08001c69   Thumb Code     6  stm32f4xx_sdio.o(i.SDIO_ClearFlag)
    SDIO_GetFlagStatus                       0x08001c75   Thumb Code    16  stm32f4xx_sdio.o(i.SDIO_GetFlagStatus)
    SDIO_IRQHandler                          0x08001c89   Thumb Code     4  sdio_sdcard.o(i.SDIO_IRQHandler)
    SDIO_SendCommand                         0x08001c8d   Thumb Code    36  stm32f4xx_sdio.o(i.SDIO_SendCommand)
    SD_ProcessIRQSrc                         0x08001cb5   Thumb Code   230  sdio_sdcard.o(i.SD_ProcessIRQSrc)
    SPI1_ReadWriteByte                       0x08001da9   Thumb Code    48  spi.o(i.SPI1_ReadWriteByte)
    SPI_Cmd                                  0x08001ddd   Thumb Code    24  stm32f4xx_spi.o(i.SPI_Cmd)
    SPI_I2S_GetFlagStatus                    0x08001df5   Thumb Code    14  stm32f4xx_spi.o(i.SPI_I2S_GetFlagStatus)
    SPI_I2S_ReceiveData                      0x08001e03   Thumb Code     4  stm32f4xx_spi.o(i.SPI_I2S_ReceiveData)
    SPI_I2S_SendData                         0x08001e07   Thumb Code     4  stm32f4xx_spi.o(i.SPI_I2S_SendData)
    SPI_Init                                 0x08001e0b   Thumb Code    56  stm32f4xx_spi.o(i.SPI_Init)
    SVC_Handler                              0x08001e43   Thumb Code     2  stm32f4xx_it.o(i.SVC_Handler)
    SYSCFG_EXTILineConfig                    0x08001e45   Thumb Code    38  stm32f4xx_syscfg.o(i.SYSCFG_EXTILineConfig)
    Send_message                             0x08001e71   Thumb Code    18  view.o(i.Send_message)
    Setup_show                               0x08001f45   Thumb Code    96  setupview.o(i.Setup_show)
    Setupview_create                         0x08001fad   Thumb Code    18  setupview.o(i.Setupview_create)
    Setupview_process                        0x08001fc5   Thumb Code    40  setupview.o(i.Setupview_process)
    SysTick_Handler                          0x08001fed   Thumb Code    54  clk_timer.o(i.SysTick_Handler)
    SysTick_init                             0x0800202d   Thumb Code    54  clk_timer.o(i.SysTick_init)
    SystemInit                               0x0800206d   Thumb Code    74  system_stm32f4xx.o(i.SystemInit)
    Touch_process                            0x08002165   Thumb Code    76  setupview.o(i.Touch_process)
    USART1_IRQHandler                        0x080021b5   Thumb Code   108  usart.o(i.USART1_IRQHandler)
    USART_Cmd                                0x08002235   Thumb Code    24  stm32f4xx_usart.o(i.USART_Cmd)
    USART_GetFlagStatus                      0x0800224d   Thumb Code    14  stm32f4xx_usart.o(i.USART_GetFlagStatus)
    USART_GetITStatus                        0x0800225b   Thumb Code    64  stm32f4xx_usart.o(i.USART_GetITStatus)
    USART_ITConfig                           0x0800229b   Thumb Code    54  stm32f4xx_usart.o(i.USART_ITConfig)
    USART_Init                               0x080022d1   Thumb Code   180  stm32f4xx_usart.o(i.USART_Init)
    USART_ReceiveData                        0x0800238d   Thumb Code     8  stm32f4xx_usart.o(i.USART_ReceiveData)
    USART_SendData                           0x08002395   Thumb Code     8  stm32f4xx_usart.o(i.USART_SendData)
    UsageFault_Handler                       0x0800239d   Thumb Code     2  stm32f4xx_it.o(i.UsageFault_Handler)
    Usart_SendByte                           0x0800239f   Thumb Code    24  usart.o(i.Usart_SendByte)
    Usart_SendString                         0x080023b7   Thumb Code    38  usart.o(i.Usart_SendString)
    View_create                              0x080023dd   Thumb Code    22  view.o(i.View_create)
    View_destroy                             0x080023fd   Thumb Code    24  view.o(i.View_destroy)
    View_init                                0x08002419   Thumb Code     6  view.o(i.View_init)
    View_switch                              0x08002421   Thumb Code    40  view.o(i.View_switch)
    W25QXX_Init                              0x08002451   Thumb Code    62  w25q16.o(i.W25QXX_Init)
    W25QXX_ReadID                            0x080024ad   Thumb Code    74  w25q16.o(i.W25QXX_ReadID)
    WWDG_ClearFlag                           0x080024fd   Thumb Code     8  stm32f4xx_wwdg.o(i.WWDG_ClearFlag)
    WWDG_DeInit                              0x08002509   Thumb Code    24  stm32f4xx_wwdg.o(i.WWDG_DeInit)
    WWDG_IRQHandler                          0x08002521   Thumb Code    16  wwdg.o(i.WWDG_IRQHandler)
    WWDG_SetCounter                          0x08002541   Thumb Code    10  stm32f4xx_wwdg.o(i.WWDG_SetCounter)
    WWDG_feed                                0x08002551   Thumb Code     6  wwdg.o(i.WWDG_feed)
    _sys_exit                                0x08002557   Thumb Code     2  usart.o(i._sys_exit)
    check_runout                             0x08002559   Thumb Code    48  clk_timer.o(i.check_runout)
    check_tick                               0x0800258d   Thumb Code     6  clk_timer.o(i.check_tick)
    check_timeout                            0x08002599   Thumb Code    38  clk_timer.o(i.check_timeout)
    command_handler                          0x080025c5   Thumb Code    86  mon.o(i.command_handler)
    deal_overflow                            0x08002635   Thumb Code    22  clk_timer.o(i.deal_overflow)
    delay_ms                                 0x08002651   Thumb Code    24  clk_timer.o(i.delay_ms)
    delay_us                                 0x0800266d   Thumb Code    12  clk_timer.o(i.delay_us)
    flash_spi_init                           0x08002679   Thumb Code   184  spi.o(i.flash_spi_init)
    fputc                                    0x0800273d   Thumb Code    16  usart.o(i.fputc)
    get_mon_buf                              0x08002751   Thumb Code    24  usart.o(i.get_mon_buf)
    get_time                                 0x0800276d   Thumb Code    64  rtc.o(i.get_time)
    gpio_init                                0x080027ad   Thumb Code    94  gpio.o(i.gpio_init)
    gpio_out                                 0x08002815   Thumb Code    12  gpio.o(i.gpio_out)
    home_show                                0x08002821   Thumb Code    96  homeview.o(i.home_show)
    insert_execute                           0x0800288d   Thumb Code     8  clk_timer.o(i.insert_execute)
    insert_task                              0x08002895   Thumb Code    62  clk_timer.o(i.insert_task)
    insert_task_list                         0x08002901   Thumb Code   116  clk_timer.o(i.insert_task_list)
    insert_task_tail                         0x0800299d   Thumb Code    28  clk_timer.o(i.insert_task_tail)
    io_interrupt_init                        0x080029b9   Thumb Code    60  gpio.o(i.io_interrupt_init)
    key0_task                                0x080029f5   Thumb Code    86  keyboard_driver.o(i.key0_task)
    key1_task                                0x08002a7d   Thumb Code    86  keyboard_driver.o(i.key1_task)
    key_init                                 0x08002b05   Thumb Code    54  keyboard_driver.o(i.key_init)
    key_task_init                            0x08002b49   Thumb Code    20  keyboard_driver.o(i.key_task_init)
    lcd_soft_init                            0x08002b61   Thumb Code  4262  lcd.o(i.lcd_soft_init)
    main                                     0x08003c0d   Thumb Code    48  main.o(i.main)
    mon_flag_rw                              0x08003c69   Thumb Code    12  usart.o(i.mon_flag_rw)
    ms_10                                    0x08003c79   Thumb Code    20  clk_timer.o(i.ms_10)
    ms_100                                   0x08003c91   Thumb Code    20  clk_timer.o(i.ms_100)
    my_free                                  0x08003ca9   Thumb Code   104  head.o(i.my_free)
    my_head_init                             0x08003d39   Thumb Code    56  head.o(i.my_head_init)
    my_malloc                                0x08003d75   Thumb Code    86  head.o(i.my_malloc)
    polling                                  0x08003df1   Thumb Code    46  clk_timer.o(i.polling)
    reset_data                               0x08003e25   Thumb Code     8  usart.o(i.reset_data)
    reset_mon_buf                            0x08003e31   Thumb Code     8  usart.o(i.reset_mon_buf)
    rtc_init                                 0x08003e3d   Thumb Code   136  rtc.o(i.rtc_init)
    search_arg                               0x08003ec5   Thumb Code    86  mon.o(i.search_arg)
    search_command                           0x08003f2d   Thumb Code    58  mon.o(i.search_command)
    search_len                               0x08003f6d   Thumb Code    32  mon.o(i.search_len)
    send_touch                               0x08003f8d   Thumb Code    38  mon.o(i.send_touch)
    sys_init                                 0x08003fd1   Thumb Code    60  main.o(i.sys_init)
    task_init                                0x0800400d   Thumb Code     4  main.o(i.task_init)
    timer_test                               0x08004011   Thumb Code    66  mon.o(i.timer_test)
    timer_test_func                          0x08004081   Thumb Code    18  mon.o(i.timer_test_func)
    to_int                                   0x080040a1   Thumb Code    56  mon.o(i.to_int)
    _fp_init                                 0x080040f5   Thumb Code    10  fpinit.o(x$fpl$fpinit)
    __fplib_config_fpu_vfp                   0x080040fd   Thumb Code     0  fpinit.o(x$fpl$fpinit)
    __fplib_config_pureend_doubles           0x080040fd   Thumb Code     0  fpinit.o(x$fpl$fpinit)
    asc2_1206                                0x080040fe   Data        1140  lcd.o(.constdata)
    asc2_1608                                0x08004572   Data        1520  lcd.o(.constdata)
    asc2_2412                                0x08004b62   Data        3420  lcd.o(.constdata)
    Region$$Table$$Base                      0x08005964   Number         0  anon$$obj.o(Region$$Table)
    Region$$Table$$Limit                     0x08005984   Number         0  anon$$obj.o(Region$$Table)
    SystemCoreClock                          0x20000000   Data           4  system_stm32f4xx.o(.data)
    AHBPrescTable                            0x20000004   Data          16  system_stm32f4xx.o(.data)
    task_10ms                                0x20000030   Data           8  clk_timer.o(.data)
    task_100ms                               0x20000038   Data           8  clk_timer.o(.data)
    execute_task                             0x20000040   Data           8  clk_timer.o(.data)
    overflow_task                            0x20000048   Data           8  clk_timer.o(.data)
    BYTE_20                                  0x20000058   Data          16  head.o(.data)
    BYTE_40                                  0x20000068   Data          16  head.o(.data)
    BYTE_128                                 0x20000078   Data          16  head.o(.data)
    sector_addr                              0x20000088   Data          20  head.o(.data)
    BYTE_512                                 0x2000009c   Data          16  head.o(.data)
    __stdout                                 0x200000ac   Data           4  usart.o(.data)
    TransferEnd                              0x200000b3   Data           1  sdio_sdcard.o(.data)
    TransferError                            0x200000b8   Data           4  sdio_sdcard.o(.data)
    tempbuff                                 0x200000bc   Data           4  sdio_sdcard.o(.data)
    key_1_status                             0x200000c0   Data           1  keyboard_driver.o(.data)
    key_1_count                              0x200000c1   Data           1  keyboard_driver.o(.data)
    key_1_press                              0x200000c2   Data           1  keyboard_driver.o(.data)
    key_0_status                             0x200000c3   Data           1  keyboard_driver.o(.data)
    key_0_count                              0x200000c4   Data           1  keyboard_driver.o(.data)
    key_0_press                              0x200000c5   Data           1  keyboard_driver.o(.data)
    key_1_task                               0x200000c8   Data          20  keyboard_driver.o(.data)
    key_0_task                               0x200000dc   Data          20  keyboard_driver.o(.data)
    mon_flag                                 0x200000f0   Data           1  mon.o(.data)
    command_list                             0x200000f4   Data          40  mon.o(.data)
    W25QXX_TYPE                              0x2000011c   Data           2  w25q16.o(.data)
    POINT_COLOR                              0x2000011e   Data           2  lcd.o(.data)
    BACK_COLOR                               0x20000120   Data           2  lcd.o(.data)
    view_layer                               0x20000124   Data           1  view.o(.data)
    call_back_func                           0x20000128   Data           4  view.o(.data)
    task_pool                                0x2000012c   Data          32  clk_timer.o(.bss)
    temp_config                              0x2000014c   Data          24  gpio.o(.bss)
    head_addr                                0x20000164   Data        2988  head.o(.bss)
    SDIO_InitStructure                       0x20000d58   Data          24  sdio_sdcard.o(.bss)
    SDIO_CmdInitStructure                    0x20000d70   Data          20  sdio_sdcard.o(.bss)
    SDIO_DataInitStructure                   0x20000d84   Data          24  sdio_sdcard.o(.bss)
    SDCardInfo                               0x20000dc0   Data          88  sdio_sdcard.o(.bss)
    SDIO_DATA_BUFFER                         0x20000e18   Data         512  sdio_sdcard.o(.bss)
    lcddev                                   0x20001018   Data          14  lcd.o(.bss)
    process_contianer                        0x20001028   Data          12  view.o(.bss)
    __libspace_start                         0x20001034   Data          96  libspace.o(.bss)
    __temporary_stack_top$libspace           0x20001094   Data           0  libspace.o(.bss)



==============================================================================

Memory Map of the image

  Image Entry point : 0x08000189

  Load Region LR_IROM1 (Base: 0x08000000, Size: 0x00005ab0, Max: 0x00080000, ABSOLUTE, COMPRESSED[0x00005a0c])

    Execution Region ER_IROM1 (Exec base: 0x08000000, Load base: 0x08000000, Size: 0x00005984, Max: 0x00080000, ABSOLUTE)

    Exec Addr    Load Addr    Size         Type   Attr      Idx    E Section Name        Object

    0x08000000   0x08000000   0x00000188   Data   RO          322    RESET               startup_stm32f40_41xxx.o
    0x08000188   0x08000188   0x00000008   Code   RO         5128  * !!!main             c_w.l(__main.o)
    0x08000190   0x08000190   0x00000034   Code   RO         5329    !!!scatter          c_w.l(__scatter.o)
    0x080001c4   0x080001c4   0x0000005a   Code   RO         5327    !!dczerorl2         c_w.l(__dczerorl2.o)
    0x0800021e   0x0800021e   0x00000002   PAD
    0x08000220   0x08000220   0x0000001c   Code   RO         5331    !!handler_zi        c_w.l(__scatter_zi.o)
    0x0800023c   0x0800023c   0x00000000   Code   RO         5113    .ARM.Collect$$_printf_percent$$00000000  c_w.l(_printf_percent.o)
    0x0800023c   0x0800023c   0x00000006   Code   RO         5111    .ARM.Collect$$_printf_percent$$00000009  c_w.l(_printf_d.o)
    0x08000242   0x08000242   0x00000006   Code   RO         5110    .ARM.Collect$$_printf_percent$$0000000C  c_w.l(_printf_x.o)
    0x08000248   0x08000248   0x00000006   Code   RO         5109    .ARM.Collect$$_printf_percent$$00000014  c_w.l(_printf_s.o)
    0x0800024e   0x0800024e   0x00000004   Code   RO         5153    .ARM.Collect$$_printf_percent$$00000017  c_w.l(_printf_percent_end.o)
    0x08000252   0x08000252   0x00000002   Code   RO         5199    .ARM.Collect$$libinit$$00000000  c_w.l(libinit.o)
    0x08000254   0x08000254   0x00000004   Code   RO         5209    .ARM.Collect$$libinit$$00000001  c_w.l(libinit2.o)
    0x08000258   0x08000258   0x00000000   Code   RO         5212    .ARM.Collect$$libinit$$00000004  c_w.l(libinit2.o)
    0x08000258   0x08000258   0x00000000   Code   RO         5215    .ARM.Collect$$libinit$$0000000A  c_w.l(libinit2.o)
    0x08000258   0x08000258   0x00000000   Code   RO         5217    .ARM.Collect$$libinit$$0000000C  c_w.l(libinit2.o)
    0x08000258   0x08000258   0x00000000   Code   RO         5219    .ARM.Collect$$libinit$$0000000E  c_w.l(libinit2.o)
    0x08000258   0x08000258   0x00000000   Code   RO         5222    .ARM.Collect$$libinit$$00000011  c_w.l(libinit2.o)
    0x08000258   0x08000258   0x00000000   Code   RO         5224    .ARM.Collect$$libinit$$00000013  c_w.l(libinit2.o)
    0x08000258   0x08000258   0x00000000   Code   RO         5226    .ARM.Collect$$libinit$$00000015  c_w.l(libinit2.o)
    0x08000258   0x08000258   0x00000000   Code   RO         5228    .ARM.Collect$$libinit$$00000017  c_w.l(libinit2.o)
    0x08000258   0x08000258   0x00000000   Code   RO         5230    .ARM.Collect$$libinit$$00000019  c_w.l(libinit2.o)
    0x08000258   0x08000258   0x00000000   Code   RO         5232    .ARM.Collect$$libinit$$0000001B  c_w.l(libinit2.o)
    0x08000258   0x08000258   0x00000000   Code   RO         5234    .ARM.Collect$$libinit$$0000001D  c_w.l(libinit2.o)
    0x08000258   0x08000258   0x00000000   Code   RO         5236    .ARM.Collect$$libinit$$0000001F  c_w.l(libinit2.o)
    0x08000258   0x08000258   0x00000000   Code   RO         5238    .ARM.Collect$$libinit$$00000021  c_w.l(libinit2.o)
    0x08000258   0x08000258   0x00000000   Code   RO         5240    .ARM.Collect$$libinit$$00000023  c_w.l(libinit2.o)
    0x08000258   0x08000258   0x00000000   Code   RO         5242    .ARM.Collect$$libinit$$00000025  c_w.l(libinit2.o)
    0x08000258   0x08000258   0x00000000   Code   RO         5246    .ARM.Collect$$libinit$$0000002C  c_w.l(libinit2.o)
    0x08000258   0x08000258   0x00000000   Code   RO         5248    .ARM.Collect$$libinit$$0000002E  c_w.l(libinit2.o)
    0x08000258   0x08000258   0x00000000   Code   RO         5250    .ARM.Collect$$libinit$$00000030  c_w.l(libinit2.o)
    0x08000258   0x08000258   0x00000000   Code   RO         5252    .ARM.Collect$$libinit$$00000032  c_w.l(libinit2.o)
    0x08000258   0x08000258   0x00000002   Code   RO         5253    .ARM.Collect$$libinit$$00000033  c_w.l(libinit2.o)
    0x0800025a   0x0800025a   0x00000002   Code   RO         5281    .ARM.Collect$$libshutdown$$00000000  c_w.l(libshutdown.o)
    0x0800025c   0x0800025c   0x00000000   Code   RO         5293    .ARM.Collect$$libshutdown$$00000002  c_w.l(libshutdown2.o)
    0x0800025c   0x0800025c   0x00000000   Code   RO         5295    .ARM.Collect$$libshutdown$$00000004  c_w.l(libshutdown2.o)
    0x0800025c   0x0800025c   0x00000000   Code   RO         5298    .ARM.Collect$$libshutdown$$00000007  c_w.l(libshutdown2.o)
    0x0800025c   0x0800025c   0x00000000   Code   RO         5301    .ARM.Collect$$libshutdown$$0000000A  c_w.l(libshutdown2.o)
    0x0800025c   0x0800025c   0x00000000   Code   RO         5303    .ARM.Collect$$libshutdown$$0000000C  c_w.l(libshutdown2.o)
    0x0800025c   0x0800025c   0x00000000   Code   RO         5306    .ARM.Collect$$libshutdown$$0000000F  c_w.l(libshutdown2.o)
    0x0800025c   0x0800025c   0x00000002   Code   RO         5307    .ARM.Collect$$libshutdown$$00000010  c_w.l(libshutdown2.o)
    0x0800025e   0x0800025e   0x00000000   Code   RO         5144    .ARM.Collect$$rtentry$$00000000  c_w.l(__rtentry.o)
    0x0800025e   0x0800025e   0x00000000   Code   RO         5162    .ARM.Collect$$rtentry$$00000002  c_w.l(__rtentry2.o)
    0x0800025e   0x0800025e   0x00000006   Code   RO         5174    .ARM.Collect$$rtentry$$00000004  c_w.l(__rtentry4.o)
    0x08000264   0x08000264   0x00000000   Code   RO         5164    .ARM.Collect$$rtentry$$00000009  c_w.l(__rtentry2.o)
    0x08000264   0x08000264   0x00000004   Code   RO         5165    .ARM.Collect$$rtentry$$0000000A  c_w.l(__rtentry2.o)
    0x08000268   0x08000268   0x00000000   Code   RO         5167    .ARM.Collect$$rtentry$$0000000C  c_w.l(__rtentry2.o)
    0x08000268   0x08000268   0x00000008   Code   RO         5168    .ARM.Collect$$rtentry$$0000000D  c_w.l(__rtentry2.o)
    0x08000270   0x08000270   0x00000002   Code   RO         5203    .ARM.Collect$$rtexit$$00000000  c_w.l(rtexit.o)
    0x08000272   0x08000272   0x00000000   Code   RO         5255    .ARM.Collect$$rtexit$$00000002  c_w.l(rtexit2.o)
    0x08000272   0x08000272   0x00000004   Code   RO         5256    .ARM.Collect$$rtexit$$00000003  c_w.l(rtexit2.o)
    0x08000276   0x08000276   0x00000006   Code   RO         5257    .ARM.Collect$$rtexit$$00000004  c_w.l(rtexit2.o)
    0x0800027c   0x0800027c   0x00000040   Code   RO          323    .text               startup_stm32f40_41xxx.o
    0x080002bc   0x080002bc   0x00000002   Code   RO         5054    .text               c_w.l(use_no_semi_2.o)
    0x080002be   0x080002be   0x00000002   PAD
    0x080002c0   0x080002c0   0x00000018   Code   RO         5060    .text               c_w.l(noretval__2printf.o)
    0x080002d8   0x080002d8   0x00000068   Code   RO         5062    .text               c_w.l(__printf.o)
    0x08000340   0x08000340   0x00000052   Code   RO         5064    .text               c_w.l(_printf_str.o)
    0x08000392   0x08000392   0x00000002   PAD
    0x08000394   0x08000394   0x00000078   Code   RO         5066    .text               c_w.l(_printf_dec.o)
    0x0800040c   0x0800040c   0x00000058   Code   RO         5071    .text               c_w.l(_printf_hex_int.o)
    0x08000464   0x08000464   0x0000003e   Code   RO         5114    .text               c_w.l(strlen.o)
    0x080004a2   0x080004a2   0x00000096   Code   RO         5116    .text               c_w.l(strncmp.o)
    0x08000538   0x08000538   0x0000008a   Code   RO         5118    .text               c_w.l(rt_memcpy_v6.o)
    0x080005c2   0x080005c2   0x00000044   Code   RO         5122    .text               c_w.l(rt_memclr.o)
    0x08000606   0x08000606   0x0000004e   Code   RO         5124    .text               c_w.l(rt_memclr_w.o)
    0x08000654   0x08000654   0x00000006   Code   RO         5126    .text               c_w.l(heapauxi.o)
    0x0800065a   0x0800065a   0x00000002   Code   RO         5142    .text               c_w.l(use_no_semi.o)
    0x0800065c   0x0800065c   0x000000b2   Code   RO         5147    .text               c_w.l(_printf_intcommon.o)
    0x0800070e   0x0800070e   0x0000002c   Code   RO         5149    .text               c_w.l(_printf_char.o)
    0x0800073a   0x0800073a   0x00000002   PAD
    0x0800073c   0x0800073c   0x00000024   Code   RO         5151    .text               c_w.l(_printf_char_file.o)
    0x08000760   0x08000760   0x00000064   Code   RO         5154    .text               c_w.l(rt_memcpy_w.o)
    0x080007c4   0x080007c4   0x00000030   Code   RO         5180    .text               c_w.l(_printf_char_common.o)
    0x080007f4   0x080007f4   0x00000008   Code   RO         5182    .text               c_w.l(ferror.o)
    0x080007fc   0x080007fc   0x0000004a   Code   RO         5186    .text               c_w.l(sys_stackheap_outer.o)
    0x08000846   0x08000846   0x00000012   Code   RO         5192    .text               c_w.l(exit.o)
    0x08000858   0x08000858   0x00000008   Code   RO         5200    .text               c_w.l(libspace.o)
    0x08000860   0x08000860   0x00000002   Code   RO          194    i.BusFault_Handler  stm32f4xx_it.o
    0x08000862   0x08000862   0x00000002   PAD
    0x08000864   0x08000864   0x0000005c   Code   RO         3454    i.CmdResp1Error     sdio_sdcard.o
    0x080008c0   0x080008c0   0x00000044   Code   RO         2909    i.Create_task       clk_timer.o
    0x08000904   0x08000904   0x00000002   Code   RO          195    i.DebugMon_Handler  stm32f4xx_it.o
    0x08000906   0x08000906   0x00000002   PAD
    0x08000908   0x08000908   0x00000090   Code   RO         3319    i.Debug_USART_Config  usart.o
    0x08000998   0x08000998   0x0000004c   Code   RO         3054    i.EXTI0_IRQHandler  gpio.o
    0x080009e4   0x080009e4   0x0000000c   Code   RO          521    i.EXTI_ClearITPendingBit  stm32f4xx_exti.o
    0x080009f0   0x080009f0   0x00000074   Code   RO          526    i.EXTI_Init         stm32f4xx_exti.o
    0x08000a64   0x08000a64   0x00000024   Code   RO          593    i.FSMC_NORSRAMCmd   stm32f4xx_fsmc.o
    0x08000a88   0x08000a88   0x000000ca   Code   RO          595    i.FSMC_NORSRAMInit  stm32f4xx_fsmc.o
    0x08000b52   0x08000b52   0x0000007c   Code   RO          714    i.GPIO_Init         stm32f4xx_gpio.o
    0x08000bce   0x08000bce   0x00000020   Code   RO          715    i.GPIO_PinAFConfig  stm32f4xx_gpio.o
    0x08000bee   0x08000bee   0x0000000e   Code   RO          718    i.GPIO_ReadInputDataBit  stm32f4xx_gpio.o
    0x08000bfc   0x08000bfc   0x00000004   Code   RO          721    i.GPIO_ResetBits    stm32f4xx_gpio.o
    0x08000c00   0x08000c00   0x00000004   Code   RO          722    i.GPIO_SetBits      stm32f4xx_gpio.o
    0x08000c04   0x08000c04   0x00000094   Code   RO         2910    i.HSE_SetSysClock   clk_timer.o
    0x08000c98   0x08000c98   0x00000002   Code   RO          196    i.HardFault_Handler  stm32f4xx_it.o
    0x08000c9a   0x08000c9a   0x00000002   PAD
    0x08000c9c   0x08000c9c   0x00000040   Code   RO         3115    i.Head_state        head.o
    0x08000cdc   0x08000cdc   0x00000018   Code   RO         4863    i.Homeview_create   homeview.o
    0x08000cf4   0x08000cf4   0x00000028   Code   RO         4864    i.Homeview_process  homeview.o
    0x08000d1c   0x08000d1c   0x00000030   Code   RO         4545    i.LCD_Clear         lcd.o
    0x08000d4c   0x08000d4c   0x00000048   Code   RO         4549    i.LCD_Display_Dir   lcd.o
    0x08000d94   0x08000d94   0x00000054   Code   RO         4554    i.LCD_Fast_DrawPoint  lcd.o
    0x08000de8   0x08000de8   0x00000044   Code   RO         4555    i.LCD_Fill          lcd.o
    0x08000e2c   0x08000e2c   0x000001c8   Code   RO         4556    i.LCD_Init          lcd.o
    0x08000ff4   0x08000ff4   0x00000014   Code   RO         4558    i.LCD_RD_DATA       lcd.o
    0x08001008   0x08001008   0x00000014   Code   RO         4560    i.LCD_ReadReg       lcd.o
    0x0800101c   0x0800101c   0x000000f8   Code   RO         4562    i.LCD_Scan_Dir      lcd.o
    0x08001114   0x08001114   0x00000048   Code   RO         4563    i.LCD_SetCursor     lcd.o
    0x0800115c   0x0800115c   0x000000e0   Code   RO         4565    i.LCD_ShowChar      lcd.o
    0x0800123c   0x0800123c   0x00000054   Code   RO         4567    i.LCD_ShowString    lcd.o
    0x08001290   0x08001290   0x0000000c   Code   RO         4569    i.LCD_WR_DATA       lcd.o
    0x0800129c   0x0800129c   0x0000000c   Code   RO         4570    i.LCD_WR_REG        lcd.o
    0x080012a8   0x080012a8   0x00000014   Code   RO         4572    i.LCD_WriteRAM_Prepare  lcd.o
    0x080012bc   0x080012bc   0x00000010   Code   RO         4573    i.LCD_WriteReg      lcd.o
    0x080012cc   0x080012cc   0x00000024   Code   RO         3784    i.LED_Init          led_driver.o
    0x080012f0   0x080012f0   0x00000024   Code   RO         3785    i.LED_switch        led_driver.o
    0x08001314   0x08001314   0x00000036   Code   RO         3786    i.LED_test          led_driver.o
    0x0800134a   0x0800134a   0x00000002   Code   RO          197    i.MemManage_Handler  stm32f4xx_it.o
    0x0800134c   0x0800134c   0x00000048   Code   RO         3825    i.Mon_hello         mon.o
    0x08001394   0x08001394   0x00000028   Code   RO         3826    i.Mon_polling       mon.o
    0x080013bc   0x080013bc   0x00000002   Code   RO          198    i.NMI_Handler       stm32f4xx_it.o
    0x080013be   0x080013be   0x00000026   Code   RO         3320    i.NVIC_Configuration  usart.o
    0x080013e4   0x080013e4   0x00000068   Code   RO          329    i.NVIC_Init         misc.o
    0x0800144c   0x0800144c   0x00000014   Code   RO          330    i.NVIC_PriorityGroupConfig  misc.o
    0x08001460   0x08001460   0x0000000c   Code   RO          811    i.PWR_BackupAccessCmd  stm32f4xx_pwr.o
    0x0800146c   0x0800146c   0x00000002   Code   RO          199    i.PendSV_Handler    stm32f4xx_it.o
    0x0800146e   0x0800146e   0x00000002   PAD
    0x08001470   0x08001470   0x00000018   Code   RO         4905    i.Popout_create     popout.o
    0x08001488   0x08001488   0x00000028   Code   RO         4906    i.Popout_process    popout.o
    0x080014b0   0x080014b0   0x0000003c   Code   RO         4907    i.Popout_show       popout.o
    0x080014ec   0x080014ec   0x0000001c   Code   RO          933    i.RCC_AHB1PeriphClockCmd  stm32f4xx_rcc.o
    0x08001508   0x08001508   0x0000001c   Code   RO          936    i.RCC_AHB2PeriphClockCmd  stm32f4xx_rcc.o
    0x08001524   0x08001524   0x0000001c   Code   RO          939    i.RCC_AHB3PeriphClockCmd  stm32f4xx_rcc.o
    0x08001540   0x08001540   0x0000001c   Code   RO          942    i.RCC_APB1PeriphClockCmd  stm32f4xx_rcc.o
    0x0800155c   0x0800155c   0x0000001c   Code   RO          944    i.RCC_APB1PeriphResetCmd  stm32f4xx_rcc.o
    0x08001578   0x08001578   0x0000001c   Code   RO          945    i.RCC_APB2PeriphClockCmd  stm32f4xx_rcc.o
    0x08001594   0x08001594   0x0000001c   Code   RO          947    i.RCC_APB2PeriphResetCmd  stm32f4xx_rcc.o
    0x080015b0   0x080015b0   0x000000a0   Code   RO          954    i.RCC_GetClocksFreq  stm32f4xx_rcc.o
    0x08001650   0x08001650   0x00000038   Code   RO          955    i.RCC_GetFlagStatus  stm32f4xx_rcc.o
    0x08001688   0x08001688   0x00000010   Code   RO          957    i.RCC_GetSYSCLKSource  stm32f4xx_rcc.o
    0x08001698   0x08001698   0x00000014   Code   RO          958    i.RCC_HCLKConfig    stm32f4xx_rcc.o
    0x080016ac   0x080016ac   0x00000010   Code   RO          959    i.RCC_HSEConfig     stm32f4xx_rcc.o
    0x080016bc   0x080016bc   0x00000020   Code   RO          963    i.RCC_LSEConfig     stm32f4xx_rcc.o
    0x080016dc   0x080016dc   0x00000014   Code   RO          969    i.RCC_PCLK1Config   stm32f4xx_rcc.o
    0x080016f0   0x080016f0   0x00000014   Code   RO          970    i.RCC_PCLK2Config   stm32f4xx_rcc.o
    0x08001704   0x08001704   0x0000000c   Code   RO          971    i.RCC_PLLCmd        stm32f4xx_rcc.o
    0x08001710   0x08001710   0x00000024   Code   RO          972    i.RCC_PLLConfig     stm32f4xx_rcc.o
    0x08001734   0x08001734   0x0000000c   Code   RO          977    i.RCC_RTCCLKCmd     stm32f4xx_rcc.o
    0x08001740   0x08001740   0x00000030   Code   RO          978    i.RCC_RTCCLKConfig  stm32f4xx_rcc.o
    0x08001770   0x08001770   0x00000014   Code   RO          983    i.RCC_SYSCLKConfig  stm32f4xx_rcc.o
    0x08001784   0x08001784   0x00000030   Code   RO          985    i.RCC_WaitForHSEStartUp  stm32f4xx_rcc.o
    0x080017b4   0x080017b4   0x00000020   Code   RO         1269    i.RNG_Cmd           stm32f4xx_rng.o
    0x080017d4   0x080017d4   0x00000014   Code   RO         1271    i.RNG_GetFlagStatus  stm32f4xx_rng.o
    0x080017e8   0x080017e8   0x00000064   Code   RO         3269    i.RNG_Init          sys.o
    0x0800184c   0x0800184c   0x00000040   Code   RO         3158    i.RTC_Alarm_IRQHandler  rtc.o
    0x0800188c   0x0800188c   0x00000012   Code   RO         1332    i.RTC_Bcd2ToByte    stm32f4xx_rtc.o
    0x0800189e   0x0800189e   0x00000018   Code   RO         1334    i.RTC_ByteToBcd2    stm32f4xx_rtc.o
    0x080018b6   0x080018b6   0x00000002   PAD
    0x080018b8   0x080018b8   0x0000001c   Code   RO         1337    i.RTC_ClearFlag     stm32f4xx_rtc.o
    0x080018d4   0x080018d4   0x00000044   Code   RO         1344    i.RTC_EnterInitMode  stm32f4xx_rtc.o
    0x08001918   0x08001918   0x00000010   Code   RO         1345    i.RTC_ExitInitMode  stm32f4xx_rtc.o
    0x08001928   0x08001928   0x00000048   Code   RO         1348    i.RTC_GetDate       stm32f4xx_rtc.o
    0x08001970   0x08001970   0x0000001c   Code   RO         1349    i.RTC_GetFlagStatus  stm32f4xx_rtc.o
    0x0800198c   0x0800198c   0x0000004c   Code   RO         1353    i.RTC_GetTime       stm32f4xx_rtc.o
    0x080019d8   0x080019d8   0x00000050   Code   RO         1358    i.RTC_Init          stm32f4xx_rtc.o
    0x08001a28   0x08001a28   0x00000014   Code   RO         1361    i.RTC_ReadBackupRegister  stm32f4xx_rtc.o
    0x08001a3c   0x08001a3c   0x000000a4   Code   RO         1364    i.RTC_SetDate       stm32f4xx_rtc.o
    0x08001ae0   0x08001ae0   0x000000a8   Code   RO         1365    i.RTC_SetTime       stm32f4xx_rtc.o
    0x08001b88   0x08001b88   0x0000001c   Code   RO         3160    i.RTC_Set_Date      rtc.o
    0x08001ba4   0x08001ba4   0x0000001c   Code   RO         3161    i.RTC_Set_Time      rtc.o
    0x08001bc0   0x08001bc0   0x00000048   Code   RO         3164    i.RTC_WKUP_IRQHandler  rtc.o
    0x08001c08   0x08001c08   0x0000004c   Code   RO         1381    i.RTC_WaitForSynchro  stm32f4xx_rtc.o
    0x08001c54   0x08001c54   0x00000014   Code   RO         1384    i.RTC_WriteBackupRegister  stm32f4xx_rtc.o
    0x08001c68   0x08001c68   0x0000000c   Code   RO         2716    i.SDIO_ClearFlag    stm32f4xx_sdio.o
    0x08001c74   0x08001c74   0x00000014   Code   RO         2728    i.SDIO_GetFlagStatus  stm32f4xx_sdio.o
    0x08001c88   0x08001c88   0x00000004   Code   RO         3463    i.SDIO_IRQHandler   sdio_sdcard.o
    0x08001c8c   0x08001c8c   0x00000028   Code   RO         2736    i.SDIO_SendCommand  stm32f4xx_sdio.o
    0x08001cb4   0x08001cb4   0x000000f4   Code   RO         3473    i.SD_ProcessIRQSrc  sdio_sdcard.o
    0x08001da8   0x08001da8   0x00000034   Code   RO         3232    i.SPI1_ReadWriteByte  spi.o
    0x08001ddc   0x08001ddc   0x00000018   Code   RO         1689    i.SPI_Cmd           stm32f4xx_spi.o
    0x08001df4   0x08001df4   0x0000000e   Code   RO         1697    i.SPI_I2S_GetFlagStatus  stm32f4xx_spi.o
    0x08001e02   0x08001e02   0x00000004   Code   RO         1700    i.SPI_I2S_ReceiveData  stm32f4xx_spi.o
    0x08001e06   0x08001e06   0x00000004   Code   RO         1701    i.SPI_I2S_SendData  stm32f4xx_spi.o
    0x08001e0a   0x08001e0a   0x00000038   Code   RO         1702    i.SPI_Init          stm32f4xx_spi.o
    0x08001e42   0x08001e42   0x00000002   Code   RO          200    i.SVC_Handler       stm32f4xx_it.o
    0x08001e44   0x08001e44   0x0000002c   Code   RO         1850    i.SYSCFG_EXTILineConfig  stm32f4xx_syscfg.o
    0x08001e70   0x08001e70   0x0000001c   Code   RO         4991    i.Send_message      view.o
    0x08001e8c   0x08001e8c   0x000000b8   Code   RO          285    i.SetSysClock       system_stm32f4xx.o
    0x08001f44   0x08001f44   0x00000068   Code   RO         4947    i.Setup_show        setupview.o
    0x08001fac   0x08001fac   0x00000018   Code   RO         4948    i.Setupview_create  setupview.o
    0x08001fc4   0x08001fc4   0x00000028   Code   RO         4949    i.Setupview_process  setupview.o
    0x08001fec   0x08001fec   0x00000040   Code   RO         2911    i.SysTick_Handler   clk_timer.o
    0x0800202c   0x0800202c   0x00000040   Code   RO         2912    i.SysTick_init      clk_timer.o
    0x0800206c   0x0800206c   0x0000005c   Code   RO          287    i.SystemInit        system_stm32f4xx.o
    0x080020c8   0x080020c8   0x00000058   Code   RO         4865    i.Touch_process     homeview.o
    0x08002120   0x08002120   0x00000044   Code   RO         4908    i.Touch_process     popout.o
    0x08002164   0x08002164   0x00000050   Code   RO         4950    i.Touch_process     setupview.o
    0x080021b4   0x080021b4   0x00000080   Code   RO         3321    i.USART1_IRQHandler  usart.o
    0x08002234   0x08002234   0x00000018   Code   RO         2469    i.USART_Cmd         stm32f4xx_usart.o
    0x0800224c   0x0800224c   0x0000000e   Code   RO         2472    i.USART_GetFlagStatus  stm32f4xx_usart.o
    0x0800225a   0x0800225a   0x00000040   Code   RO         2473    i.USART_GetITStatus  stm32f4xx_usart.o
    0x0800229a   0x0800229a   0x00000036   Code   RO         2475    i.USART_ITConfig    stm32f4xx_usart.o
    0x080022d0   0x080022d0   0x000000bc   Code   RO         2476    i.USART_Init        stm32f4xx_usart.o
    0x0800238c   0x0800238c   0x00000008   Code   RO         2483    i.USART_ReceiveData  stm32f4xx_usart.o
    0x08002394   0x08002394   0x00000008   Code   RO         2486    i.USART_SendData    stm32f4xx_usart.o
    0x0800239c   0x0800239c   0x00000002   Code   RO          201    i.UsageFault_Handler  stm32f4xx_it.o
    0x0800239e   0x0800239e   0x00000018   Code   RO         3322    i.Usart_SendByte    usart.o
    0x080023b6   0x080023b6   0x00000026   Code   RO         3323    i.Usart_SendString  usart.o
    0x080023dc   0x080023dc   0x00000020   Code   RO         4992    i.View_create       view.o
    0x080023fc   0x080023fc   0x0000001c   Code   RO         4993    i.View_destroy      view.o
    0x08002418   0x08002418   0x00000006   Code   RO         4994    i.View_init         view.o
    0x0800241e   0x0800241e   0x00000002   PAD
    0x08002420   0x08002420   0x00000030   Code   RO         4995    i.View_switch       view.o
    0x08002450   0x08002450   0x0000005c   Code   RO         3955    i.W25QXX_Init       w25q16.o
    0x080024ac   0x080024ac   0x00000050   Code   RO         3958    i.W25QXX_ReadID     w25q16.o
    0x080024fc   0x080024fc   0x0000000c   Code   RO         2653    i.WWDG_ClearFlag    stm32f4xx_wwdg.o
    0x08002508   0x08002508   0x00000018   Code   RO         2654    i.WWDG_DeInit       stm32f4xx_wwdg.o
    0x08002520   0x08002520   0x00000020   Code   RO         3418    i.WWDG_IRQHandler   wwdg.o
    0x08002540   0x08002540   0x00000010   Code   RO         2658    i.WWDG_SetCounter   stm32f4xx_wwdg.o
    0x08002550   0x08002550   0x00000006   Code   RO         3420    i.WWDG_feed         wwdg.o
    0x08002556   0x08002556   0x00000002   Code   RO         3324    i._sys_exit         usart.o
    0x08002558   0x08002558   0x00000034   Code   RO         2913    i.check_runout      clk_timer.o
    0x0800258c   0x0800258c   0x0000000c   Code   RO         2914    i.check_tick        clk_timer.o
    0x08002598   0x08002598   0x0000002c   Code   RO         2915    i.check_timeout     clk_timer.o
    0x080025c4   0x080025c4   0x00000070   Code   RO         3827    i.command_handler   mon.o
    0x08002634   0x08002634   0x0000001c   Code   RO         2916    i.deal_overflow     clk_timer.o
    0x08002650   0x08002650   0x0000001c   Code   RO         2917    i.delay_ms          clk_timer.o
    0x0800266c   0x0800266c   0x0000000c   Code   RO         2918    i.delay_us          clk_timer.o
    0x08002678   0x08002678   0x000000c4   Code   RO         3233    i.flash_spi_init    spi.o
    0x0800273c   0x0800273c   0x00000014   Code   RO         3326    i.fputc             usart.o
    0x08002750   0x08002750   0x0000001c   Code   RO         3327    i.get_mon_buf       usart.o
    0x0800276c   0x0800276c   0x00000040   Code   RO         3165    i.get_time          rtc.o
    0x080027ac   0x080027ac   0x00000068   Code   RO         3058    i.gpio_init         gpio.o
    0x08002814   0x08002814   0x0000000c   Code   RO         3059    i.gpio_out          gpio.o
    0x08002820   0x08002820   0x0000006c   Code   RO         4866    i.home_show         homeview.o
    0x0800288c   0x0800288c   0x00000008   Code   RO         2921    i.insert_execute    clk_timer.o
    0x08002894   0x08002894   0x0000006c   Code   RO         2922    i.insert_task       clk_timer.o
    0x08002900   0x08002900   0x0000009c   Code   RO         2923    i.insert_task_list  clk_timer.o
    0x0800299c   0x0800299c   0x0000001c   Code   RO         2924    i.insert_task_tail  clk_timer.o
    0x080029b8   0x080029b8   0x0000003c   Code   RO         3060    i.io_interrupt_init  gpio.o
    0x080029f4   0x080029f4   0x00000088   Code   RO         3737    i.key0_task         keyboard_driver.o
    0x08002a7c   0x08002a7c   0x00000088   Code   RO         3738    i.key1_task         keyboard_driver.o
    0x08002b04   0x08002b04   0x00000044   Code   RO         3739    i.key_init          keyboard_driver.o
    0x08002b48   0x08002b48   0x00000018   Code   RO         3741    i.key_task_init     keyboard_driver.o
    0x08002b60   0x08002b60   0x000010ac   Code   RO         4574    i.lcd_soft_init     lcd.o
    0x08003c0c   0x08003c0c   0x0000005c   Code   RO            3    i.main              main.o
    0x08003c68   0x08003c68   0x00000010   Code   RO         3329    i.mon_flag_rw       usart.o
    0x08003c78   0x08003c78   0x00000018   Code   RO         2925    i.ms_10             clk_timer.o
    0x08003c90   0x08003c90   0x00000018   Code   RO         2926    i.ms_100            clk_timer.o
    0x08003ca8   0x08003ca8   0x00000090   Code   RO         3117    i.my_free           head.o
    0x08003d38   0x08003d38   0x0000003c   Code   RO         3118    i.my_head_init      head.o
    0x08003d74   0x08003d74   0x0000007c   Code   RO         3119    i.my_malloc         head.o
    0x08003df0   0x08003df0   0x00000034   Code   RO         2927    i.polling           clk_timer.o
    0x08003e24   0x08003e24   0x0000000c   Code   RO         3330    i.reset_data        usart.o
    0x08003e30   0x08003e30   0x0000000c   Code   RO         3331    i.reset_mon_buf     usart.o
    0x08003e3c   0x08003e3c   0x00000088   Code   RO         3166    i.rtc_init          rtc.o
    0x08003ec4   0x08003ec4   0x00000068   Code   RO         3828    i.search_arg        mon.o
    0x08003f2c   0x08003f2c   0x00000040   Code   RO         3829    i.search_command    mon.o
    0x08003f6c   0x08003f6c   0x00000020   Code   RO         3830    i.search_len        mon.o
    0x08003f8c   0x08003f8c   0x00000044   Code   RO         3831    i.send_touch        mon.o
    0x08003fd0   0x08003fd0   0x0000003c   Code   RO            4    i.sys_init          main.o
    0x0800400c   0x0800400c   0x00000004   Code   RO            5    i.task_init         main.o
    0x08004010   0x08004010   0x00000070   Code   RO         3833    i.timer_test        mon.o
    0x08004080   0x08004080   0x00000020   Code   RO         3834    i.timer_test_func   mon.o
    0x080040a0   0x080040a0   0x00000054   Code   RO         3835    i.to_int            mon.o
    0x080040f4   0x080040f4   0x0000000a   Code   RO         5269    x$fpl$fpinit        fz_wm.l(fpinit.o)
    0x080040fe   0x080040fe   0x000017c0   Data   RO         4577    .constdata          lcd.o
    0x080058be   0x080058be   0x00000002   PAD
    0x080058c0   0x080058c0   0x00000020   Data   RO         4867    .constdata          homeview.o
    0x080058e0   0x080058e0   0x00000010   Data   RO         4909    .constdata          popout.o
    0x080058f0   0x080058f0   0x00000020   Data   RO         4951    .constdata          setupview.o
    0x08005910   0x08005910   0x0000000c   Data   RO         4998    .constdata          view.o
    0x0800591c   0x0800591c   0x00000028   Data   RO         5072    .constdata          c_w.l(_printf_hex_int.o)
    0x08005944   0x08005944   0x0000001f   Data   RO         3836    .conststring        mon.o
    0x08005963   0x08005963   0x00000001   PAD
    0x08005964   0x08005964   0x00000020   Data   RO         5325    Region$$Table       anon$$obj.o


    Execution Region RW_IRAM1 (Exec base: 0x20000000, Load base: 0x08005984, Size: 0x00001698, Max: 0x00020000, ABSOLUTE, COMPRESSED[0x00000088])

    Exec Addr    Load Addr    Size         Type   Attr      Idx    E Section Name        Object

    0x20000000   COMPRESSED   0x00000014   Data   RW          288    .data               system_stm32f4xx.o
    0x20000014   COMPRESSED   0x00000010   Data   RW          986    .data               stm32f4xx_rcc.o
    0x20000024   COMPRESSED   0x0000002c   Data   RW         2930    .data               clk_timer.o
    0x20000050   COMPRESSED   0x00000008   Data   RW         3062    .data               gpio.o
    0x20000058   COMPRESSED   0x00000044   Data   RW         3121    .data               head.o
    0x2000009c   COMPRESSED   0x00000010   Data   RW         3122    .data               head.o
    0x200000ac   COMPRESSED   0x00000004   Data   RW         3333    .data               usart.o
    0x200000b0   COMPRESSED   0x00000010   Data   RW         3486    .data               sdio_sdcard.o
    0x200000c0   COMPRESSED   0x00000030   Data   RW         3742    .data               keyboard_driver.o
    0x200000f0   COMPRESSED   0x0000002c   Data   RW         3837    .data               mon.o
    0x2000011c   COMPRESSED   0x00000002   Data   RW         3969    .data               w25q16.o
    0x2000011e   COMPRESSED   0x00000004   Data   RW         4578    .data               lcd.o
    0x20000122   COMPRESSED   0x00000002   PAD
    0x20000124   COMPRESSED   0x00000008   Data   RW         4999    .data               view.o
    0x2000012c        -       0x00000020   Zero   RW         2929    .bss                clk_timer.o
    0x2000014c        -       0x00000018   Zero   RW         3061    .bss                gpio.o
    0x20000164        -       0x00000bac   Zero   RW         3120    .bss                head.o
    0x20000d10        -       0x00000048   Zero   RW         3332    .bss                usart.o
    0x20000d58        -       0x000002c0   Zero   RW         3485    .bss                sdio_sdcard.o
    0x20001018        -       0x0000000e   Zero   RW         4576    .bss                lcd.o
    0x20001026   COMPRESSED   0x00000002   PAD
    0x20001028        -       0x0000000c   Zero   RW         4997    .bss                view.o
    0x20001034        -       0x00000060   Zero   RW         5201    .bss                c_w.l(libspace.o)
    0x20001094   COMPRESSED   0x00000004   PAD
    0x20001098        -       0x00000200   Zero   RW          321    HEAP                startup_stm32f40_41xxx.o
    0x20001298        -       0x00000400   Zero   RW          320    STACK               startup_stm32f40_41xxx.o


==============================================================================

Image component sizes


      Code (inc. data)   RO Data    RW Data    ZI Data      Debug   Object Name

       920        164          0         44         32      37522   clk_timer.o
       252         44          0          8         24       4120   gpio.o
       392        114          0         84       2988       3792   head.o
       260         24         32          0          0       2965   homeview.o
       364        118          0         48          0       3193   keyboard_driver.o
      5724        144       6080          4         14      14499   lcd.o
       126         14          0          0          0       2303   led_driver.o
       156         44          0          0          0     309644   main.o
       124         16          0          0          0     232979   misc.o
       720        202         31         44          0       8008   mon.o
       192         22         16          0          0       2859   popout.o
       392         38          0          0          0       3957   rtc.o
       340         22          0         16        704      11438   sdio_sdcard.o
       248         18         32          0          0       2948   setupview.o
       248         16          0          0          0       2868   spi.o
        64         26        392          0       1536        828   startup_stm32f40_41xxx.o
       128         12          0          0          0       1557   stm32f4xx_exti.o
       238          6          0          0          0       1841   stm32f4xx_fsmc.o
       178          0          0          0          0       3443   stm32f4xx_gpio.o
        16          0          0          0          0       3452   stm32f4xx_it.o
        12          6          0          0          0        514   stm32f4xx_pwr.o
       712        122          0         16          0      14469   stm32f4xx_rcc.o
        52         10          0          0          0       1118   stm32f4xx_rng.o
       858         74          0          0          0       9682   stm32f4xx_rtc.o
        72         14          0          0          0       3493   stm32f4xx_sdio.o
       102          0          0          0          0       3446   stm32f4xx_spi.o
        44          6          0          0          0        648   stm32f4xx_syscfg.o
       360          8          0          0          0       5653   stm32f4xx_usart.o
        52         10          0          0          0       1469   stm32f4xx_wwdg.o
       100         32          0          0          0        615   sys.o
       276         34          0         20          0       1681   system_stm32f4xx.o
       462         48          0          4         72       7836   usart.o
       142         32         12          8         12       3228   view.o
       172         36          0          2          0       1790   w25q16.o
        38         16          0          0          0        918   wwdg.o

    ----------------------------------------------------------------------
     14548       1492       6630        300       5384     710776   Object Totals
         0          0         32          0          0          0   (incl. Generated)
        12          0          3          2          2          0   (incl. Padding)

    ----------------------------------------------------------------------

      Code (inc. data)   RO Data    RW Data    ZI Data      Debug   Library Member Name

        90          0          0          0          0          0   __dczerorl2.o
         8          0          0          0          0         68   __main.o
       104          0          0          0          0         84   __printf.o
         0          0          0          0          0          0   __rtentry.o
        12          0          0          0          0          0   __rtentry2.o
         6          0          0          0          0          0   __rtentry4.o
        52          8          0          0          0          0   __scatter.o
        28          0          0          0          0          0   __scatter_zi.o
        44          0          0          0          0        108   _printf_char.o
        48          6          0          0          0         96   _printf_char_common.o
        36          4          0          0          0         80   _printf_char_file.o
         6          0          0          0          0          0   _printf_d.o
       120         16          0          0          0         92   _printf_dec.o
        88          4         40          0          0         88   _printf_hex_int.o
       178          0          0          0          0         88   _printf_intcommon.o
         0          0          0          0          0          0   _printf_percent.o
         4          0          0          0          0          0   _printf_percent_end.o
         6          0          0          0          0          0   _printf_s.o
        82          0          0          0          0         80   _printf_str.o
         6          0          0          0          0          0   _printf_x.o
        18          0          0          0          0         80   exit.o
         8          0          0          0          0         68   ferror.o
         6          0          0          0          0        152   heapauxi.o
         2          0          0          0          0          0   libinit.o
         6          0          0          0          0          0   libinit2.o
         2          0          0          0          0          0   libshutdown.o
         2          0          0          0          0          0   libshutdown2.o
         8          4          0          0         96         68   libspace.o
        24          4          0          0          0         84   noretval__2printf.o
        68          0          0          0          0         68   rt_memclr.o
        78          0          0          0          0         80   rt_memclr_w.o
       138          0          0          0          0         68   rt_memcpy_v6.o
       100          0          0          0          0         80   rt_memcpy_w.o
         2          0          0          0          0          0   rtexit.o
        10          0          0          0          0          0   rtexit2.o
        62          0          0          0          0         76   strlen.o
       150          0          0          0          0         80   strncmp.o
        74          0          0          0          0         80   sys_stackheap_outer.o
         2          0          0          0          0         68   use_no_semi.o
         2          0          0          0          0         68   use_no_semi_2.o
        10          0          0          0          0        116   fpinit.o

    ----------------------------------------------------------------------
      1698         46         40          0        100       2020   Library Totals
         8          0          0          0          4          0   (incl. Padding)

    ----------------------------------------------------------------------

      Code (inc. data)   RO Data    RW Data    ZI Data      Debug   Library Name

      1680         46         40          0         96       1904   c_w.l
        10          0          0          0          0        116   fz_wm.l

    ----------------------------------------------------------------------
      1698         46         40          0        100       2020   Library Totals

    ----------------------------------------------------------------------

==============================================================================


      Code (inc. data)   RO Data    RW Data    ZI Data      Debug   

     16246       1538       6670        300       5484     694308   Grand Totals
     16246       1538       6670        136       5484     694308   ELF Image Totals (compressed)
     16246       1538       6670        136          0          0   ROM Totals

==============================================================================

    Total RO  Size (Code + RO Data)                22916 (  22.38kB)
    Total RW  Size (RW Data + ZI Data)              5784 (   5.65kB)
    Total ROM Size (Code + RO Data + RW Data)      23052 (  22.51kB)

==============================================================================

