Component: ARM Compiler 5.06 update 6 (build 750) Tool: armlink [4d35ed]

==============================================================================

Section Cross References

    main.o(i.AppTaskCreate) refers to port.o(i.vPortEnterCritical) for vPortEnterCritical
    main.o(i.AppTaskCreate) refers to my_task.o(i.LED_test_task) for LED_test_task
    main.o(i.AppTaskCreate) refers to my_task.o(i.keyboard_task) for keyboard_task
    main.o(i.AppTaskCreate) refers to tasks.o(i.vTaskDelete) for vTaskDelete
    main.o(i.AppTaskCreate) refers to port.o(i.vPortExitCritical) for vPortExitCritical
    main.o(i.AppTaskCreate) refers to main.o(.data) for .data
    main.o(i.BSP_Init) refers to usart.o(i.Debug_USART_Config) for Debug_USART_Config
    main.o(i.BSP_Init) refers to led_service.o(i.LED_Init) for LED_Init
    main.o(i.BSP_Init) refers to keyboard_driver.o(i.key_init) for key_init
    main.o(i.BSP_Init) refers to lcd.o(i.LCD_Init) for LCD_Init
    main.o(i.BSP_Init) refers to rtc.o(i.rtc_init) for rtc_init
    main.o(i.BSP_Init) refers to sys.o(i.RNG_Init) for RNG_Init
    main.o(i.BSP_Init) refers to w25q16.o(i.W25QXX_Init) for W25QXX_Init
    main.o(i.main) refers to _printf_percent.o(.ARM.Collect$$_printf_percent$$00000000) for _printf_percent
    main.o(i.main) refers to _printf_d.o(.ARM.Collect$$_printf_percent$$00000009) for _printf_d
    main.o(i.main) refers to _printf_s.o(.ARM.Collect$$_printf_percent$$00000014) for _printf_s
    main.o(i.main) refers to _printf_dec.o(.text) for _printf_int_dec
    main.o(i.main) refers to _printf_str.o(.text) for _printf_str
    main.o(i.main) refers to main.o(i.BSP_Init) for BSP_Init
    main.o(i.main) refers to view.o(i.View_init) for View_init
    main.o(i.main) refers to lcd.o(i.LCD_ShowString) for LCD_ShowString
    main.o(i.main) refers to noretval__2printf.o(.text) for __2printf
    main.o(i.main) refers to tasks.o(i.xTaskCreate) for xTaskCreate
    main.o(i.main) refers to tasks.o(i.vTaskStartScheduler) for vTaskStartScheduler
    main.o(i.main) refers to main.o(.data) for .data
    main.o(i.main) refers to main.o(i.AppTaskCreate) for AppTaskCreate
    system_stm32f4xx.o(i.SystemCoreClockUpdate) refers to system_stm32f4xx.o(.data) for .data
    system_stm32f4xx.o(i.SystemInit) refers to system_stm32f4xx.o(i.SetSysClock) for SetSysClock
    my_task.o(i.LED_test_task) refers to _printf_percent.o(.ARM.Collect$$_printf_percent$$00000000) for _printf_percent
    my_task.o(i.LED_test_task) refers to _printf_d.o(.ARM.Collect$$_printf_percent$$00000009) for _printf_d
    my_task.o(i.LED_test_task) refers to _printf_s.o(.ARM.Collect$$_printf_percent$$00000014) for _printf_s
    my_task.o(i.LED_test_task) refers to _printf_dec.o(.text) for _printf_int_dec
    my_task.o(i.LED_test_task) refers to _printf_str.o(.text) for _printf_str
    my_task.o(i.LED_test_task) refers to tasks.o(i.xTaskCreate) for xTaskCreate
    my_task.o(i.LED_test_task) refers to noretval__2printf.o(.text) for __2printf
    my_task.o(i.LED_test_task) refers to my_task.o(.data) for .data
    my_task.o(i.LED_test_task) refers to led_package.o(i.LED_0_Task) for LED_0_Task
    my_task.o(i.LED_test_task) refers to led_package.o(i.LED_1_Task) for LED_1_Task
    my_task.o(i.keyboard_task) refers to _printf_percent.o(.ARM.Collect$$_printf_percent$$00000000) for _printf_percent
    my_task.o(i.keyboard_task) refers to _printf_d.o(.ARM.Collect$$_printf_percent$$00000009) for _printf_d
    my_task.o(i.keyboard_task) refers to _printf_s.o(.ARM.Collect$$_printf_percent$$00000014) for _printf_s
    my_task.o(i.keyboard_task) refers to _printf_dec.o(.text) for _printf_int_dec
    my_task.o(i.keyboard_task) refers to _printf_str.o(.text) for _printf_str
    my_task.o(i.keyboard_task) refers to tasks.o(i.xTaskCreate) for xTaskCreate
    my_task.o(i.keyboard_task) refers to noretval__2printf.o(.text) for __2printf
    my_task.o(i.keyboard_task) refers to my_task.o(.data) for .data
    my_task.o(i.keyboard_task) refers to keyboard_driver.o(i.key0_task) for key0_task
    my_task.o(i.keyboard_task) refers to keyboard_driver.o(i.key1_task) for key1_task
    startup_stm32f40_41xxx.o(STACK) refers (Special) to heapauxi.o(.text) for __use_two_region_memory
    startup_stm32f40_41xxx.o(HEAP) refers (Special) to heapauxi.o(.text) for __use_two_region_memory
    startup_stm32f40_41xxx.o(RESET) refers (Special) to heapauxi.o(.text) for __use_two_region_memory
    startup_stm32f40_41xxx.o(RESET) refers to startup_stm32f40_41xxx.o(STACK) for __initial_sp
    startup_stm32f40_41xxx.o(RESET) refers to startup_stm32f40_41xxx.o(.text) for Reset_Handler
    startup_stm32f40_41xxx.o(RESET) refers to stm32f4xx_it.o(i.NMI_Handler) for NMI_Handler
    startup_stm32f40_41xxx.o(RESET) refers to stm32f4xx_it.o(i.HardFault_Handler) for HardFault_Handler
    startup_stm32f40_41xxx.o(RESET) refers to stm32f4xx_it.o(i.MemManage_Handler) for MemManage_Handler
[...]
    pxEnd                                    0x20000078   Data           4  heap_4.o(.data)
    xFreeBytesRemaining                      0x2000007c   Data           4  heap_4.o(.data)
    xMinimumEverFreeBytesRemaining           0x20000080   Data           4  heap_4.o(.data)
    xBlockAllocatedBit                       0x20000084   Data           4  heap_4.o(.data)
    xStart                                   0x20000088   Data           8  heap_4.o(.data)
    .data                                    0x20000090   Section       12  port.o(.data)
    ucMaxSysCallPriority                     0x20000090   Data           1  port.o(.data)
    uxCriticalNesting                        0x20000094   Data           4  port.o(.data)
    ulMaxPRIGROUPValue                       0x20000098   Data           4  port.o(.data)
    .data                                    0x2000009c   Section       60  tasks.o(.data)
    uxDeletedTasksWaitingCleanUp             0x200000a0   Data           4  tasks.o(.data)
    uxCurrentNumberOfTasks                   0x200000a4   Data           4  tasks.o(.data)
    xTickCount                               0x200000a8   Data           4  tasks.o(.data)
    uxTopReadyPriority                       0x200000ac   Data           4  tasks.o(.data)
    xSchedulerRunning                        0x200000b0   Data           4  tasks.o(.data)
    uxPendedTicks                            0x200000b4   Data           4  tasks.o(.data)
    xYieldPending                            0x200000b8   Data           4  tasks.o(.data)
    xNumOfOverflows                          0x200000bc   Data           4  tasks.o(.data)
    uxTaskNumber                             0x200000c0   Data           4  tasks.o(.data)
    xNextTaskUnblockTime                     0x200000c4   Data           4  tasks.o(.data)
    xIdleTaskHandle                          0x200000c8   Data           4  tasks.o(.data)
    uxSchedulerSuspended                     0x200000cc   Data           4  tasks.o(.data)
    pxDelayedTaskList                        0x200000d0   Data           4  tasks.o(.data)
    pxOverflowDelayedTaskList                0x200000d4   Data           4  tasks.o(.data)
    .data                                    0x200000d8   Section       20  timers.o(.data)
    xTimerQueue                              0x200000d8   Data           4  timers.o(.data)
    xTimerTaskHandle                         0x200000dc   Data           4  timers.o(.data)
    xLastTime                                0x200000e0   Data           4  timers.o(.data)
    pxCurrentTimerList                       0x200000e4   Data           4  timers.o(.data)
    pxOverflowTimerList                      0x200000e8   Data           4  timers.o(.data)
    .bss                                     0x200000ec   Section       24  gpio.o(.bss)
    .bss                                     0x20000104   Section       72  usart.o(.bss)
    debug                                    0x20000104   Data          34  usart.o(.bss)
    monitor                                  0x20000128   Data          36  usart.o(.bss)
    .bss                                     0x20000150   Section      704  sdio_sdcard.o(.bss)
    CSD_Tab                                  0x20000194   Data          16  sdio_sdcard.o(.bss)
    CID_Tab                                  0x200001a4   Data          16  sdio_sdcard.o(.bss)
    .bss                                     0x20000410   Section       14  lcd.o(.bss)
    .bss                                     0x2000041e   Section     4096  flash_service.o(.bss)
    .bss                                     0x20001420   Section       12  view.o(.bss)
    .bss                                     0x2000142c   Section    36864  heap_4.o(.bss)
    ucHeap                                   0x2000142c   Data       36864  heap_4.o(.bss)
    .bss                                     0x2000a42c   Section       64  queue.o(.bss)
    .bss                                     0x2000a46c   Section      260  tasks.o(.bss)
    pxReadyTasksLists                        0x2000a46c   Data         160  tasks.o(.bss)
    xDelayedTaskList1                        0x2000a50c   Data          20  tasks.o(.bss)
    xDelayedTaskList2                        0x2000a520   Data          20  tasks.o(.bss)
    xPendingReadyList                        0x2000a534   Data          20  tasks.o(.bss)
    xTasksWaitingTermination                 0x2000a548   Data          20  tasks.o(.bss)
    xSuspendedTaskList                       0x2000a55c   Data          20  tasks.o(.bss)
    .bss                                     0x2000a570   Section       40  timers.o(.bss)
    xActiveTimerList1                        0x2000a570   Data          20  timers.o(.bss)
    xActiveTimerList2                        0x2000a584   Data          20  timers.o(.bss)
    .bss                                     0x2000a598   Section       96  libspace.o(.bss)
    HEAP                                     0x2000a5f8   Section      512  startup_stm32f40_41xxx.o(HEAP)
    Heap_Mem                                 0x2000a5f8   Data         512  startup_stm32f40_41xxx.o(HEAP)
    STACK                                    0x2000a7f8   Section     1024  startup_stm32f40_41xxx.o(STACK)
    Stack_Mem                                0x2000a7f8   Data        1024  startup_stm32f40_41xxx.o(STACK)
    __initial_sp                             0x2000abf8   Data           0  startup_stm32f40_41xxx.o(STACK)

    Global Symbols

    Symbol Name                              Value     Ov Type        Size  Object(Section)

    BuildAttributes$$THM_ISAv4$E$P$D$K$B$S$7EM$VFPi3$EXTD16$VFPS$VFMA$PE$A:L22UL41UL21$X:L11$S22US41US21$IEEE1$IW$USESV6$~STKCKD$USESV7$ENUMINT$~SHL$OSPACE$ROPI$EBA8$UX$STANDARDLIB$REQ8$PRES8$EABIv2 0x00000000   Number         0  anon$$obj.o ABSOLUTE
    __ARM_use_no_argv                        0x00000000   Number         0  main.o ABSOLUTE
    __ARM_exceptions_init                     - Undefined Weak Reference
    __alloca_initialize                       - Undefined Weak Reference
    __arm_preinit_                            - Undefined Weak Reference
    __cpp_initialize__aeabi_                  - Undefined Weak Reference
    __cxa_finalize                            - Undefined Weak Reference
    __rt_locale                               - Undefined Weak Reference
    __sigvec_lookup                           - Undefined Weak Reference
    _atexit_init                              - Undefined Weak Reference
    _call_atexit_fns                          - Undefined Weak Reference
    _clock_init                               - Undefined Weak Reference
    _fp_trap_init                             - Undefined Weak Reference
    _fp_trap_shutdown                         - Undefined Weak Reference
    _get_lc_collate                           - Undefined Weak Reference
    _get_lc_ctype                             - Undefined Weak Reference
    _get_lc_monetary                          - Undefined Weak Reference
    _get_lc_numeric                           - Undefined Weak Reference
    _get_lc_time                              - Undefined Weak Reference
    _getenv_init                              - Undefined Weak Reference
    _handle_redirection                       - Undefined Weak Reference
    _init_alloc                               - Undefined Weak Reference
    _init_user_alloc                          - Undefined Weak Reference
    _initio                                   - Undefined Weak Reference
    _mutex_acquire                            - Undefined Weak Reference
    _mutex_release                            - Undefined Weak Reference
    _printf_mbtowc                            - Undefined Weak Reference
    _printf_post_padding                      - Undefined Weak Reference
    _printf_pre_padding                       - Undefined Weak Reference
    _printf_truncate_signed                   - Undefined Weak Reference
    _printf_truncate_unsigned                 - Undefined Weak Reference
    _rand_init                                - Undefined Weak Reference
    _signal_finish                            - Undefined Weak Reference
    _signal_init                              - Undefined Weak Reference
    _terminate_alloc                          - Undefined Weak Reference
    _terminate_user_alloc                     - Undefined Weak Reference
    _terminateio                              - Undefined Weak Reference
    __Vectors_Size                           0x00000188   Number         0  startup_stm32f40_41xxx.o ABSOLUTE
    __Vectors                                0x08000000   Data           4  startup_stm32f40_41xxx.o(RESET)
    __Vectors_End                            0x08000188   Data           0  startup_stm32f40_41xxx.o(RESET)
    __main                                   0x08000189   Thumb Code     8  __main.o(!!!main)
    __scatterload                            0x08000191   Thumb Code     0  __scatter.o(!!!scatter)
    __scatterload_rt2                        0x08000191   Thumb Code    44  __scatter.o(!!!scatter)
    __scatterload_rt2_thumb_only             0x08000191   Thumb Code     0  __scatter.o(!!!scatter)
    __scatterload_null                       0x0800019f   Thumb Code     0  __scatter.o(!!!scatter)
    __scatterload_copy                       0x080001c5   Thumb Code    26  __scatter_copy.o(!!handler_copy)
    __scatterload_zeroinit                   0x080001e1   Thumb Code    28  __scatter_zi.o(!!handler_zi)
    _printf_d                                0x080001fd   Thumb Code     0  _printf_d.o(.ARM.Collect$$_printf_percent$$00000009)
    _printf_percent                          0x080001fd   Thumb Code     0  _printf_percent.o(.ARM.Collect$$_printf_percent$$00000000)
    _printf_x                                0x08000203   Thumb Code     0  _printf_x.o(.ARM.Collect$$_printf_percent$$0000000C)
    _printf_s                                0x08000209   Thumb Code     0  _printf_s.o(.ARM.Collect$$_printf_percent$$00000014)
    _printf_percent_end                      0x0800020f   Thumb Code     0  _printf_percent_end.o(.ARM.Collect$$_printf_percent$$00000017)
    __rt_lib_init                            0x08000213   Thumb Code     0  libinit.o(.ARM.Collect$$libinit$$00000000)
    __rt_lib_init_fp_1                       0x08000215   Thumb Code     0  libinit2.o(.ARM.Collect$$libinit$$00000001)
    __rt_lib_init_alloca_1                   0x08000219   Thumb Code     0  libinit2.o(.ARM.Collect$$libinit$$0000002E)
    __rt_lib_init_argv_1                     0x08000219   Thumb Code     0  libinit2.o(.ARM.Collect$$libinit$$0000002C)
    __rt_lib_init_atexit_1                   0x08000219   Thumb Code     0  libinit2.o(.ARM.Collect$$libinit$$0000001B)
    __rt_lib_init_clock_1                    0x08000219   Thumb Code     0  libinit2.o(.ARM.Collect$$libinit$$00000021)
    __rt_lib_init_cpp_1                      0x08000219   Thumb Code     0  libinit2.o(.ARM.Collect$$libinit$$00000032)
    __rt_lib_init_exceptions_1               0x08000219   Thumb Code     0  libinit2.o(.ARM.Collect$$libinit$$00000030)
    __rt_lib_init_fp_trap_1                  0x08000219   Thumb Code     0  libinit2.o(.ARM.Collect$$libinit$$0000001F)
    __rt_lib_init_getenv_1                   0x08000219   Thumb Code     0  libinit2.o(.ARM.Collect$$libinit$$00000023)
    __rt_lib_init_heap_1                     0x08000219   Thumb Code     0  libinit2.o(.ARM.Collect$$libinit$$0000000A)
    __rt_lib_init_lc_collate_1               0x08000219   Thumb Code     0  libinit2.o(.ARM.Collect$$libinit$$00000011)
    __rt_lib_init_lc_ctype_1                 0x08000219   Thumb Code     0  libinit2.o(.ARM.Collect$$libinit$$00000013)
    __rt_lib_init_lc_monetary_1              0x08000219   Thumb Code     0  libinit2.o(.ARM.Collect$$libinit$$00000015)
    __rt_lib_init_lc_numeric_1               0x08000219   Thumb Code     0  libinit2.o(.ARM.Collect$$libinit$$00000017)
    __rt_lib_init_lc_time_1                  0x08000219   Thumb Code     0  libinit2.o(.ARM.Collect$$libinit$$00000019)
    __rt_lib_init_preinit_1                  0x08000219   Thumb Code     0  libinit2.o(.ARM.Collect$$libinit$$00000004)
    __rt_lib_init_rand_1                     0x08000219   Thumb Code     0  libinit2.o(.ARM.Collect$$libinit$$0000000E)
    __rt_lib_init_return                     0x08000219   Thumb Code     0  libinit2.o(.ARM.Collect$$libinit$$00000033)
    __rt_lib_init_signal_1                   0x08000219   Thumb Code     0  libinit2.o(.ARM.Collect$$libinit$$0000001D)
    __rt_lib_init_stdio_1                    0x08000219   Thumb Code     0  libinit2.o(.ARM.Collect$$libinit$$00000025)
    __rt_lib_init_user_alloc_1               0x08000219   Thumb Code     0  libinit2.o(.ARM.Collect$$libinit$$0000000C)
    __rt_lib_shutdown                        0x0800021b   Thumb Code     0  libshutdown.o(.ARM.Collect$$libshutdown$$00000000)
    __rt_lib_shutdown_cpp_1                  0x0800021d   Thumb Code     0  libshutdown2.o(.ARM.Collect$$libshutdown$$00000002)
    __rt_lib_shutdown_fp_trap_1              0x0800021d   Thumb Code     0  libshutdown2.o(.ARM.Collect$$libshutdown$$00000007)
    __rt_lib_shutdown_heap_1                 0x0800021d   Thumb Code     0  libshutdown2.o(.ARM.Collect$$libshutdown$$0000000F)
    __rt_lib_shutdown_return                 0x0800021d   Thumb Code     0  libshutdown2.o(.ARM.Collect$$libshutdown$$00000010)
    __rt_lib_shutdown_signal_1               0x0800021d   Thumb Code     0  libshutdown2.o(.ARM.Collect$$libshutdown$$0000000A)
    __rt_lib_shutdown_stdio_1                0x0800021d   Thumb Code     0  libshutdown2.o(.ARM.Collect$$libshutdown$$00000004)
    __rt_lib_shutdown_user_alloc_1           0x0800021d   Thumb Code     0  libshutdown2.o(.ARM.Collect$$libshutdown$$0000000C)
    __rt_entry                               0x0800021f   Thumb Code     0  __rtentry.o(.ARM.Collect$$rtentry$$00000000)
    __rt_entry_presh_1                       0x0800021f   Thumb Code     0  __rtentry2.o(.ARM.Collect$$rtentry$$00000002)
    __rt_entry_sh                            0x0800021f   Thumb Code     0  __rtentry4.o(.ARM.Collect$$rtentry$$00000004)
    __rt_entry_li                            0x08000225   Thumb Code     0  __rtentry2.o(.ARM.Collect$$rtentry$$0000000A)
    __rt_entry_postsh_1                      0x08000225   Thumb Code     0  __rtentry2.o(.ARM.Collect$$rtentry$$00000009)
    __rt_entry_main                          0x08000229   Thumb Code     0  __rtentry2.o(.ARM.Collect$$rtentry$$0000000D)
    __rt_entry_postli_1                      0x08000229   Thumb Code     0  __rtentry2.o(.ARM.Collect$$rtentry$$0000000C)
    __rt_exit                                0x08000231   Thumb Code     0  rtexit.o(.ARM.Collect$$rtexit$$00000000)
    __rt_exit_ls                             0x08000233   Thumb Code     0  rtexit2.o(.ARM.Collect$$rtexit$$00000003)
    __rt_exit_prels_1                        0x08000233   Thumb Code     0  rtexit2.o(.ARM.Collect$$rtexit$$00000002)
    __rt_exit_exit                           0x08000237   Thumb Code     0  rtexit2.o(.ARM.Collect$$rtexit$$00000004)
    SVC_Handler                              0x0800023d   Thumb Code    28  port.o(.emb_text)
    __asm___6_port_c_39a90d8d__prvStartFirstTask 0x0800025d   Thumb Code    28  port.o(.emb_text)
    __asm___6_port_c_39a90d8d__prvEnableVFP  0x0800027d   Thumb Code    16  port.o(.emb_text)
    PendSV_Handler                           0x08000291   Thumb Code    88  port.o(.emb_text)
    vPortGetIPSR                             0x080002ed   Thumb Code     6  port.o(.emb_text)
    Reset_Handler                            0x080002f5   Thumb Code     8  startup_stm32f40_41xxx.o(.text)
    ADC_IRQHandler                           0x0800030f   Thumb Code     0  startup_stm32f40_41xxx.o(.text)
    CAN1_RX0_IRQHandler                      0x0800030f   Thumb Code     0  startup_stm32f40_41xxx.o(.text)
    CAN1_RX1_IRQHandler                      0x0800030f   Thumb Code     0  startup_stm32f40_41xxx.o(.text)
    CAN1_SCE_IRQHandler                      0x0800030f   Thumb Code     0  startup_stm32f40_41xxx.o(.text)
    CAN1_TX_IRQHandler                       0x0800030f   Thumb Code     0  startup_stm32f40_41xxx.o(.text)
    CAN2_RX0_IRQHandler                      0x0800030f   Thumb Code     0  startup_stm32f40_41xxx.o(.text)
    CAN2_RX1_IRQHandler                      0x0800030f   Thumb Code     0  startup_stm32f40_41xxx.o(.text)
    CAN2_SCE_IRQHandler                      0x0800030f   Thumb Code     0  startup_stm32f40_41xxx.o(.text)
    CAN2_TX_IRQHandler                       0x0800030f   Thumb Code     0  startup_stm32f40_41xxx.o(.text)
    CRYP_IRQHandler                          0x0800030f   Thumb Code     0  startup_stm32f40_41xxx.o(.text)
    DCMI_IRQHandler                          0x0800030f   Thumb Code     0  startup_stm32f40_41xxx.o(.text)
    DMA1_Stream0_IRQHandler                  0x0800030f   Thumb Code     0  startup_stm32f40_41xxx.o(.text)
    DMA1_Stream1_IRQHandler                  0x0800030f   Thumb Code     0  startup_stm32f40_41xxx.o(.text)
    DMA1_Stream2_IRQHandler                  0x0800030f   Thumb Code     0  startup_stm32f40_41xxx.o(.text)
    DMA1_Stream3_IRQHandler                  0x0800030f   Thumb Code     0  startup_stm32f40_41xxx.o(.text)
    DMA1_Stream4_IRQHandler                  0x0800030f   Thumb Code     0  startup_stm32f40_41xxx.o(.text)
    DMA1_Stream5_IRQHandler                  0x0800030f   Thumb Code     0  startup_stm32f40_41xxx.o(.text)
    DMA1_Stream6_IRQHandler                  0x0800030f   Thumb Code     0  startup_stm32f40_41xxx.o(.text)
    DMA1_Stream7_IRQHandler                  0x0800030f   Thumb Code     0  startup_stm32f40_41xxx.o(.text)
    DMA2_Stream0_IRQHandler                  0x0800030f   Thumb Code     0  startup_stm32f40_41xxx.o(.text)
    DMA2_Stream1_IRQHandler                  0x0800030f   Thumb Code     0  startup_stm32f40_41xxx.o(.text)
    DMA2_Stream2_IRQHandler                  0x0800030f   Thumb Code     0  startup_stm32f40_41xxx.o(.text)
    DMA2_Stream3_IRQHandler                  0x0800030f   Thumb Code     0  startup_stm32f40_41xxx.o(.text)
    DMA2_Stream4_IRQHandler                  0x0800030f   Thumb Code     0  startup_stm32f40_41xxx.o(.text)
    DMA2_Stream5_IRQHandler                  0x0800030f   Thumb Code     0  startup_stm32f40_41xxx.o(.text)
    DMA2_Stream6_IRQHandler                  0x0800030f   Thumb Code     0  startup_stm32f40_41xxx.o(.text)
    DMA2_Stream7_IRQHandler                  0x0800030f   Thumb Code     0  startup_stm32f40_41xxx.o(.text)
    ETH_IRQHandler                           0x0800030f   Thumb Code     0  startup_stm32f40_41xxx.o(.text)
    ETH_WKUP_IRQHandler                      0x0800030f   Thumb Code     0  startup_stm32f40_41xxx.o(.text)
    EXTI15_10_IRQHandler                     0x0800030f   Thumb Code     0  startup_stm32f40_41xxx.o(.text)
    EXTI1_IRQHandler                         0x0800030f   Thumb Code     0  startup_stm32f40_41xxx.o(.text)
    EXTI2_IRQHandler                         0x0800030f   Thumb Code     0  startup_stm32f40_41xxx.o(.text)
    EXTI3_IRQHandler                         0x0800030f   Thumb Code     0  startup_stm32f40_41xxx.o(.text)
    EXTI4_IRQHandler                         0x0800030f   Thumb Code     0  startup_stm32f40_41xxx.o(.text)
    EXTI9_5_IRQHandler                       0x0800030f   Thumb Code     0  startup_stm32f40_41xxx.o(.text)
    FLASH_IRQHandler                         0x0800030f   Thumb Code     0  startup_stm32f40_41xxx.o(.text)
    FPU_IRQHandler                           0x0800030f   Thumb Code     0  startup_stm32f40_41xxx.o(.text)
    FSMC_IRQHandler                          0x0800030f   Thumb Code     0  startup_stm32f40_41xxx.o(.text)
    HASH_RNG_IRQHandler                      0x0800030f   Thumb Code     0  startup_stm32f40_41xxx.o(.text)
    I2C1_ER_IRQHandler                       0x0800030f   Thumb Code     0  startup_stm32f40_41xxx.o(.text)
    I2C1_EV_IRQHandler                       0x0800030f   Thumb Code     0  startup_stm32f40_41xxx.o(.text)
    I2C2_ER_IRQHandler                       0x0800030f   Thumb Code     0  startup_stm32f40_41xxx.o(.text)
    I2C2_EV_IRQHandler                       0x0800030f   Thumb Code     0  startup_stm32f40_41xxx.o(.text)
    I2C3_ER_IRQHandler                       0x0800030f   Thumb Code     0  startup_stm32f40_41xxx.o(.text)
    I2C3_EV_IRQHandler                       0x0800030f   Thumb Code     0  startup_stm32f40_41xxx.o(.text)
    OTG_FS_IRQHandler                        0x0800030f   Thumb Code     0  startup_stm32f40_41xxx.o(.text)
    OTG_FS_WKUP_IRQHandler                   0x0800030f   Thumb Code     0  startup_stm32f40_41xxx.o(.text)
    OTG_HS_EP1_IN_IRQHandler                 0x0800030f   Thumb Code     0  startup_stm32f40_41xxx.o(.text)
    OTG_HS_EP1_OUT_IRQHandler                0x0800030f   Thumb Code     0  startup_stm32f40_41xxx.o(.text)
    OTG_HS_IRQHandler                        0x0800030f   Thumb Code     0  startup_stm32f40_41xxx.o(.text)
    OTG_HS_WKUP_IRQHandler                   0x0800030f   Thumb Code     0  startup_stm32f40_41xxx.o(.text)
    PVD_IRQHandler                           0x0800030f   Thumb Code     0  startup_stm32f40_41xxx.o(.text)
    RCC_IRQHandler                           0x0800030f   Thumb Code     0  startup_stm32f40_41xxx.o(.text)
    SPI1_IRQHandler                          0x0800030f   Thumb Code     0  startup_stm32f40_41xxx.o(.text)
    SPI2_IRQHandler                          0x0800030f   Thumb Code     0  startup_stm32f40_41xxx.o(.text)
    SPI3_IRQHandler                          0x0800030f   Thumb Code     0  startup_stm32f40_41xxx.o(.text)
    TAMP_STAMP_IRQHandler                    0x0800030f   Thumb Code     0  startup_stm32f40_41xxx.o(.text)
    TIM1_BRK_TIM9_IRQHandler                 0x0800030f   Thumb Code     0  startup_stm32f40_41xxx.o(.text)
    TIM1_CC_IRQHandler                       0x0800030f   Thumb Code     0  startup_stm32f40_41xxx.o(.text)
    TIM1_TRG_COM_TIM11_IRQHandler            0x0800030f   Thumb Code     0  startup_stm32f40_41xxx.o(.text)
    TIM1_UP_TIM10_IRQHandler                 0x0800030f   Thumb Code     0  startup_stm32f40_41xxx.o(.text)
    TIM2_IRQHandler                          0x0800030f   Thumb Code     0  startup_stm32f40_41xxx.o(.text)
    TIM3_IRQHandler                          0x0800030f   Thumb Code     0  startup_stm32f40_41xxx.o(.text)
    TIM4_IRQHandler                          0x0800030f   Thumb Code     0  startup_stm32f40_41xxx.o(.text)
    TIM5_IRQHandler                          0x0800030f   Thumb Code     0  startup_stm32f40_41xxx.o(.text)
    TIM6_DAC_IRQHandler                      0x0800030f   Thumb Code     0  startup_stm32f40_41xxx.o(.text)
    TIM7_IRQHandler                          0x0800030f   Thumb Code     0  startup_stm32f40_41xxx.o(.text)
    TIM8_BRK_TIM12_IRQHandler                0x0800030f   Thumb Code     0  startup_stm32f40_41xxx.o(.text)
    TIM8_CC_IRQHandler                       0x0800030f   Thumb Code     0  startup_stm32f40_41xxx.o(.text)
    TIM8_TRG_COM_TIM14_IRQHandler            0x0800030f   Thumb Code     0  startup_stm32f40_41xxx.o(.text)
    TIM8_UP_TIM13_IRQHandler                 0x0800030f   Thumb Code     0  startup_stm32f40_41xxx.o(.text)
    UART4_IRQHandler                         0x0800030f   Thumb Code     0  startup_stm32f40_41xxx.o(.text)
    UART5_IRQHandler                         0x0800030f   Thumb Code     0  startup_stm32f40_41xxx.o(.text)
    USART2_IRQHandler                        0x0800030f   Thumb Code     0  startup_stm32f40_41xxx.o(.text)
    USART3_IRQHandler                        0x0800030f   Thumb Code     0  startup_stm32f40_41xxx.o(.text)
    USART6_IRQHandler                        0x0800030f   Thumb Code     0  startup_stm32f40_41xxx.o(.text)
    __user_initial_stackheap                 0x08000311   Thumb Code     0  startup_stm32f40_41xxx.o(.text)
    __use_no_semihosting                     0x08000335   Thumb Code     2  use_no_semi_2.o(.text)
    __2printf                                0x08000339   Thumb Code    20  noretval__2printf.o(.text)
    __printf                                 0x08000351   Thumb Code   104  __printf.o(.text)
    _printf_str                              0x080003b9   Thumb Code    82  _printf_str.o(.text)
    _printf_int_dec                          0x0800040d   Thumb Code   104  _printf_dec.o(.text)
    _printf_int_hex                          0x08000485   Thumb Code    84  _printf_hex_int.o(.text)
    _printf_longlong_hex                     0x08000485   Thumb Code     0  _printf_hex_int.o(.text)
    __aeabi_memcpy                           0x080004dd   Thumb Code     0  rt_memcpy_v6.o(.text)
    __rt_memcpy                              0x080004dd   Thumb Code   138  rt_memcpy_v6.o(.text)
    _memcpy_lastbytes                        0x08000543   Thumb Code     0  rt_memcpy_v6.o(.text)
    __use_two_region_memory                  0x08000567   Thumb Code     2  heapauxi.o(.text)
    __rt_heap_escrow$2region                 0x08000569   Thumb Code     2  heapauxi.o(.text)
    __rt_heap_expand$2region                 0x0800056b   Thumb Code     2  heapauxi.o(.text)
    __I$use$semihosting                      0x0800056d   Thumb Code     0  use_no_semi.o(.text)
    __use_no_semihosting_swi                 0x0800056d   Thumb Code     2  use_no_semi.o(.text)
    _printf_int_common                       0x0800056f   Thumb Code   178  _printf_intcommon.o(.text)
    _printf_cs_common                        0x08000621   Thumb Code    20  _printf_char.o(.text)
    _printf_char                             0x08000635   Thumb Code    16  _printf_char.o(.text)
    _printf_string                           0x08000645   Thumb Code     8  _printf_char.o(.text)
    _printf_char_file                        0x0800064d   Thumb Code    32  _printf_char_file.o(.text)
    __aeabi_memcpy4                          0x08000671   Thumb Code     0  rt_memcpy_w.o(.text)
    __aeabi_memcpy8                          0x08000671   Thumb Code     0  rt_memcpy_w.o(.text)
    __rt_memcpy_w                            0x08000671   Thumb Code   100  rt_memcpy_w.o(.text)
    _memcpy_lastbytes_aligned                0x080006b9   Thumb Code     0  rt_memcpy_w.o(.text)
    _printf_char_common                      0x080006df   Thumb Code    32  _printf_char_common.o(.text)
    ferror                                   0x08000705   Thumb Code     8  ferror.o(.text)
    __user_setup_stackheap                   0x0800070d   Thumb Code    74  sys_stackheap_outer.o(.text)
    exit                                     0x08000757   Thumb Code    18  exit.o(.text)
    __user_libspace                          0x08000769   Thumb Code     8  libspace.o(.text)
    __user_perproc_libspace                  0x08000769   Thumb Code     0  libspace.o(.text)
    __user_perthread_libspace                0x08000769   Thumb Code     0  libspace.o(.text)
    BSP_Init                                 0x08000795   Thumb Code    34  main.o(i.BSP_Init)
    BusFault_Handler                         0x080007b7   Thumb Code     2  stm32f4xx_it.o(i.BusFault_Handler)
    CmdResp1Error                            0x080007b9   Thumb Code    84  sdio_sdcard.o(i.CmdResp1Error)
    DebugMon_Handler                         0x08000815   Thumb Code     2  stm32f4xx_it.o(i.DebugMon_Handler)
    Debug_USART_Config                       0x08000819   Thumb Code   164  usart.o(i.Debug_USART_Config)
    EXTI0_IRQHandler                         0x080008c5   Thumb Code    36  gpio.o(i.EXTI0_IRQHandler)
    EXTI_ClearITPendingBit                   0x08000909   Thumb Code     6  stm32f4xx_exti.o(i.EXTI_ClearITPendingBit)
    EXTI_Init                                0x08000915   Thumb Code   108  stm32f4xx_exti.o(i.EXTI_Init)
    FSMC_NORSRAMCmd                          0x08000985   Thumb Code    26  stm32f4xx_fsmc.o(i.FSMC_NORSRAMCmd)
    FSMC_NORSRAMInit                         0x080009a5   Thumb Code   200  stm32f4xx_fsmc.o(i.FSMC_NORSRAMInit)
    Flash_Write                              0x08000a6d   Thumb Code   150  flash_service.o(i.Flash_Write)
    GPIO_Init                                0x08000b09   Thumb Code   120  stm32f4xx_gpio.o(i.GPIO_Init)
    GPIO_PinAFConfig                         0x08000b81   Thumb Code    32  stm32f4xx_gpio.o(i.GPIO_PinAFConfig)
    GPIO_ReadInputDataBit                    0x08000ba1   Thumb Code    14  stm32f4xx_gpio.o(i.GPIO_ReadInputDataBit)
    GPIO_ResetBits                           0x08000baf   Thumb Code     4  stm32f4xx_gpio.o(i.GPIO_ResetBits)
    GPIO_SetBits                             0x08000bb3   Thumb Code     4  stm32f4xx_gpio.o(i.GPIO_SetBits)
    HardFault_Handler                        0x08000bb7   Thumb Code     2  stm32f4xx_it.o(i.HardFault_Handler)
    Homeview_create                          0x08000bb9   Thumb Code    18  homeview.o(i.Homeview_create)
    Homeview_process                         0x08000bd1   Thumb Code    96  homeview.o(i.Homeview_process)
    LCD_Clear                                0x08000c35   Thumb Code    40  lcd.o(i.LCD_Clear)
    LCD_Display_Dir                          0x08000c65   Thumb Code    64  lcd.o(i.LCD_Display_Dir)
    LCD_Fast_DrawPoint                       0x08000ca9   Thumb Code    48  lcd.o(i.LCD_Fast_DrawPoint)
    LCD_Fill                                 0x08000ce1   Thumb Code    66  lcd.o(i.LCD_Fill)
    LCD_Init                                 0x08000d29   Thumb Code   434  lcd.o(i.LCD_Init)
    LCD_RD_DATA                              0x08000ee9   Thumb Code    16  lcd.o(i.LCD_RD_DATA)
    LCD_ReadReg                              0x08000efd   Thumb Code    20  lcd.o(i.LCD_ReadReg)
    LCD_Scan_Dir                             0x08000f15   Thumb Code   174  lcd.o(i.LCD_Scan_Dir)
    LCD_SetCursor                            0x08000fcd   Thumb Code    42  lcd.o(i.LCD_SetCursor)
    LCD_ShowChar                             0x08001001   Thumb Code   184  lcd.o(i.LCD_ShowChar)
    LCD_ShowString                           0x080010cd   Thumb Code    84  lcd.o(i.LCD_ShowString)
    LCD_WriteRAM_Prepare                     0x08001121   Thumb Code    10  lcd.o(i.LCD_WriteRAM_Prepare)
    LCD_WriteReg                             0x08001135   Thumb Code    10  lcd.o(i.LCD_WriteReg)
    LED_0_Task                               0x08001145   Thumb Code    34  led_package.o(i.LED_0_Task)
    LED_1_Task                               0x08001167   Thumb Code    34  led_package.o(i.LED_1_Task)
    LED_Init                                 0x08001189   Thumb Code    26  led_service.o(i.LED_Init)
    LED_switch                               0x080011ad   Thumb Code    26  led_service.o(i.LED_switch)
    LED_switch_service                       0x080011cd   Thumb Code    34  led_package.o(i.LED_switch_service)
    LED_test_task                            0x080011f1   Thumb Code    72  my_task.o(i.LED_test_task)
    MemManage_Handler                        0x08001275   Thumb Code     2  stm32f4xx_it.o(i.MemManage_Handler)
    NMI_Handler                              0x08001277   Thumb Code     2  stm32f4xx_it.o(i.NMI_Handler)
    NVIC_Init                                0x08001279   Thumb Code    96  misc.o(i.NVIC_Init)
    NVIC_PriorityGroupConfig                 0x080012dd   Thumb Code    10  misc.o(i.NVIC_PriorityGroupConfig)
    PWR_BackupAccessCmd                      0x080012f1   Thumb Code     6  stm32f4xx_pwr.o(i.PWR_BackupAccessCmd)
    Popout_create                            0x080012fd   Thumb Code    18  popout.o(i.Popout_create)
    Popout_process                           0x08001315   Thumb Code    78  popout.o(i.Popout_process)
    Popout_show                              0x08001369   Thumb Code    50  popout.o(i.Popout_show)
    RCC_AHB1PeriphClockCmd                   0x080013a5   Thumb Code    18  stm32f4xx_rcc.o(i.RCC_AHB1PeriphClockCmd)
    RCC_AHB2PeriphClockCmd                   0x080013bd   Thumb Code    18  stm32f4xx_rcc.o(i.RCC_AHB2PeriphClockCmd)
    RCC_AHB3PeriphClockCmd                   0x080013d5   Thumb Code    18  stm32f4xx_rcc.o(i.RCC_AHB3PeriphClockCmd)
    RCC_APB1PeriphClockCmd                   0x080013ed   Thumb Code    18  stm32f4xx_rcc.o(i.RCC_APB1PeriphClockCmd)
    RCC_APB1PeriphResetCmd                   0x08001405   Thumb Code    18  stm32f4xx_rcc.o(i.RCC_APB1PeriphResetCmd)
    RCC_APB2PeriphClockCmd                   0x0800141d   Thumb Code    18  stm32f4xx_rcc.o(i.RCC_APB2PeriphClockCmd)
    RCC_APB2PeriphResetCmd                   0x08001435   Thumb Code    18  stm32f4xx_rcc.o(i.RCC_APB2PeriphResetCmd)
    RCC_GetClocksFreq                        0x0800144d   Thumb Code   132  stm32f4xx_rcc.o(i.RCC_GetClocksFreq)
    RCC_GetFlagStatus                        0x080014dd   Thumb Code    46  stm32f4xx_rcc.o(i.RCC_GetFlagStatus)
    RCC_LSEConfig                            0x08001511   Thumb Code    22  stm32f4xx_rcc.o(i.RCC_LSEConfig)
    RCC_RTCCLKCmd                            0x0800152d   Thumb Code     6  stm32f4xx_rcc.o(i.RCC_RTCCLKCmd)
    RCC_RTCCLKConfig                         0x08001539   Thumb Code    40  stm32f4xx_rcc.o(i.RCC_RTCCLKConfig)
    RNG_Cmd                                  0x08001569   Thumb Code    22  stm32f4xx_rng.o(i.RNG_Cmd)
    RNG_GetFlagStatus                        0x08001585   Thumb Code    16  stm32f4xx_rng.o(i.RNG_GetFlagStatus)
    RNG_Init                                 0x08001599   Thumb Code    68  sys.o(i.RNG_Init)
    RTC_Alarm_IRQHandler                     0x080015fd   Thumb Code    40  rtc.o(i.RTC_Alarm_IRQHandler)
    RTC_ClearFlag                            0x08001669   Thumb Code    22  stm32f4xx_rtc.o(i.RTC_ClearFlag)
    RTC_EnterInitMode                        0x08001685   Thumb Code    56  stm32f4xx_rtc.o(i.RTC_EnterInitMode)
    RTC_ExitInitMode                         0x080016c1   Thumb Code    12  stm32f4xx_rtc.o(i.RTC_ExitInitMode)
    RTC_GetDate                              0x080016d1   Thumb Code    66  stm32f4xx_rtc.o(i.RTC_GetDate)
    RTC_GetFlagStatus                        0x0800171d   Thumb Code    20  stm32f4xx_rtc.o(i.RTC_GetFlagStatus)
    RTC_GetTime                              0x08001739   Thumb Code    70  stm32f4xx_rtc.o(i.RTC_GetTime)
    RTC_Init                                 0x08001789   Thumb Code    74  stm32f4xx_rtc.o(i.RTC_Init)
    RTC_ReadBackupRegister                   0x080017d9   Thumb Code    14  stm32f4xx_rtc.o(i.RTC_ReadBackupRegister)
    RTC_SetDate                              0x080017ed   Thumb Code   144  stm32f4xx_rtc.o(i.RTC_SetDate)
    RTC_SetTime                              0x08001885   Thumb Code   150  stm32f4xx_rtc.o(i.RTC_SetTime)
    RTC_Set_Date                             0x08001925   Thumb Code    28  rtc.o(i.RTC_Set_Date)
    RTC_Set_Time                             0x08001941   Thumb Code    28  rtc.o(i.RTC_Set_Time)
    RTC_WKUP_IRQHandler                      0x0800195d   Thumb Code    58  rtc.o(i.RTC_WKUP_IRQHandler)
    RTC_WaitForSynchro                       0x080019a5   Thumb Code    70  stm32f4xx_rtc.o(i.RTC_WaitForSynchro)
    RTC_WriteBackupRegister                  0x080019f1   Thumb Code    14  stm32f4xx_rtc.o(i.RTC_WriteBackupRegister)
    SDIO_ClearFlag                           0x08001a05   Thumb Code     6  stm32f4xx_sdio.o(i.SDIO_ClearFlag)
    SDIO_GetFlagStatus                       0x08001a11   Thumb Code    16  stm32f4xx_sdio.o(i.SDIO_GetFlagStatus)
    SDIO_IRQHandler                          0x08001a25   Thumb Code     4  sdio_sdcard.o(i.SDIO_IRQHandler)
    SDIO_SendCommand                         0x08001a29   Thumb Code    36  stm32f4xx_sdio.o(i.SDIO_SendCommand)
    SD_ProcessIRQSrc                         0x08001a51   Thumb Code   228  sdio_sdcard.o(i.SD_ProcessIRQSrc)
    SPI1_ReadWriteByte                       0x08001b41   Thumb Code    48  spi.o(i.SPI1_ReadWriteByte)
    SPI_Cmd                                  0x08001b75   Thumb Code    20  stm32f4xx_spi.o(i.SPI_Cmd)
    SPI_I2S_GetFlagStatus                    0x08001b89   Thumb Code    14  stm32f4xx_spi.o(i.SPI_I2S_GetFlagStatus)
    SPI_I2S_ReceiveData                      0x08001b97   Thumb Code     4  stm32f4xx_spi.o(i.SPI_I2S_ReceiveData)
    SPI_I2S_SendData                         0x08001b9b   Thumb Code     4  stm32f4xx_spi.o(i.SPI_I2S_SendData)
    SPI_Init                                 0x08001b9f   Thumb Code    56  stm32f4xx_spi.o(i.SPI_Init)
    SYSCFG_EXTILineConfig                    0x08001bd9   Thumb Code    42  stm32f4xx_syscfg.o(i.SYSCFG_EXTILineConfig)
    Send_message                             0x08001c09   Thumb Code    18  view.o(i.Send_message)
    Setup_show                               0x08001cd9   Thumb Code    98  setupview.o(i.Setup_show)
    Setupview_create                         0x08001d45   Thumb Code    18  setupview.o(i.Setupview_create)
    Setupview_process                        0x08001d5d   Thumb Code    38  setupview.o(i.Setupview_process)
    SysTick_Handler                          0x08001d85   Thumb Code    38  port.o(i.SysTick_Handler)
    SystemInit                               0x08001db1   Thumb Code    74  system_stm32f4xx.o(i.SystemInit)
    Touch_process                            0x08001e0d   Thumb Code    74  setupview.o(i.Touch_process)
    USART1_IRQHandler                        0x08001e5d   Thumb Code   110  usart.o(i.USART1_IRQHandler)
    USART_Cmd                                0x08001ee1   Thumb Code    20  stm32f4xx_usart.o(i.USART_Cmd)
    USART_GetFlagStatus                      0x08001ef5   Thumb Code    14  stm32f4xx_usart.o(i.USART_GetFlagStatus)
    USART_GetITStatus                        0x08001f03   Thumb Code    62  stm32f4xx_usart.o(i.USART_GetITStatus)
    USART_ITConfig                           0x08001f41   Thumb Code    48  stm32f4xx_usart.o(i.USART_ITConfig)
    USART_Init                               0x08001f71   Thumb Code   164  stm32f4xx_usart.o(i.USART_Init)
    USART_ReceiveData                        0x0800201d   Thumb Code     8  stm32f4xx_usart.o(i.USART_ReceiveData)
    USART_SendData                           0x08002025   Thumb Code     8  stm32f4xx_usart.o(i.USART_SendData)
    UsageFault_Handler                       0x0800202d   Thumb Code     2  stm32f4xx_it.o(i.UsageFault_Handler)
    Usart_SendByte                           0x0800202f   Thumb Code    22  usart.o(i.Usart_SendByte)
    Usart_SendString                         0x08002045   Thumb Code    38  usart.o(i.Usart_SendString)
    View_create                              0x0800206d   Thumb Code    20  view.o(i.View_create)
    View_destroy                             0x08002089   Thumb Code    24  view.o(i.View_destroy)
    View_init                                0x080020a5   Thumb Code     6  view.o(i.View_init)
    View_switch                              0x080020ad   Thumb Code    40  view.o(i.View_switch)
    W25QXX_Erase_Sector                      0x080020dd   Thumb Code    70  w25q16.o(i.W25QXX_Erase_Sector)
    W25QXX_Init                              0x08002129   Thumb Code    62  w25q16.o(i.W25QXX_Init)
    W25QXX_Read                              0x08002185   Thumb Code    84  w25q16.o(i.W25QXX_Read)
    W25QXX_ReadID                            0x080021dd   Thumb Code    74  w25q16.o(i.W25QXX_ReadID)
    W25QXX_ReadSR                            0x0800222d   Thumb Code    42  w25q16.o(i.W25QXX_ReadSR)
    W25QXX_Wait_Busy                         0x0800225d   Thumb Code    12  w25q16.o(i.W25QXX_Wait_Busy)
    W25QXX_Write_Enable                      0x08002269   Thumb Code    34  w25q16.o(i.W25QXX_Write_Enable)
    W25QXX_Write_NoCheck                     0x08002291   Thumb Code    62  w25q16.o(i.W25QXX_Write_NoCheck)
    W25QXX_Write_Page                        0x080022d1   Thumb Code    90  w25q16.o(i.W25QXX_Write_Page)
    WWDG_ClearFlag                           0x08002331   Thumb Code     8  stm32f4xx_wwdg.o(i.WWDG_ClearFlag)
    WWDG_DeInit                              0x0800233d   Thumb Code    24  stm32f4xx_wwdg.o(i.WWDG_DeInit)
    WWDG_IRQHandler                          0x08002355   Thumb Code    16  wwdg.o(i.WWDG_IRQHandler)
    _sys_exit                                0x08002375   Thumb Code     2  usart.o(i._sys_exit)
    delay_us                                 0x08002377   Thumb Code    10  clk_timer.o(i.delay_us)
    flash_service                            0x08002381   Thumb Code    38  flash_service.o(i.flash_service)
    flash_spi_init                           0x080023a9   Thumb Code   184  spi.o(i.flash_spi_init)
    fputc                                    0x0800246d   Thumb Code    16  usart.o(i.fputc)
    get_time                                 0x08002481   Thumb Code    64  rtc.o(i.get_time)
    gpio_init                                0x080024c1   Thumb Code    94  gpio.o(i.gpio_init)
    gpio_out                                 0x08002529   Thumb Code    10  gpio.o(i.gpio_out)
    home_show                                0x08002535   Thumb Code    98  homeview.o(i.home_show)
    io_interrupt_init                        0x080025a5   Thumb Code    60  gpio.o(i.io_interrupt_init)
    key0_task                                0x080025e1   Thumb Code    90  keyboard_driver.o(i.key0_task)
    key1_task                                0x0800266d   Thumb Code    90  keyboard_driver.o(i.key1_task)
    key_init                                 0x080026f9   Thumb Code    54  keyboard_driver.o(i.key_init)
    keyboard_task                            0x0800273d   Thumb Code    72  my_task.o(i.keyboard_task)
    lcd_soft_init                            0x080027c1   Thumb Code  4290  lcd.o(i.lcd_soft_init)
    led_service                              0x08003889   Thumb Code    20  led_service.o(i.led_service)
    main                                     0x0800389d   Thumb Code    82  main.o(i.main)
    pvPortMalloc                             0x080040d5   Thumb Code   212  heap_4.o(i.pvPortMalloc)
    pvTaskIncrementMutexHeldCount            0x080041d9   Thumb Code    18  tasks.o(i.pvTaskIncrementMutexHeldCount)
    pxPortInitialiseStack                    0x080041f1   Thumb Code    40  port.o(i.pxPortInitialiseStack)
    rtc_init                                 0x0800421d   Thumb Code   136  rtc.o(i.rtc_init)
    rtc_service                              0x080042a5   Thumb Code    30  rtc_service.o(i.rtc_service)
    set_time                                 0x080042c3   Thumb Code    32  rtc.o(i.set_time)
    submit_service                           0x080042e5   Thumb Code    34  service.o(i.submit_service)
    uxListRemove                             0x08004331   Thumb Code    36  list.o(i.uxListRemove)
    vListInitialise                          0x08004355   Thumb Code    22  list.o(i.vListInitialise)
    vListInitialiseItem                      0x0800436b   Thumb Code     6  list.o(i.vListInitialiseItem)
    vListInsert                              0x08004371   Thumb Code    48  list.o(i.vListInsert)
    vListInsertEnd                           0x080043a1   Thumb Code    24  list.o(i.vListInsertEnd)
    vPortEnterCritical                       0x080043b9   Thumb Code    50  port.o(i.vPortEnterCritical)
    vPortExitCritical                        0x0800441d   Thumb Code    34  port.o(i.vPortExitCritical)
    vPortFree                                0x0800446d   Thumb Code    94  heap_4.o(i.vPortFree)
    vPortSetupTimerInterrupt                 0x080044fd   Thumb Code    26  port.o(i.vPortSetupTimerInterrupt)
    vPortValidateInterruptPriority           0x0800451d   Thumb Code    70  port.o(i.vPortValidateInterruptPriority)
    vQueueAddToRegistry                      0x08004595   Thumb Code    32  queue.o(i.vQueueAddToRegistry)
    vQueueWaitForMessageRestricted           0x080045b9   Thumb Code    68  queue.o(i.vQueueWaitForMessageRestricted)
    vTaskDelay                               0x080045fd   Thumb Code    62  tasks.o(i.vTaskDelay)
    vTaskDelete                              0x0800466d   Thumb Code   154  tasks.o(i.vTaskDelete)
    vTaskMissedYield                         0x0800473d   Thumb Code     8  tasks.o(i.vTaskMissedYield)
    vTaskPlaceOnEventList                    0x08004749   Thumb Code    44  tasks.o(i.vTaskPlaceOnEventList)
    vTaskPlaceOnEventListRestricted          0x080047a1   Thumb Code    52  tasks.o(i.vTaskPlaceOnEventListRestricted)
    vTaskPriorityInherit                     0x08004801   Thumb Code   124  tasks.o(i.vTaskPriorityInherit)
    vTaskSetTimeOutState                     0x08004885   Thumb Code    30  tasks.o(i.vTaskSetTimeOutState)
    vTaskStartScheduler                      0x080048d1   Thumb Code    96  tasks.o(i.vTaskStartScheduler)
    vTaskSuspendAll                          0x08004969   Thumb Code    10  tasks.o(i.vTaskSuspendAll)
    vTaskSwitchContext                       0x08004979   Thumb Code    80  tasks.o(i.vTaskSwitchContext)
    xPortStartScheduler                      0x080049f9   Thumb Code   196  port.o(i.xPortStartScheduler)
    xQueueGenericCreate                      0x08004af9   Thumb Code    68  queue.o(i.xQueueGenericCreate)
    xQueueGenericReceive                     0x08004b65   Thumb Code   348  queue.o(i.xQueueGenericReceive)
    xQueueGenericReset                       0x08004ced   Thumb Code   128  queue.o(i.xQueueGenericReset)
    xQueueGenericSend                        0x08004d99   Thumb Code   332  queue.o(i.xQueueGenericSend)
    xQueueGenericSendFromISR                 0x08004f11   Thumb Code   174  queue.o(i.xQueueGenericSendFromISR)
    xTaskCheckForTimeOut                     0x08004fe9   Thumb Code    94  tasks.o(i.xTaskCheckForTimeOut)
    xTaskCreate                              0x08005075   Thumb Code    86  tasks.o(i.xTaskCreate)
    xTaskGetSchedulerState                   0x080050cd   Thumb Code    22  tasks.o(i.xTaskGetSchedulerState)
    xTaskGetTickCount                        0x080050e9   Thumb Code     6  tasks.o(i.xTaskGetTickCount)
    xTaskIncrementTick                       0x080050f5   Thumb Code   188  tasks.o(i.xTaskIncrementTick)
    xTaskPriorityDisinherit                  0x080051e1   Thumb Code   136  tasks.o(i.xTaskPriorityDisinherit)
    xTaskRemoveFromEventList                 0x08005299   Thumb Code   104  tasks.o(i.xTaskRemoveFromEventList)
    xTaskResumeAll                           0x08005331   Thumb Code   180  tasks.o(i.xTaskResumeAll)
    xTimerCreate                             0x08005419   Thumb Code    74  timers.o(i.xTimerCreate)
    xTimerCreateTimerTask                    0x08005491   Thumb Code    58  timers.o(i.xTimerCreateTimerTask)
    xTimerGenericCommand                     0x08005509   Thumb Code    96  timers.o(i.xTimerGenericCommand)
    _fp_init                                 0x08005599   Thumb Code    10  fpinit.o(x$fpl$fpinit)
    __fplib_config_fpu_vfp                   0x080055a1   Thumb Code     0  fpinit.o(x$fpl$fpinit)
    __fplib_config_pureend_doubles           0x080055a1   Thumb Code     0  fpinit.o(x$fpl$fpinit)
    asc2_1206                                0x080055a2   Data        1140  lcd.o(.constdata)
    asc2_1608                                0x08005a16   Data        1520  lcd.o(.constdata)
    asc2_2412                                0x08006006   Data        3420  lcd.o(.constdata)
    Region$$Table$$Base                      0x08006de8   Number         0  anon$$obj.o(Region$$Table)
    Region$$Table$$Limit                     0x08006e08   Number         0  anon$$obj.o(Region$$Table)
    SystemCoreClock                          0x20000004   Data           4  system_stm32f4xx.o(.data)
    AHBPrescTable                            0x20000008   Data          16  system_stm32f4xx.o(.data)
    __stdout                                 0x20000040   Data           4  usart.o(.data)
    TransferEnd                              0x20000047   Data           1  sdio_sdcard.o(.data)
    TransferError                            0x2000004c   Data           4  sdio_sdcard.o(.data)
    tempbuff                                 0x20000050   Data           4  sdio_sdcard.o(.data)
    key_1_status                             0x20000054   Data           1  keyboard_driver.o(.data)
    key_1_count                              0x20000055   Data           1  keyboard_driver.o(.data)
    key_1_press                              0x20000056   Data           1  keyboard_driver.o(.data)
    key_0_status                             0x20000057   Data           1  keyboard_driver.o(.data)
    key_0_count                              0x20000058   Data           1  keyboard_driver.o(.data)
    key_0_press                              0x20000059   Data           1  keyboard_driver.o(.data)
    W25QXX_TYPE                              0x2000005a   Data           2  w25q16.o(.data)
    POINT_COLOR                              0x2000005c   Data           2  lcd.o(.data)
    BACK_COLOR                               0x2000005e   Data           2  lcd.o(.data)
    service_core                             0x20000060   Data          16  service.o(.data)
    view_layer                               0x20000070   Data           1  view.o(.data)
    call_back_func                           0x20000074   Data           4  view.o(.data)
    pxCurrentTCB                             0x2000009c   Data           4  tasks.o(.data)
    temp_config                              0x200000ec   Data          24  gpio.o(.bss)
    SDIO_InitStructure                       0x20000150   Data          24  sdio_sdcard.o(.bss)
    SDIO_CmdInitStructure                    0x20000168   Data          20  sdio_sdcard.o(.bss)
    SDIO_DataInitStructure                   0x2000017c   Data          24  sdio_sdcard.o(.bss)
    SDCardInfo                               0x200001b8   Data          88  sdio_sdcard.o(.bss)
    SDIO_DATA_BUFFER                         0x20000210   Data         512  sdio_sdcard.o(.bss)
    lcddev                                   0x20000410   Data          14  lcd.o(.bss)
    W25QXX_BUFFER                            0x2000041e   Data        4096  flash_service.o(.bss)
    process_contianer                        0x20001420   Data          12  view.o(.bss)
    xQueueRegistry                           0x2000a42c   Data          64  queue.o(.bss)
    __libspace_start                         0x2000a598   Data          96  libspace.o(.bss)
    __temporary_stack_top$libspace           0x2000a5f8   Data           0  libspace.o(.bss)



==============================================================================

Memory Map of the image

  Image Entry point : 0x08000189

  Load Region LR_IROM1 (Base: 0x08000000, Size: 0x00006ef4, Max: 0x00080000, ABSOLUTE)

    Execution Region ER_IROM1 (Exec base: 0x08000000, Load base: 0x08000000, Size: 0x00006e08, Max: 0x00080000, ABSOLUTE)

    Exec Addr    Load Addr    Size         Type   Attr      Idx    E Section Name        Object

    0x08000000   0x08000000   0x00000188   Data   RO          372    RESET               startup_stm32f40_41xxx.o
    0x08000188   0x08000188   0x00000008   Code   RO         5928  * !!!main             c_w.l(__main.o)
    0x08000190   0x08000190   0x00000034   Code   RO         6127    !!!scatter          c_w.l(__scatter.o)
    0x080001c4   0x080001c4   0x0000001a   Code   RO         6129    !!handler_copy      c_w.l(__scatter_copy.o)
    0x080001de   0x080001de   0x00000002   PAD
    0x080001e0   0x080001e0   0x0000001c   Code   RO         6131    !!handler_zi        c_w.l(__scatter_zi.o)
    0x080001fc   0x080001fc   0x00000000   Code   RO         5913    .ARM.Collect$$_printf_percent$$00000000  c_w.l(_printf_percent.o)
    0x080001fc   0x080001fc   0x00000006   Code   RO         5911    .ARM.Collect$$_printf_percent$$00000009  c_w.l(_printf_d.o)
    0x08000202   0x08000202   0x00000006   Code   RO         5910    .ARM.Collect$$_printf_percent$$0000000C  c_w.l(_printf_x.o)
    0x08000208   0x08000208   0x00000006   Code   RO         5909    .ARM.Collect$$_printf_percent$$00000014  c_w.l(_printf_s.o)
    0x0800020e   0x0800020e   0x00000004   Code   RO         5953    .ARM.Collect$$_printf_percent$$00000017  c_w.l(_printf_percent_end.o)
    0x08000212   0x08000212   0x00000002   Code   RO         5999    .ARM.Collect$$libinit$$00000000  c_w.l(libinit.o)
    0x08000214   0x08000214   0x00000004   Code   RO         6009    .ARM.Collect$$libinit$$00000001  c_w.l(libinit2.o)
    0x08000218   0x08000218   0x00000000   Code   RO         6012    .ARM.Collect$$libinit$$00000004  c_w.l(libinit2.o)
    0x08000218   0x08000218   0x00000000   Code   RO         6015    .ARM.Collect$$libinit$$0000000A  c_w.l(libinit2.o)
    0x08000218   0x08000218   0x00000000   Code   RO         6017    .ARM.Collect$$libinit$$0000000C  c_w.l(libinit2.o)
    0x08000218   0x08000218   0x00000000   Code   RO         6019    .ARM.Collect$$libinit$$0000000E  c_w.l(libinit2.o)
    0x08000218   0x08000218   0x00000000   Code   RO         6022    .ARM.Collect$$libinit$$00000011  c_w.l(libinit2.o)
    0x08000218   0x08000218   0x00000000   Code   RO         6024    .ARM.Collect$$libinit$$00000013  c_w.l(libinit2.o)
    0x08000218   0x08000218   0x00000000   Code   RO         6026    .ARM.Collect$$libinit$$00000015  c_w.l(libinit2.o)
    0x08000218   0x08000218   0x00000000   Code   RO         6028    .ARM.Collect$$libinit$$00000017  c_w.l(libinit2.o)
    0x08000218   0x08000218   0x00000000   Code   RO         6030    .ARM.Collect$$libinit$$00000019  c_w.l(libinit2.o)
    0x08000218   0x08000218   0x00000000   Code   RO         6032    .ARM.Collect$$libinit$$0000001B  c_w.l(libinit2.o)
    0x08000218   0x08000218   0x00000000   Code   RO         6034    .ARM.Collect$$libinit$$0000001D  c_w.l(libinit2.o)
    0x08000218   0x08000218   0x00000000   Code   RO         6036    .ARM.Collect$$libinit$$0000001F  c_w.l(libinit2.o)
    0x08000218   0x08000218   0x00000000   Code   RO         6038    .ARM.Collect$$libinit$$00000021  c_w.l(libinit2.o)
    0x08000218   0x08000218   0x00000000   Code   RO         6040    .ARM.Collect$$libinit$$00000023  c_w.l(libinit2.o)
    0x08000218   0x08000218   0x00000000   Code   RO         6042    .ARM.Collect$$libinit$$00000025  c_w.l(libinit2.o)
    0x08000218   0x08000218   0x00000000   Code   RO         6046    .ARM.Collect$$libinit$$0000002C  c_w.l(libinit2.o)
    0x08000218   0x08000218   0x00000000   Code   RO         6048    .ARM.Collect$$libinit$$0000002E  c_w.l(libinit2.o)
    0x08000218   0x08000218   0x00000000   Code   RO         6050    .ARM.Collect$$libinit$$00000030  c_w.l(libinit2.o)
    0x08000218   0x08000218   0x00000000   Code   RO         6052    .ARM.Collect$$libinit$$00000032  c_w.l(libinit2.o)
    0x08000218   0x08000218   0x00000002   Code   RO         6053    .ARM.Collect$$libinit$$00000033  c_w.l(libinit2.o)
    0x0800021a   0x0800021a   0x00000002   Code   RO         6081    .ARM.Collect$$libshutdown$$00000000  c_w.l(libshutdown.o)
    0x0800021c   0x0800021c   0x00000000   Code   RO         6093    .ARM.Collect$$libshutdown$$00000002  c_w.l(libshutdown2.o)
    0x0800021c   0x0800021c   0x00000000   Code   RO         6095    .ARM.Collect$$libshutdown$$00000004  c_w.l(libshutdown2.o)
    0x0800021c   0x0800021c   0x00000000   Code   RO         6098    .ARM.Collect$$libshutdown$$00000007  c_w.l(libshutdown2.o)
    0x0800021c   0x0800021c   0x00000000   Code   RO         6101    .ARM.Collect$$libshutdown$$0000000A  c_w.l(libshutdown2.o)
    0x0800021c   0x0800021c   0x00000000   Code   RO         6103    .ARM.Collect$$libshutdown$$0000000C  c_w.l(libshutdown2.o)
    0x0800021c   0x0800021c   0x00000000   Code   RO         6106    .ARM.Collect$$libshutdown$$0000000F  c_w.l(libshutdown2.o)
    0x0800021c   0x0800021c   0x00000002   Code   RO         6107    .ARM.Collect$$libshutdown$$00000010  c_w.l(libshutdown2.o)
    0x0800021e   0x0800021e   0x00000000   Code   RO         5944    .ARM.Collect$$rtentry$$00000000  c_w.l(__rtentry.o)
    0x0800021e   0x0800021e   0x00000000   Code   RO         5962    .ARM.Collect$$rtentry$$00000002  c_w.l(__rtentry2.o)
    0x0800021e   0x0800021e   0x00000006   Code   RO         5974    .ARM.Collect$$rtentry$$00000004  c_w.l(__rtentry4.o)
    0x08000224   0x08000224   0x00000000   Code   RO         5964    .ARM.Collect$$rtentry$$00000009  c_w.l(__rtentry2.o)
    0x08000224   0x08000224   0x00000004   Code   RO         5965    .ARM.Collect$$rtentry$$0000000A  c_w.l(__rtentry2.o)
    0x08000228   0x08000228   0x00000000   Code   RO         5967    .ARM.Collect$$rtentry$$0000000C  c_w.l(__rtentry2.o)
    0x08000228   0x08000228   0x00000008   Code   RO         5968    .ARM.Collect$$rtentry$$0000000D  c_w.l(__rtentry2.o)
    0x08000230   0x08000230   0x00000002   Code   RO         6003    .ARM.Collect$$rtexit$$00000000  c_w.l(rtexit.o)
    0x08000232   0x08000232   0x00000000   Code   RO         6055    .ARM.Collect$$rtexit$$00000002  c_w.l(rtexit2.o)
    0x08000232   0x08000232   0x00000004   Code   RO         6056    .ARM.Collect$$rtexit$$00000003  c_w.l(rtexit2.o)
    0x08000236   0x08000236   0x00000006   Code   RO         6057    .ARM.Collect$$rtexit$$00000004  c_w.l(rtexit2.o)
    0x0800023c   0x0800023c   0x000000b6   Code   RO         5002    .emb_text           port.o
    0x080002f2   0x080002f2   0x00000002   PAD
    0x080002f4   0x080002f4   0x00000040   Code   RO          373    .text               startup_stm32f40_41xxx.o
    0x08000334   0x08000334   0x00000002   Code   RO         5854    .text               c_w.l(use_no_semi_2.o)
    0x08000336   0x08000336   0x00000002   PAD
    0x08000338   0x08000338   0x00000018   Code   RO         5860    .text               c_w.l(noretval__2printf.o)
    0x08000350   0x08000350   0x00000068   Code   RO         5862    .text               c_w.l(__printf.o)
    0x080003b8   0x080003b8   0x00000052   Code   RO         5864    .text               c_w.l(_printf_str.o)
    0x0800040a   0x0800040a   0x00000002   PAD
    0x0800040c   0x0800040c   0x00000078   Code   RO         5866    .text               c_w.l(_printf_dec.o)
    0x08000484   0x08000484   0x00000058   Code   RO         5871    .text               c_w.l(_printf_hex_int.o)
    0x080004dc   0x080004dc   0x0000008a   Code   RO         5918    .text               c_w.l(rt_memcpy_v6.o)
    0x08000566   0x08000566   0x00000006   Code   RO         5926    .text               c_w.l(heapauxi.o)
    0x0800056c   0x0800056c   0x00000002   Code   RO         5942    .text               c_w.l(use_no_semi.o)
    0x0800056e   0x0800056e   0x000000b2   Code   RO         5947    .text               c_w.l(_printf_intcommon.o)
    0x08000620   0x08000620   0x0000002c   Code   RO         5949    .text               c_w.l(_printf_char.o)
    0x0800064c   0x0800064c   0x00000024   Code   RO         5951    .text               c_w.l(_printf_char_file.o)
    0x08000670   0x08000670   0x00000064   Code   RO         5954    .text               c_w.l(rt_memcpy_w.o)
    0x080006d4   0x080006d4   0x00000030   Code   RO         5980    .text               c_w.l(_printf_char_common.o)
    0x08000704   0x08000704   0x00000008   Code   RO         5982    .text               c_w.l(ferror.o)
    0x0800070c   0x0800070c   0x0000004a   Code   RO         5986    .text               c_w.l(sys_stackheap_outer.o)
    0x08000756   0x08000756   0x00000012   Code   RO         5992    .text               c_w.l(exit.o)
    0x08000768   0x08000768   0x00000008   Code   RO         6000    .text               c_w.l(libspace.o)
    0x08000770   0x08000770   0x00000024   Code   RO            3    i.AppTaskCreate     main.o
    0x08000794   0x08000794   0x00000022   Code   RO            4    i.BSP_Init          main.o
    0x080007b6   0x080007b6   0x00000002   Code   RO          219    i.BusFault_Handler  stm32f4xx_it.o
    0x080007b8   0x080007b8   0x0000005c   Code   RO         3340    i.CmdResp1Error     sdio_sdcard.o
    0x08000814   0x08000814   0x00000002   Code   RO          220    i.DebugMon_Handler  stm32f4xx_it.o
    0x08000816   0x08000816   0x00000002   PAD
    0x08000818   0x08000818   0x000000ac   Code   RO         3212    i.Debug_USART_Config  usart.o
    0x080008c4   0x080008c4   0x00000044   Code   RO         2989    i.EXTI0_IRQHandler  gpio.o
    0x08000908   0x08000908   0x0000000c   Code   RO          571    i.EXTI_ClearITPendingBit  stm32f4xx_exti.o
    0x08000914   0x08000914   0x00000070   Code   RO          576    i.EXTI_Init         stm32f4xx_exti.o
    0x08000984   0x08000984   0x00000020   Code   RO          643    i.FSMC_NORSRAMCmd   stm32f4xx_fsmc.o
    0x080009a4   0x080009a4   0x000000c8   Code   RO          645    i.FSMC_NORSRAMInit  stm32f4xx_fsmc.o
    0x08000a6c   0x08000a6c   0x0000009c   Code   RO         4607    i.Flash_Write       flash_service.o
    0x08000b08   0x08000b08   0x00000078   Code   RO          764    i.GPIO_Init         stm32f4xx_gpio.o
    0x08000b80   0x08000b80   0x00000020   Code   RO          765    i.GPIO_PinAFConfig  stm32f4xx_gpio.o
    0x08000ba0   0x08000ba0   0x0000000e   Code   RO          768    i.GPIO_ReadInputDataBit  stm32f4xx_gpio.o
    0x08000bae   0x08000bae   0x00000004   Code   RO          771    i.GPIO_ResetBits    stm32f4xx_gpio.o
    0x08000bb2   0x08000bb2   0x00000004   Code   RO          772    i.GPIO_SetBits      stm32f4xx_gpio.o
    0x08000bb6   0x08000bb6   0x00000002   Code   RO          221    i.HardFault_Handler  stm32f4xx_it.o
    0x08000bb8   0x08000bb8   0x00000018   Code   RO         4751    i.Homeview_create   homeview.o
    0x08000bd0   0x08000bd0   0x00000064   Code   RO         4752    i.Homeview_process  homeview.o
    0x08000c34   0x08000c34   0x00000030   Code   RO         4374    i.LCD_Clear         lcd.o
    0x08000c64   0x08000c64   0x00000044   Code   RO         4378    i.LCD_Display_Dir   lcd.o
    0x08000ca8   0x08000ca8   0x00000038   Code   RO         4383    i.LCD_Fast_DrawPoint  lcd.o
    0x08000ce0   0x08000ce0   0x00000048   Code   RO         4384    i.LCD_Fill          lcd.o
    0x08000d28   0x08000d28   0x000001c0   Code   RO         4385    i.LCD_Init          lcd.o
    0x08000ee8   0x08000ee8   0x00000014   Code   RO         4387    i.LCD_RD_DATA       lcd.o
    0x08000efc   0x08000efc   0x00000018   Code   RO         4389    i.LCD_ReadReg       lcd.o
    0x08000f14   0x08000f14   0x000000b8   Code   RO         4391    i.LCD_Scan_Dir      lcd.o
    0x08000fcc   0x08000fcc   0x00000034   Code   RO         4392    i.LCD_SetCursor     lcd.o
    0x08001000   0x08001000   0x000000cc   Code   RO         4394    i.LCD_ShowChar      lcd.o
    0x080010cc   0x080010cc   0x00000054   Code   RO         4396    i.LCD_ShowString    lcd.o
    0x08001120   0x08001120   0x00000014   Code   RO         4401    i.LCD_WriteRAM_Prepare  lcd.o
    0x08001134   0x08001134   0x00000010   Code   RO         4402    i.LCD_WriteReg      lcd.o
    0x08001144   0x08001144   0x00000022   Code   RO         4648    i.LED_0_Task        led_package.o
    0x08001166   0x08001166   0x00000022   Code   RO         4649    i.LED_1_Task        led_package.o
    0x08001188   0x08001188   0x00000024   Code   RO         4713    i.LED_Init          led_service.o
    0x080011ac   0x080011ac   0x00000020   Code   RO         4714    i.LED_switch        led_service.o
    0x080011cc   0x080011cc   0x00000022   Code   RO         4650    i.LED_switch_service  led_package.o
    0x080011ee   0x080011ee   0x00000002   PAD
    0x080011f0   0x080011f0   0x00000084   Code   RO          335    i.LED_test_task     my_task.o
    0x08001274   0x08001274   0x00000002   Code   RO          222    i.MemManage_Handler  stm32f4xx_it.o
    0x08001276   0x08001276   0x00000002   Code   RO          223    i.NMI_Handler       stm32f4xx_it.o
    0x08001278   0x08001278   0x00000064   Code   RO          379    i.NVIC_Init         misc.o
    0x080012dc   0x080012dc   0x00000014   Code   RO          380    i.NVIC_PriorityGroupConfig  misc.o
    0x080012f0   0x080012f0   0x0000000c   Code   RO          861    i.PWR_BackupAccessCmd  stm32f4xx_pwr.o
    0x080012fc   0x080012fc   0x00000018   Code   RO         4788    i.Popout_create     popout.o
    0x08001314   0x08001314   0x00000054   Code   RO         4789    i.Popout_process    popout.o
    0x08001368   0x08001368   0x0000003c   Code   RO         4790    i.Popout_show       popout.o
    0x080013a4   0x080013a4   0x00000018   Code   RO          983    i.RCC_AHB1PeriphClockCmd  stm32f4xx_rcc.o
    0x080013bc   0x080013bc   0x00000018   Code   RO          986    i.RCC_AHB2PeriphClockCmd  stm32f4xx_rcc.o
    0x080013d4   0x080013d4   0x00000018   Code   RO          989    i.RCC_AHB3PeriphClockCmd  stm32f4xx_rcc.o
    0x080013ec   0x080013ec   0x00000018   Code   RO          992    i.RCC_APB1PeriphClockCmd  stm32f4xx_rcc.o
    0x08001404   0x08001404   0x00000018   Code   RO          994    i.RCC_APB1PeriphResetCmd  stm32f4xx_rcc.o
    0x0800141c   0x0800141c   0x00000018   Code   RO          995    i.RCC_APB2PeriphClockCmd  stm32f4xx_rcc.o
    0x08001434   0x08001434   0x00000018   Code   RO          997    i.RCC_APB2PeriphResetCmd  stm32f4xx_rcc.o
    0x0800144c   0x0800144c   0x00000090   Code   RO         1004    i.RCC_GetClocksFreq  stm32f4xx_rcc.o
    0x080014dc   0x080014dc   0x00000034   Code   RO         1005    i.RCC_GetFlagStatus  stm32f4xx_rcc.o
    0x08001510   0x08001510   0x0000001c   Code   RO         1013    i.RCC_LSEConfig     stm32f4xx_rcc.o
    0x0800152c   0x0800152c   0x0000000c   Code   RO         1027    i.RCC_RTCCLKCmd     stm32f4xx_rcc.o
    0x08001538   0x08001538   0x00000030   Code   RO         1028    i.RCC_RTCCLKConfig  stm32f4xx_rcc.o
    0x08001568   0x08001568   0x0000001c   Code   RO         1319    i.RNG_Cmd           stm32f4xx_rng.o
    0x08001584   0x08001584   0x00000014   Code   RO         1321    i.RNG_GetFlagStatus  stm32f4xx_rng.o
    0x08001598   0x08001598   0x00000064   Code   RO         3162    i.RNG_Init          sys.o
    0x080015fc   0x080015fc   0x00000040   Code   RO         3052    i.RTC_Alarm_IRQHandler  rtc.o
    0x0800163c   0x0800163c   0x00000012   Code   RO         1382    i.RTC_Bcd2ToByte    stm32f4xx_rtc.o
    0x0800164e   0x0800164e   0x00000018   Code   RO         1384    i.RTC_ByteToBcd2    stm32f4xx_rtc.o
    0x08001666   0x08001666   0x00000002   PAD
    0x08001668   0x08001668   0x0000001c   Code   RO         1387    i.RTC_ClearFlag     stm32f4xx_rtc.o
    0x08001684   0x08001684   0x0000003c   Code   RO         1394    i.RTC_EnterInitMode  stm32f4xx_rtc.o
    0x080016c0   0x080016c0   0x00000010   Code   RO         1395    i.RTC_ExitInitMode  stm32f4xx_rtc.o
    0x080016d0   0x080016d0   0x0000004c   Code   RO         1398    i.RTC_GetDate       stm32f4xx_rtc.o
    0x0800171c   0x0800171c   0x0000001c   Code   RO         1399    i.RTC_GetFlagStatus  stm32f4xx_rtc.o
    0x08001738   0x08001738   0x00000050   Code   RO         1403    i.RTC_GetTime       stm32f4xx_rtc.o
    0x08001788   0x08001788   0x00000050   Code   RO         1408    i.RTC_Init          stm32f4xx_rtc.o
    0x080017d8   0x080017d8   0x00000014   Code   RO         1411    i.RTC_ReadBackupRegister  stm32f4xx_rtc.o
    0x080017ec   0x080017ec   0x00000098   Code   RO         1414    i.RTC_SetDate       stm32f4xx_rtc.o
    0x08001884   0x08001884   0x000000a0   Code   RO         1415    i.RTC_SetTime       stm32f4xx_rtc.o
    0x08001924   0x08001924   0x0000001c   Code   RO         3054    i.RTC_Set_Date      rtc.o
    0x08001940   0x08001940   0x0000001c   Code   RO         3055    i.RTC_Set_Time      rtc.o
    0x0800195c   0x0800195c   0x00000048   Code   RO         3058    i.RTC_WKUP_IRQHandler  rtc.o
    0x080019a4   0x080019a4   0x0000004c   Code   RO         1431    i.RTC_WaitForSynchro  stm32f4xx_rtc.o
    0x080019f0   0x080019f0   0x00000014   Code   RO         1434    i.RTC_WriteBackupRegister  stm32f4xx_rtc.o
    0x08001a04   0x08001a04   0x0000000c   Code   RO         2751    i.SDIO_ClearFlag    stm32f4xx_sdio.o
    0x08001a10   0x08001a10   0x00000014   Code   RO         2763    i.SDIO_GetFlagStatus  stm32f4xx_sdio.o
    0x08001a24   0x08001a24   0x00000004   Code   RO         3349    i.SDIO_IRQHandler   sdio_sdcard.o
    0x08001a28   0x08001a28   0x00000028   Code   RO         2771    i.SDIO_SendCommand  stm32f4xx_sdio.o
    0x08001a50   0x08001a50   0x000000f0   Code   RO         3359    i.SD_ProcessIRQSrc  sdio_sdcard.o
    0x08001b40   0x08001b40   0x00000034   Code   RO         3125    i.SPI1_ReadWriteByte  spi.o
    0x08001b74   0x08001b74   0x00000014   Code   RO         1739    i.SPI_Cmd           stm32f4xx_spi.o
    0x08001b88   0x08001b88   0x0000000e   Code   RO         1747    i.SPI_I2S_GetFlagStatus  stm32f4xx_spi.o
    0x08001b96   0x08001b96   0x00000004   Code   RO         1750    i.SPI_I2S_ReceiveData  stm32f4xx_spi.o
    0x08001b9a   0x08001b9a   0x00000004   Code   RO         1751    i.SPI_I2S_SendData  stm32f4xx_spi.o
    0x08001b9e   0x08001b9e   0x00000038   Code   RO         1752    i.SPI_Init          stm32f4xx_spi.o
    0x08001bd6   0x08001bd6   0x00000002   PAD
    0x08001bd8   0x08001bd8   0x00000030   Code   RO         1900    i.SYSCFG_EXTILineConfig  stm32f4xx_syscfg.o
    0x08001c08   0x08001c08   0x0000001c   Code   RO         4869    i.Send_message      view.o
    0x08001c24   0x08001c24   0x000000b4   Code   RO          298    i.SetSysClock       system_stm32f4xx.o
    0x08001cd8   0x08001cd8   0x0000006c   Code   RO         4825    i.Setup_show        setupview.o
    0x08001d44   0x08001d44   0x00000018   Code   RO         4826    i.Setupview_create  setupview.o
    0x08001d5c   0x08001d5c   0x00000026   Code   RO         4827    i.Setupview_process  setupview.o
    0x08001d82   0x08001d82   0x00000002   PAD
    0x08001d84   0x08001d84   0x0000002c   Code   RO         5003    i.SysTick_Handler   port.o
    0x08001db0   0x08001db0   0x0000005c   Code   RO          300    i.SystemInit        system_stm32f4xx.o
    0x08001e0c   0x08001e0c   0x00000050   Code   RO         4828    i.Touch_process     setupview.o
    0x08001e5c   0x08001e5c   0x00000084   Code   RO         3213    i.USART1_IRQHandler  usart.o
    0x08001ee0   0x08001ee0   0x00000014   Code   RO         2504    i.USART_Cmd         stm32f4xx_usart.o
    0x08001ef4   0x08001ef4   0x0000000e   Code   RO         2507    i.USART_GetFlagStatus  stm32f4xx_usart.o
    0x08001f02   0x08001f02   0x0000003e   Code   RO         2508    i.USART_GetITStatus  stm32f4xx_usart.o
    0x08001f40   0x08001f40   0x00000030   Code   RO         2510    i.USART_ITConfig    stm32f4xx_usart.o
    0x08001f70   0x08001f70   0x000000ac   Code   RO         2511    i.USART_Init        stm32f4xx_usart.o
    0x0800201c   0x0800201c   0x00000008   Code   RO         2518    i.USART_ReceiveData  stm32f4xx_usart.o
    0x08002024   0x08002024   0x00000008   Code   RO         2521    i.USART_SendData    stm32f4xx_usart.o
    0x0800202c   0x0800202c   0x00000002   Code   RO          224    i.UsageFault_Handler  stm32f4xx_it.o
    0x0800202e   0x0800202e   0x00000016   Code   RO         3214    i.Usart_SendByte    usart.o
    0x08002044   0x08002044   0x00000026   Code   RO         3215    i.Usart_SendString  usart.o
    0x0800206a   0x0800206a   0x00000002   PAD
    0x0800206c   0x0800206c   0x0000001c   Code   RO         4870    i.View_create       view.o
    0x08002088   0x08002088   0x0000001c   Code   RO         4871    i.View_destroy      view.o
    0x080020a4   0x080020a4   0x00000006   Code   RO         4872    i.View_init         view.o
    0x080020aa   0x080020aa   0x00000002   PAD
    0x080020ac   0x080020ac   0x00000030   Code   RO         4873    i.View_switch       view.o
    0x080020dc   0x080020dc   0x0000004c   Code   RO         3812    i.W25QXX_Erase_Sector  w25q16.o
    0x08002128   0x08002128   0x0000005c   Code   RO         3813    i.W25QXX_Init       w25q16.o
    0x08002184   0x08002184   0x00000058   Code   RO         3815    i.W25QXX_Read       w25q16.o
    0x080021dc   0x080021dc   0x00000050   Code   RO         3816    i.W25QXX_ReadID     w25q16.o
    0x0800222c   0x0800222c   0x00000030   Code   RO         3817    i.W25QXX_ReadSR     w25q16.o
    0x0800225c   0x0800225c   0x0000000c   Code   RO         3819    i.W25QXX_Wait_Busy  w25q16.o
    0x08002268   0x08002268   0x00000028   Code   RO         3821    i.W25QXX_Write_Enable  w25q16.o
    0x08002290   0x08002290   0x0000003e   Code   RO         3822    i.W25QXX_Write_NoCheck  w25q16.o
    0x080022ce   0x080022ce   0x00000002   PAD
    0x080022d0   0x080022d0   0x00000060   Code   RO         3823    i.W25QXX_Write_Page  w25q16.o
    0x08002330   0x08002330   0x0000000c   Code   RO         2688    i.WWDG_ClearFlag    stm32f4xx_wwdg.o
    0x0800233c   0x0800233c   0x00000018   Code   RO         2689    i.WWDG_DeInit       stm32f4xx_wwdg.o
    0x08002354   0x08002354   0x00000020   Code   RO         3304    i.WWDG_IRQHandler   wwdg.o
    0x08002374   0x08002374   0x00000002   Code   RO         3216    i._sys_exit         usart.o
    0x08002376   0x08002376   0x0000000a   Code   RO         2946    i.delay_us          clk_timer.o
    0x08002380   0x08002380   0x00000026   Code   RO         4608    i.flash_service     flash_service.o
    0x080023a6   0x080023a6   0x00000002   PAD
    0x080023a8   0x080023a8   0x000000c4   Code   RO         3126    i.flash_spi_init    spi.o
    0x0800246c   0x0800246c   0x00000014   Code   RO         3218    i.fputc             usart.o
    0x08002480   0x08002480   0x00000040   Code   RO         3059    i.get_time          rtc.o
    0x080024c0   0x080024c0   0x00000068   Code   RO         2993    i.gpio_init         gpio.o
    0x08002528   0x08002528   0x0000000a   Code   RO         2994    i.gpio_out          gpio.o
    0x08002532   0x08002532   0x00000002   PAD
    0x08002534   0x08002534   0x00000070   Code   RO         4753    i.home_show         homeview.o
    0x080025a4   0x080025a4   0x0000003c   Code   RO         2995    i.io_interrupt_init  gpio.o
    0x080025e0   0x080025e0   0x0000008c   Code   RO         3660    i.key0_task         keyboard_driver.o
    0x0800266c   0x0800266c   0x0000008c   Code   RO         3661    i.key1_task         keyboard_driver.o
    0x080026f8   0x080026f8   0x00000044   Code   RO         3662    i.key_init          keyboard_driver.o
    0x0800273c   0x0800273c   0x00000084   Code   RO          336    i.keyboard_task     my_task.o
    0x080027c0   0x080027c0   0x000010c8   Code   RO         4403    i.lcd_soft_init     lcd.o
    0x08003888   0x08003888   0x00000014   Code   RO         4716    i.led_service       led_service.o
    0x0800389c   0x0800389c   0x00000094   Code   RO            5    i.main              main.o
    0x08003930   0x08003930   0x00000070   Code   RO         5425    i.prvAddCurrentTaskToDelayedList  tasks.o
    0x080039a0   0x080039a0   0x000000d0   Code   RO         5426    i.prvAddNewTaskToReadyList  tasks.o
    0x08003a70   0x08003a70   0x00000050   Code   RO         5738    i.prvCheckForValidListAndQueue  timers.o
    0x08003ac0   0x08003ac0   0x00000054   Code   RO         5427    i.prvCheckTasksWaitingTermination  tasks.o
    0x08003b14   0x08003b14   0x00000026   Code   RO         5250    i.prvCopyDataFromQueue  queue.o
    0x08003b3a   0x08003b3a   0x0000006c   Code   RO         5251    i.prvCopyDataToQueue  queue.o
    0x08003ba6   0x08003ba6   0x00000014   Code   RO         5428    i.prvDeleteTCB      tasks.o
    0x08003bba   0x08003bba   0x00000002   PAD
    0x08003bbc   0x08003bbc   0x0000004c   Code   RO         4932    i.prvHeapInit       heap_4.o
    0x08003c08   0x08003c08   0x00000028   Code   RO         5429    i.prvIdleTask       tasks.o
    0x08003c30   0x08003c30   0x000000b8   Code   RO         5430    i.prvInitialiseNewTask  tasks.o
    0x08003ce8   0x08003ce8   0x0000004c   Code   RO         4933    i.prvInsertBlockIntoFreeList  heap_4.o
    0x08003d34   0x08003d34   0x00000038   Code   RO         5739    i.prvInsertTimerInActiveList  timers.o
    0x08003d6c   0x08003d6c   0x0000001a   Code   RO         5252    i.prvIsQueueEmpty   queue.o
    0x08003d86   0x08003d86   0x00000002   PAD
    0x08003d88   0x08003d88   0x00000060   Code   RO         5740    i.prvProcessExpiredTimer  timers.o
    0x08003de8   0x08003de8   0x000000e8   Code   RO         5741    i.prvProcessReceivedCommands  timers.o
    0x08003ed0   0x08003ed0   0x0000006c   Code   RO         5742    i.prvProcessTimerOrBlockTask  timers.o
    0x08003f3c   0x08003f3c   0x00000020   Code   RO         5431    i.prvResetNextTaskUnblockTime  tasks.o
    0x08003f5c   0x08003f5c   0x00000028   Code   RO         5743    i.prvSampleTimeNow  timers.o
    0x08003f84   0x08003f84   0x0000006c   Code   RO         5744    i.prvSwitchTimerLists  timers.o
    0x08003ff0   0x08003ff0   0x00000050   Code   RO         5004    i.prvTaskExitError  port.o
    0x08004040   0x08004040   0x00000028   Code   RO         5745    i.prvTimerTask      timers.o
    0x08004068   0x08004068   0x0000006a   Code   RO         5253    i.prvUnlockQueue    queue.o
    0x080040d2   0x080040d2   0x00000002   PAD
    0x080040d4   0x080040d4   0x00000104   Code   RO         4934    i.pvPortMalloc      heap_4.o
    0x080041d8   0x080041d8   0x00000018   Code   RO         5433    i.pvTaskIncrementMutexHeldCount  tasks.o
    0x080041f0   0x080041f0   0x0000002c   Code   RO         5005    i.pxPortInitialiseStack  port.o
    0x0800421c   0x0800421c   0x00000088   Code   RO         3060    i.rtc_init          rtc.o
    0x080042a4   0x080042a4   0x0000001e   Code   RO         4631    i.rtc_service       rtc_service.o
    0x080042c2   0x080042c2   0x00000020   Code   RO         3061    i.set_time          rtc.o
    0x080042e2   0x080042e2   0x00000002   PAD
    0x080042e4   0x080042e4   0x0000004c   Code   RO         4584    i.submit_service    service.o
    0x08004330   0x08004330   0x00000024   Code   RO         5205    i.uxListRemove      list.o
    0x08004354   0x08004354   0x00000016   Code   RO         5206    i.vListInitialise   list.o
    0x0800436a   0x0800436a   0x00000006   Code   RO         5207    i.vListInitialiseItem  list.o
    0x08004370   0x08004370   0x00000030   Code   RO         5208    i.vListInsert       list.o
    0x080043a0   0x080043a0   0x00000018   Code   RO         5209    i.vListInsertEnd    list.o
    0x080043b8   0x080043b8   0x00000064   Code   RO         5007    i.vPortEnterCritical  port.o
    0x0800441c   0x0800441c   0x00000050   Code   RO         5008    i.vPortExitCritical  port.o
    0x0800446c   0x0800446c   0x00000090   Code   RO         4935    i.vPortFree         heap_4.o
    0x080044fc   0x080044fc   0x00000020   Code   RO         5009    i.vPortSetupTimerInterrupt  port.o
    0x0800451c   0x0800451c   0x00000078   Code   RO         5010    i.vPortValidateInterruptPriority  port.o
    0x08004594   0x08004594   0x00000024   Code   RO         5257    i.vQueueAddToRegistry  queue.o
    0x080045b8   0x080045b8   0x00000044   Code   RO         5260    i.vQueueWaitForMessageRestricted  queue.o
    0x080045fc   0x080045fc   0x00000070   Code   RO         5439    i.vTaskDelay        tasks.o
    0x0800466c   0x0800466c   0x000000d0   Code   RO         5441    i.vTaskDelete       tasks.o
    0x0800473c   0x0800473c   0x0000000c   Code   RO         5443    i.vTaskMissedYield  tasks.o
    0x08004748   0x08004748   0x00000058   Code   RO         5445    i.vTaskPlaceOnEventList  tasks.o
    0x080047a0   0x080047a0   0x00000060   Code   RO         5446    i.vTaskPlaceOnEventListRestricted  tasks.o
    0x08004800   0x08004800   0x00000084   Code   RO         5448    i.vTaskPriorityInherit  tasks.o
    0x08004884   0x08004884   0x0000004c   Code   RO         5451    i.vTaskSetTimeOutState  tasks.o
    0x080048d0   0x080048d0   0x00000098   Code   RO         5452    i.vTaskStartScheduler  tasks.o
    0x08004968   0x08004968   0x00000010   Code   RO         5454    i.vTaskSuspendAll   tasks.o
    0x08004978   0x08004978   0x00000080   Code   RO         5455    i.vTaskSwitchContext  tasks.o
    0x080049f8   0x080049f8   0x00000100   Code   RO         5011    i.xPortStartScheduler  port.o
    0x08004af8   0x08004af8   0x0000006c   Code   RO         5263    i.xQueueGenericCreate  queue.o
    0x08004b64   0x08004b64   0x00000188   Code   RO         5264    i.xQueueGenericReceive  queue.o
    0x08004cec   0x08004cec   0x000000ac   Code   RO         5265    i.xQueueGenericReset  queue.o
    0x08004d98   0x08004d98   0x00000178   Code   RO         5266    i.xQueueGenericSend  queue.o
    0x08004f10   0x08004f10   0x000000d8   Code   RO         5267    i.xQueueGenericSendFromISR  queue.o
    0x08004fe8   0x08004fe8   0x0000008c   Code   RO         5456    i.xTaskCheckForTimeOut  tasks.o
    0x08005074   0x08005074   0x00000056   Code   RO         5457    i.xTaskCreate       tasks.o
    0x080050ca   0x080050ca   0x00000002   PAD
    0x080050cc   0x080050cc   0x0000001c   Code   RO         5461    i.xTaskGetSchedulerState  tasks.o
    0x080050e8   0x080050e8   0x0000000c   Code   RO         5462    i.xTaskGetTickCount  tasks.o
    0x080050f4   0x080050f4   0x000000ec   Code   RO         5464    i.xTaskIncrementTick  tasks.o
    0x080051e0   0x080051e0   0x000000b8   Code   RO         5467    i.xTaskPriorityDisinherit  tasks.o
    0x08005298   0x08005298   0x00000098   Code   RO         5468    i.xTaskRemoveFromEventList  tasks.o
    0x08005330   0x08005330   0x000000e8   Code   RO         5470    i.xTaskResumeAll    tasks.o
    0x08005418   0x08005418   0x00000078   Code   RO         5748    i.xTimerCreate      timers.o
    0x08005490   0x08005490   0x00000078   Code   RO         5749    i.xTimerCreateTimerTask  timers.o
    0x08005508   0x08005508   0x00000090   Code   RO         5750    i.xTimerGenericCommand  timers.o
    0x08005598   0x08005598   0x0000000a   Code   RO         6069    x$fpl$fpinit        fz_wm.l(fpinit.o)
    0x080055a2   0x080055a2   0x000017c0   Data   RO         4406    .constdata          lcd.o
    0x08006d62   0x08006d62   0x00000002   PAD
    0x08006d64   0x08006d64   0x00000020   Data   RO         4754    .constdata          homeview.o
    0x08006d84   0x08006d84   0x00000010   Data   RO         4791    .constdata          popout.o
    0x08006d94   0x08006d94   0x00000020   Data   RO         4829    .constdata          setupview.o
    0x08006db4   0x08006db4   0x0000000c   Data   RO         4876    .constdata          view.o
    0x08006dc0   0x08006dc0   0x00000028   Data   RO         5872    .constdata          c_w.l(_printf_hex_int.o)
    0x08006de8   0x08006de8   0x00000020   Data   RO         6125    Region$$Table       anon$$obj.o


    Execution Region RW_IRAM1 (Exec base: 0x20000000, Load base: 0x08006e08, Size: 0x0000abf8, Max: 0x00020000, ABSOLUTE)

    Exec Addr    Load Addr    Size         Type   Attr      Idx    E Section Name        Object

    0x20000000   0x08006e08   0x00000004   Data   RW            6    .data               main.o
    0x20000004   0x08006e0c   0x00000014   Data   RW          301    .data               system_stm32f4xx.o
    0x20000018   0x08006e20   0x00000010   Data   RW          337    .data               my_task.o
    0x20000028   0x08006e30   0x00000010   Data   RW         1036    .data               stm32f4xx_rcc.o
    0x20000038   0x08006e40   0x00000008   Data   RW         2997    .data               gpio.o
    0x20000040   0x08006e48   0x00000004   Data   RW         3225    .data               usart.o
    0x20000044   0x08006e4c   0x00000010   Data   RW         3372    .data               sdio_sdcard.o
    0x20000054   0x08006e5c   0x00000006   Data   RW         3663    .data               keyboard_driver.o
    0x2000005a   0x08006e62   0x00000002   Data   RW         3825    .data               w25q16.o
    0x2000005c   0x08006e64   0x00000004   Data   RW         4407    .data               lcd.o
    0x20000060   0x08006e68   0x00000010   Data   RW         4585    .data               service.o
    0x20000070   0x08006e78   0x00000008   Data   RW         4877    .data               view.o
    0x20000078   0x08006e80   0x00000018   Data   RW         4940    .data               heap_4.o
    0x20000090   0x08006e98   0x0000000c   Data   RW         5012    .data               port.o
    0x2000009c   0x08006ea4   0x0000003c   Data   RW         5473    .data               tasks.o
    0x200000d8   0x08006ee0   0x00000014   Data   RW         5756    .data               timers.o
    0x200000ec        -       0x00000018   Zero   RW         2996    .bss                gpio.o
    0x20000104        -       0x00000048   Zero   RW         3224    .bss                usart.o
    0x2000014c   0x08006ef4   0x00000004   PAD
    0x20000150        -       0x000002c0   Zero   RW         3371    .bss                sdio_sdcard.o
    0x20000410        -       0x0000000e   Zero   RW         4405    .bss                lcd.o
    0x2000041e        -       0x00001000   Zero   RW         4609    .bss                flash_service.o
    0x2000141e   0x08006ef4   0x00000002   PAD
    0x20001420        -       0x0000000c   Zero   RW         4875    .bss                view.o
    0x2000142c        -       0x00009000   Zero   RW         4939    .bss                heap_4.o
    0x2000a42c        -       0x00000040   Zero   RW         5275    .bss                queue.o
    0x2000a46c        -       0x00000104   Zero   RW         5472    .bss                tasks.o
    0x2000a570        -       0x00000028   Zero   RW         5755    .bss                timers.o
    0x2000a598        -       0x00000060   Zero   RW         6001    .bss                c_w.l(libspace.o)
    0x2000a5f8        -       0x00000200   Zero   RW          371    HEAP                startup_stm32f40_41xxx.o
    0x2000a7f8        -       0x00000400   Zero   RW          370    STACK               startup_stm32f40_41xxx.o


==============================================================================

Image component sizes


      Code (inc. data)   RO Data    RW Data    ZI Data      Debug   Object Name

        10          0          0          0          0        455   clk_timer.o
         0          0          0          0          0      10228   event_groups.o
       194          6          0          0       4096       2626   flash_service.o
       242         42          0          8         24       4104   gpio.o
       556        112          0         24      36864       5363   heap_4.o
       236         24         32          0          0       2457   homeview.o
       348        114          0          6          0       2543   keyboard_driver.o
      5592        144       6080          4         14      15053   lcd.o
       102          0          0          0          0       2471   led_package.o
        88         16          0          0          0       2014   led_service.o
       136          0          0          0          0       3122   list.o
       218         72          0          4          0     319528   main.o
       120         14          0          0          0     232927   misc.o
         0          0          0          0          0        580   mon.o
       264        120          0         16          0       1772   my_task.o
       168         22         16          0          0       2399   popout.o
       938        282          0         12          0      10197   port.o
      1646        218          0          0         64      14617   queue.o
       424         38          0          0          0       4530   rtc.o
        30          0          0          0          0        914   rtc_service.o
       336         20          0         16        704      11878   sdio_sdcard.o
        76         42          0         16          0       1540   service.o
       250         22         32          0          0       2948   setupview.o
       248         16          0          0          0       2848   spi.o
        64         26        392          0       1536        824   startup_stm32f40_41xxx.o
       124         10          0          0          0       1497   stm32f4xx_exti.o
       232          6          0          0          0       1825   stm32f4xx_fsmc.o
       174          0          0          0          0       3419   stm32f4xx_gpio.o
        12          0          0          0          0       2581   stm32f4xx_it.o
        12          6          0          0          0        510   stm32f4xx_pwr.o
       452         80          0         16          0       9262   stm32f4xx_rcc.o
        48         10          0          0          0       1114   stm32f4xx_rng.o
       838         84          0          0          0       9706   stm32f4xx_rtc.o
        72         14          0          0          0       3445   stm32f4xx_sdio.o
        98          0          0          0          0       3394   stm32f4xx_spi.o
        48          6          0          0          0        652   stm32f4xx_syscfg.o
       332          8          0          0          0       5501   stm32f4xx_usart.o
        36          4          0          0          0        959   stm32f4xx_wwdg.o
       100         32          0          0          0        607   sys.o
       272         36          0         20          0       1689   system_stm32f4xx.o
      2794        712          0         60        260      29187   tasks.o
      1144        276          0         20         40       9686   timers.o
       386         34          0          4         72       5600   usart.o
       138         30         12          8         12       3232   view.o
       594         64          0          2          0       5924   w25q16.o
        32         16          0          0          0        454   wwdg.o

    ----------------------------------------------------------------------
     20256       2778       6598        236      43692     758182   Object Totals
         0          0         32          0          0          0   (incl. Generated)
        32          0          2          0          6          0   (incl. Padding)

    ----------------------------------------------------------------------

      Code (inc. data)   RO Data    RW Data    ZI Data      Debug   Library Member Name

         8          0          0          0          0         68   __main.o
       104          0          0          0          0         84   __printf.o
         0          0          0          0          0          0   __rtentry.o
        12          0          0          0          0          0   __rtentry2.o
         6          0          0          0          0          0   __rtentry4.o
        52          8          0          0          0          0   __scatter.o
        26          0          0          0          0          0   __scatter_copy.o
        28          0          0          0          0          0   __scatter_zi.o
        44          0          0          0          0        108   _printf_char.o
        48          6          0          0          0         96   _printf_char_common.o
        36          4          0          0          0         80   _printf_char_file.o
         6          0          0          0          0          0   _printf_d.o
       120         16          0          0          0         92   _printf_dec.o
        88          4         40          0          0         88   _printf_hex_int.o
       178          0          0          0          0         88   _printf_intcommon.o
         0          0          0          0          0          0   _printf_percent.o
         4          0          0          0          0          0   _printf_percent_end.o
         6          0          0          0          0          0   _printf_s.o
        82          0          0          0          0         80   _printf_str.o
         6          0          0          0          0          0   _printf_x.o
        18          0          0          0          0         80   exit.o
         8          0          0          0          0         68   ferror.o
         6          0          0          0          0        152   heapauxi.o
         2          0          0          0          0          0   libinit.o
         6          0          0          0          0          0   libinit2.o
         2          0          0          0          0          0   libshutdown.o
         2          0          0          0          0          0   libshutdown2.o
         8          4          0          0         96         68   libspace.o
        24          4          0          0          0         84   noretval__2printf.o
       138          0          0          0          0         68   rt_memcpy_v6.o
       100          0          0          0          0         80   rt_memcpy_w.o
         2          0          0          0          0          0   rtexit.o
        10          0          0          0          0          0   rtexit2.o
        74          0          0          0          0         80   sys_stackheap_outer.o
         2          0          0          0          0         68   use_no_semi.o
         2          0          0          0          0         68   use_no_semi_2.o
        10          0          0          0          0        116   fpinit.o

    ----------------------------------------------------------------------
      1274         46         40          0         96       1716   Library Totals
         6          0          0          0          0          0   (incl. Padding)

    ----------------------------------------------------------------------

      Code (inc. data)   RO Data    RW Data    ZI Data      Debug   Library Name

      1258         46         40          0         96       1600   c_w.l
        10          0          0          0          0        116   fz_wm.l

    ----------------------------------------------------------------------
      1274         46         40          0         96       1716   Library Totals

    ----------------------------------------------------------------------

==============================================================================


      Code (inc. data)   RO Data    RW Data    ZI Data      Debug   

     21530       2824       6638        236      43788     738718   Grand Totals
     21530       2824       6638        236      43788     738718   ELF Image Totals
     21530       2824       6638        236          0          0   ROM Totals

==============================================================================

    Total RO  Size (Code + RO Data)                28168 (  27.51kB)
    Total RW  Size (RW Data + ZI Data)             44024 (  42.99kB)
    Total ROM Size (Code + RO Data + RW Data)      28404 (  27.74kB)

==============================================================================

